Archive member included to satisfy reference by file (symbol)

/Applications/STM32CubeIDE.app/Contents/Eclipse/plugins/com.st.stm32cube.ide.mcu.externaltools.gnu-tools-for-stm32.14.3.rel1.macosaarch64_1.0.0.202602081740/tools/bin/../lib/gcc/arm-none-eabi/14.3.1/../../../../arm-none-eabi/lib/thumb/v7e-m+fp/hard/libc_nano.a(libc_a-exit.o)
                              /Applications/STM32CubeIDE.app/Contents/Eclipse/plugins/com.st.stm32cube.ide.mcu.externaltools.gnu-tools-for-stm32.14.3.rel1.macosaarch64_1.0.0.202602081740/tools/bin/../lib/gcc/arm-none-eabi/14.3.1/../../../../arm-none-eabi/lib/thumb/v7e-m+fp/hard/crt0.o (exit)
/Applications/STM32CubeIDE.app/Contents/Eclipse/plugins/com.st.stm32cube.ide.mcu.externaltools.gnu-tools-for-stm32.14.3.rel1.macosaarch64_1.0.0.202602081740/tools/bin/../lib/gcc/arm-none-eabi/14.3.1/../../../../arm-none-eabi/lib/thumb/v7e-m+fp/hard/libc_nano.a(libc_a-findfp.o)
                              /Applications/STM32CubeIDE.app/Contents/Eclipse/plugins/com.st.stm32cube.ide.mcu.externaltools.gnu-tools-for-stm32.14.3.rel1.macosaarch64_1.0.0.202602081740/tools/bin/../lib/gcc/arm-none-eabi/14.3.1/../../../../arm-none-eabi/lib/thumb/v7e-m+fp/hard/libc_nano.a(libc_a-exit.o) (__stdio_exit_handler)
/Applications/STM32CubeIDE.app/Contents/Eclipse/plugins/com.st.stm32cube.ide.mcu.externaltools.gnu-tools-for-stm32.14.3.rel1.macosaarch64_1.0.0.202602081740/tools/bin/../lib/gcc/arm-none-eabi/14.3.1/../../../../arm-none-eabi/lib/thumb/v7e-m+fp/hard/libc_nano.a(libc_a-fwalk.o)
                              /Applications/STM32CubeIDE.app/Contents/Eclipse/plugins/com.st.stm32cube.ide.mcu.externaltools.gnu-tools-for-stm32.14.3.rel1.macosaarch64_1.0.0.202602081740/tools/bin/../lib/gcc/arm-none-eabi/14.3.1/../../../../arm-none-eabi/lib/thumb/v7e-m+fp/hard/libc_nano.a(libc_a-findfp.o) (_fwalk_sglue)
/Applications/STM32CubeIDE.app/Contents/Eclipse/plugins/com.st.stm32cube.ide.mcu.externaltools.gnu-tools-for-stm32.14.3.rel1.macosaarch64_1.0.0.202602081740/tools/bin/../lib/gcc/arm-none-eabi/14.3.1/../../../../arm-none-eabi/lib/thumb/v7e-m+fp/hard/libc_nano.a(libc_a-memset.o)
                              /Applications/STM32CubeIDE.app/Contents/Eclipse/plugins/com.st.stm32cube.ide.mcu.externaltools.gnu-tools-for-stm32.14.3.rel1.macosaarch64_1.0.0.202602081740/tools/bin/../lib/gcc/arm-none-eabi/14.3.1/../../../../arm-none-eabi/lib/thumb/v7e-m+fp/hard/crt0.o (memset)
/Applications/STM32CubeIDE.app/Contents/Eclipse/plugins/com.st.stm32cube.ide.mcu.externaltools.gnu-tools-for-stm32.14.3.rel1.macosaarch64_1.0.0.202602081740/tools/bin/../lib/gcc/arm-none-eabi/14.3.1/../../../../arm-none-eabi/lib/thumb/v7e-m+fp/hard/libc_nano.a(libc_a-errno.o)
                              ./Core/Src/syscalls.o (__errno)
/Applications/STM32CubeIDE.app/Contents/Eclipse/plugins/com.st.stm32cube.ide.mcu.externaltools.gnu-tools-for-stm32.14.3.rel1.macosaarch64_1.0.0.202602081740/tools/bin/../lib/gcc/arm-none-eabi/14.3.1/../../../../arm-none-eabi/lib/thumb/v7e-m+fp/hard/libc_nano.a(libc_a-init.o)
                              /Applications/STM32CubeIDE.app/Contents/Eclipse/plugins/com.st.stm32cube.ide.mcu.externaltools.gnu-tools-for-stm32.14.3.rel1.macosaarch64_1.0.0.202602081740/tools/bin/../lib/gcc/arm-none-eabi/14.3.1/../../../../arm-none-eabi/lib/thumb/v7e-m+fp/hard/crt0.o (__libc_init_array)
/Applications/STM32CubeIDE.app/Contents/Eclipse/plugins/com.st.stm32cube.ide.mcu.externaltools.gnu-tools-for-stm32.14.3.rel1.macosaarch64_1.0.0.202602081740/tools/bin/../lib/gcc/arm-none-eabi/14.3.1/../../../../arm-none-eabi/lib/thumb/v7e-m+fp/hard/libc_nano.a(libc_a-lock.o)
                              /Applications/STM32CubeIDE.app/Contents/Eclipse/plugins/com.st.stm32cube.ide.mcu.externaltools.gnu-tools-for-stm32.14.3.rel1.macosaarch64_1.0.0.202602081740/tools/bin/../lib/gcc/arm-none-eabi/14.3.1/../../../../arm-none-eabi/lib/thumb/v7e-m+fp/hard/libc_nano.a(libc_a-findfp.o) (__retarget_lock_init_recursive)
/Applications/STM32CubeIDE.app/Contents/Eclipse/plugins/com.st.stm32cube.ide.mcu.externaltools.gnu-tools-for-stm32.14.3.rel1.macosaarch64_1.0.0.202602081740/tools/bin/../lib/gcc/arm-none-eabi/14.3.1/../../../../arm-none-eabi/lib/thumb/v7e-m+fp/hard/libc_nano.a(libc_a-impure.o)
                              /Applications/STM32CubeIDE.app/Contents/Eclipse/plugins/com.st.stm32cube.ide.mcu.externaltools.gnu-tools-for-stm32.14.3.rel1.macosaarch64_1.0.0.202602081740/tools/bin/../lib/gcc/arm-none-eabi/14.3.1/../../../../arm-none-eabi/lib/thumb/v7e-m+fp/hard/libc_nano.a(libc_a-errno.o) (_impure_ptr)
/Applications/STM32CubeIDE.app/Contents/Eclipse/plugins/com.st.stm32cube.ide.mcu.externaltools.gnu-tools-for-stm32.14.3.rel1.macosaarch64_1.0.0.202602081740/tools/bin/../lib/gcc/arm-none-eabi/14.3.1/../../../../arm-none-eabi/lib/thumb/v7e-m+fp/hard/libc_nano.a(libc_a-strcmp.o)
                              ./Core/Src/BNO085/shtp.o (strcmp)
[...]
Memory Configuration

Name             Origin             Length             Attributes
RAM              0x20000000         0x00008000         xrw
FLASH            0x08000000         0x00020000         xr
*default*        0x00000000         0xffffffff

Linker script and memory map

LOAD /Applications/STM32CubeIDE.app/Contents/Eclipse/plugins/com.st.stm32cube.ide.mcu.externaltools.gnu-tools-for-stm32.14.3.rel1.macosaarch64_1.0.0.202602081740/tools/bin/../lib/gcc/arm-none-eabi/14.3.1/thumb/v7e-m+fp/hard/crti.o
LOAD /Applications/STM32CubeIDE.app/Contents/Eclipse/plugins/com.st.stm32cube.ide.mcu.externaltools.gnu-tools-for-stm32.14.3.rel1.macosaarch64_1.0.0.202602081740/tools/bin/../lib/gcc/arm-none-eabi/14.3.1/thumb/v7e-m+fp/hard/crtbegin.o
LOAD /Applications/STM32CubeIDE.app/Contents/Eclipse/plugins/com.st.stm32cube.ide.mcu.externaltools.gnu-tools-for-stm32.14.3.rel1.macosaarch64_1.0.0.202602081740/tools/bin/../lib/gcc/arm-none-eabi/14.3.1/../../../../arm-none-eabi/lib/thumb/v7e-m+fp/hard/crt0.o
LOAD ./Core/Src/BNO085/ceva_bno085.o
LOAD ./Core/Src/BNO085/sh2.o
LOAD ./Core/Src/BNO085/sh2_SensorValue.o
LOAD ./Core/Src/BNO085/sh2_util.o
LOAD ./Core/Src/BNO085/shtp.o
LOAD ./Core/Src/main.o
LOAD ./Core/Src/stm32g4xx_hal_msp.o
LOAD ./Core/Src/stm32g4xx_it.o
LOAD ./Core/Src/syscalls.o
LOAD ./Core/Src/sysmem.o
LOAD ./Core/Src/system_stm32g4xx.o
LOAD ./Core/Startup/startup_stm32g431rbtx.o
LOAD ./Drivers/BSP/STM32G4xx_Nucleo/stm32g4xx_nucleo.o
LOAD ./Drivers/STM32G4xx_HAL_Driver/Src/stm32g4xx_hal.o
LOAD ./Drivers/STM32G4xx_HAL_Driver/Src/stm32g4xx_hal_cortex.o
LOAD ./Drivers/STM32G4xx_HAL_Driver/Src/stm32g4xx_hal_dma.o
LOAD ./Drivers/STM32G4xx_HAL_Driver/Src/stm32g4xx_hal_dma_ex.o
LOAD ./Drivers/STM32G4xx_HAL_Driver/Src/stm32g4xx_hal_exti.o
LOAD ./Drivers/STM32G4xx_HAL_Driver/Src/stm32g4xx_hal_fdcan.o
LOAD ./Drivers/STM32G4xx_HAL_Driver/Src/stm32g4xx_hal_flash.o
LOAD ./Drivers/STM32G4xx_HAL_Driver/Src/stm32g4xx_hal_flash_ex.o
LOAD ./Drivers/STM32G4xx_HAL_Driver/Src/stm32g4xx_hal_flash_ramfunc.o
LOAD ./Drivers/STM32G4xx_HAL_Driver/Src/stm32g4xx_hal_gpio.o
LOAD ./Drivers/STM32G4xx_HAL_Driver/Src/stm32g4xx_hal_pwr.o
LOAD ./Drivers/STM32G4xx_HAL_Driver/Src/stm32g4xx_hal_pwr_ex.o
LOAD ./Drivers/STM32G4xx_HAL_Driver/Src/stm32g4xx_hal_rcc.o
LOAD ./Drivers/STM32G4xx_HAL_Driver/Src/stm32g4xx_hal_rcc_ex.o
LOAD ./Drivers/STM32G4xx_HAL_Driver/Src/stm32g4xx_hal_spi.o
LOAD ./Drivers/STM32G4xx_HAL_Driver/Src/stm32g4xx_hal_spi_ex.o
LOAD ./Drivers/STM32G4xx_HAL_Driver/Src/stm32g4xx_hal_uart.o
LOAD ./Drivers/STM32G4xx_HAL_Driver/Src/stm32g4xx_hal_uart_ex.o
LOAD ./Drivers/STM32G4xx_HAL_Driver/Src/stm32g4xx_hal_usart.o
LOAD ./Drivers/STM32G4xx_HAL_Driver/Src/stm32g4xx_hal_usart_ex.o
START GROUP
LOAD /Applications/STM32CubeIDE.app/Contents/Eclipse/plugins/com.st.stm32cube.ide.mcu.externaltools.gnu-tools-for-stm32.14.3.rel1.macosaarch64_1.0.0.202602081740/tools/bin/../lib/gcc/arm-none-eabi/14.3.1/../../../../arm-none-eabi/lib/thumb/v7e-m+fp/hard/libc_nano.a
LOAD /Applications/STM32CubeIDE.app/Contents/Eclipse/plugins/com.st.stm32cube.ide.mcu.externaltools.gnu-tools-for-stm32.14.3.rel1.macosaarch64_1.0.0.202602081740/tools/bin/../lib/gcc/arm-none-eabi/14.3.1/../../../../arm-none-eabi/lib/thumb/v7e-m+fp/hard/libm.a
END GROUP
START GROUP
LOAD /Applications/STM32CubeIDE.app/Contents/Eclipse/plugins/com.st.stm32cube.ide.mcu.externaltools.gnu-tools-for-stm32.14.3.rel1.macosaarch64_1.0.0.202602081740/tools/bin/../lib/gcc/arm-none-eabi/14.3.1/thumb/v7e-m+fp/hard/libgcc.a
LOAD /Applications/STM32CubeIDE.app/Contents/Eclipse/plugins/com.st.stm32cube.ide.mcu.externaltools.gnu-tools-for-stm32.14.3.rel1.macosaarch64_1.0.0.202602081740/tools/bin/../lib/gcc/arm-none-eabi/14.3.1/../../../../arm-none-eabi/lib/thumb/v7e-m+fp/hard/libc_nano.a
END GROUP
START GROUP
LOAD /Applications/STM32CubeIDE.app/Contents/Eclipse/plugins/com.st.stm32cube.ide.mcu.externaltools.gnu-tools-for-stm32.14.3.rel1.macosaarch64_1.0.0.202602081740/tools/bin/../lib/gcc/arm-none-eabi/14.3.1/thumb/v7e-m+fp/hard/libgcc.a
LOAD /Applications/STM32CubeIDE.app/Contents/Eclipse/plugins/com.st.stm32cube.ide.mcu.externaltools.gnu-tools-for-stm32.14.3.rel1.macosaarch64_1.0.0.202602081740/tools/bin/../lib/gcc/arm-none-eabi/14.3.1/../../../../arm-none-eabi/lib/thumb/v7e-m+fp/hard/libc_nano.a
LOAD /Applications/STM32CubeIDE.app/Contents/Eclipse/plugins/com.st.stm32cube.ide.mcu.externaltools.gnu-tools-for-stm32.14.3.rel1.macosaarch64_1.0.0.202602081740/tools/bin/../lib/gcc/arm-none-eabi/14.3.1/../../../../arm-none-eabi/lib/thumb/v7e-m+fp/hard/libnosys.a
END GROUP
START GROUP
LOAD /Applications/STM32CubeIDE.app/Contents/Eclipse/plugins/com.st.stm32cube.ide.mcu.externaltools.gnu-tools-for-stm32.14.3.rel1.macosaarch64_1.0.0.202602081740/tools/bin/../lib/gcc/arm-none-eabi/14.3.1/thumb/v7e-m+fp/hard/libgcc.a
LOAD /Applications/STM32CubeIDE.app/Contents/Eclipse/plugins/com.st.stm32cube.ide.mcu.externaltools.gnu-tools-for-stm32.14.3.rel1.macosaarch64_1.0.0.202602081740/tools/bin/../lib/gcc/arm-none-eabi/14.3.1/../../../../arm-none-eabi/lib/thumb/v7e-m+fp/hard/libc_nano.a
LOAD /Applications/STM32CubeIDE.app/Contents/Eclipse/plugins/com.st.stm32cube.ide.mcu.externaltools.gnu-tools-for-stm32.14.3.rel1.macosaarch64_1.0.0.202602081740/tools/bin/../lib/gcc/arm-none-eabi/14.3.1/../../../../arm-none-eabi/lib/thumb/v7e-m+fp/hard/libnosys.a
END GROUP
LOAD /Applications/STM32CubeIDE.app/Contents/Eclipse/plugins/com.st.stm32cube.ide.mcu.externaltools.gnu-tools-for-stm32.14.3.rel1.macosaarch64_1.0.0.202602081740/tools/bin/../lib/gcc/arm-none-eabi/14.3.1/thumb/v7e-m+fp/hard/crtend.o
LOAD /Applications/STM32CubeIDE.app/Contents/Eclipse/plugins/com.st.stm32cube.ide.mcu.externaltools.gnu-tools-for-stm32.14.3.rel1.macosaarch64_1.0.0.202602081740/tools/bin/../lib/gcc/arm-none-eabi/14.3.1/thumb/v7e-m+fp/hard/crtn.o
                0x20008000                        _estack = (ORIGIN (RAM) + LENGTH (RAM))
                0x00000800                        _Min_Heap_Size = 0x800
                0x00001000                        _Min_Stack_Size = 0x1000

.isr_vector     0x08000000      0x1d8
                0x08000000                        . = ALIGN (0x4)
 *(.isr_vector)
 .isr_vector    0x08000000      0x1d8 ./Core/Startup/startup_stm32g431rbtx.o
                0x08000000                g_pfnVectors
                0x080001d8                        . = ALIGN (0x4)

.text           0x080001d8     0x7570
                0x080001d8                        . = ALIGN (0x4)
 *(.text)
 .text          0x080001d8       0x40 /Applications/STM32CubeIDE.app/Contents/Eclipse/plugins/com.st.stm32cube.ide.mcu.externaltools.gnu-tools-for-stm32.14.3.rel1.macosaarch64_1.0.0.202602081740/tools/bin/../lib/gcc/arm-none-eabi/14.3.1/thumb/v7e-m+fp/hard/crtbegin.o
 .text          0x08000218       0x14 /Applications/STM32CubeIDE.app/Contents/Eclipse/plugins/com.st.stm32cube.ide.mcu.externaltools.gnu-tools-for-stm32.14.3.rel1.macosaarch64_1.0.0.202602081740/tools/bin/../lib/gcc/arm-none-eabi/14.3.1/../../../../arm-none-eabi/lib/thumb/v7e-m+fp/hard/libc_nano.a(libc_a-strcmp.o)
                0x08000218                strcmp
 .text          0x0800022c       0x10 /Applications/STM32CubeIDE.app/Contents/Eclipse/plugins/com.st.stm32cube.ide.mcu.externaltools.gnu-tools-for-stm32.14.3.rel1.macosaarch64_1.0.0.202602081740/tools/bin/../lib/gcc/arm-none-eabi/14.3.1/../../../../arm-none-eabi/lib/thumb/v7e-m+fp/hard/libc_nano.a(libc_a-strlen.o)
                0x0800022c                strlen
 .text          0x0800023c       0x30 /Applications/STM32CubeIDE.app/Contents/Eclipse/plugins/com.st.stm32cube.ide.mcu.externaltools.gnu-tools-for-stm32.14.3.rel1.macosaarch64_1.0.0.202602081740/tools/bin/../lib/gcc/arm-none-eabi/14.3.1/thumb/v7e-m+fp/hard/libgcc.a(_aeabi_uldivmod.o)
                0x0800023c                __aeabi_uldivmod
 .text          0x0800026c      0x2f8 /Applications/STM32CubeIDE.app/Contents/Eclipse/plugins/com.st.stm32cube.ide.mcu.externaltools.gnu-tools-for-stm32.14.3.rel1.macosaarch64_1.0.0.202602081740/tools/bin/../lib/gcc/arm-none-eabi/14.3.1/thumb/v7e-m+fp/hard/libgcc.a(_udivmoddi4.o)
                0x0800026c                __udivmoddi4
 .text          0x08000564        0x4 /Applications/STM32CubeIDE.app/Contents/Eclipse/plugins/com.st.stm32cube.ide.mcu.externaltools.gnu-tools-for-stm32.14.3.rel1.macosaarch64_1.0.0.202602081740/tools/bin/../lib/gcc/arm-none-eabi/14.3.1/thumb/v7e-m+fp/hard/libgcc.a(_dvmd_tls.o)
                0x08000564                __aeabi_ldiv0
                0x08000564                __aeabi_idiv0
 *(.text*)
 .text.csn      0x08000568       0x24 ./Core/Src/BNO085/ceva_bno085.o
 .text.rstn     0x0800058c       0x24 ./Core/Src/BNO085/ceva_bno085.o
 .text.time_us  0x080005b0       0x16 ./Core/Src/BNO085/ceva_bno085.o
 *fill*         0x080005c6        0x2 
 .text.int_asserted
                0x080005c8       0x24 ./Core/Src/BNO085/ceva_bno085.o
 .text.update_io_debug
                0x080005ec       0x44 ./Core/Src/BNO085/ceva_bno085.o
 .text.wait_for_int
                0x08000630       0x54 ./Core/Src/BNO085/ceva_bno085.o
 .text.hardware_reset
                0x08000684       0x44 ./Core/Src/BNO085/ceva_bno085.o
 .text.update_packet_debug
                0x080006c8      0x128 ./Core/Src/BNO085/ceva_bno085.o
 .text.spi_read_bytes
                0x080007f0       0x58 ./Core/Src/BNO085/ceva_bno085.o
 .text.spi_write_bytes
                0x08000848       0x58 ./Core/Src/BNO085/ceva_bno085.o
 .text.hal_open
                0x080008a0       0x22 ./Core/Src/BNO085/ceva_bno085.o
 *fill*         0x080008c2        0x2 
 .text.hal_close
                0x080008c4       0x34 ./Core/Src/BNO085/ceva_bno085.o
 .text.hal_read
                0x080008f8       0xf0 ./Core/Src/BNO085/ceva_bno085.o
 .text.hal_write
                0x080009e8       0x78 ./Core/Src/BNO085/ceva_bno085.o
 .text.hal_get_time_us
                0x08000a60       0x16 ./Core/Src/BNO085/ceva_bno085.o
 .text.clamp_float
                0x08000a76       0x52 ./Core/Src/BNO085/ceva_bno085.o
 .text.update_euler_from_quat
                0x08000ac8      0x144 ./Core/Src/BNO085/ceva_bno085.o
 .text.event_callback
                0x08000c0c       0x48 ./Core/Src/BNO085/ceva_bno085.o
 .text.sensor_callback
                0x08000c54       0xd0 ./Core/Src/BNO085/ceva_bno085.o
 .text.enable_report
                0x08000d24       0x38 ./Core/Src/BNO085/ceva_bno085.o
 .text.enable_reports
                0x08000d5c       0x28 ./Core/Src/BNO085/ceva_bno085.o
 .text.run_command
                0x08000d84      0x110 ./Core/Src/BNO085/ceva_bno085.o
 .text.CEVA_BNO085_Init
                0x08000e94       0x84 ./Core/Src/BNO085/ceva_bno085.o
                0x08000e94                CEVA_BNO085_Init
 .text.CEVA_BNO085_Service
                0x08000f18       0x58 ./Core/Src/BNO085/ceva_bno085.o
                0x08000f18                CEVA_BNO085_Service
 .text.opStart  0x08000f70       0x54 ./Core/Src/BNO085/sh2.o
 .text.opRx     0x08000fc4       0x3c ./Core/Src/BNO085/sh2.o
 .text.sensorhubAdvertHdlr
                0x08001000       0xe0 ./Core/Src/BNO085/sh2.o
 .text.sensorhubControlHdlr
                0x080010e0      0x198 ./Core/Src/BNO085/sh2.o
 .text.opCompleted
                0x08001278       0x28 ./Core/Src/BNO085/sh2.o
 .text.opProcess
                0x080012a0       0xa4 ./Core/Src/BNO085/sh2.o
 .text.getReportLen
                0x08001344       0x4c ./Core/Src/BNO085/sh2.o
 .text.touSTimestamp
                0x08001390       0x88 ./Core/Src/BNO085/sh2.o
 .text.sensorhubInputHdlr
                0x08001418      0x14a ./Core/Src/BNO085/sh2.o
 .text.sensorhubInputNormalHdlr
                0x08001562       0x28 ./Core/Src/BNO085/sh2.o
 .text.sensorhubInputWakeHdlr
                0x0800158a       0x28 ./Core/Src/BNO085/sh2.o
 .text.sensorhubInputGyroRvHdlr
                0x080015b2       0x9c ./Core/Src/BNO085/sh2.o
 .text.executableAdvertHdlr
                0x0800164e       0x1e ./Core/Src/BNO085/sh2.o
 .text.executableDeviceHdlr
                0x0800166c       0x78 ./Core/Src/BNO085/sh2.o
 .text.sendCtrl
                0x080016e4       0x28 ./Core/Src/BNO085/sh2.o
 .text.getProdIdStart
                0x0800170c       0x48 ./Core/Src/BNO085/sh2.o
 .text.getProdIdRx
                0x08001754       0xf0 ./Core/Src/BNO085/sh2.o
 .text.setSensorConfigStart
                0x08001844       0xc8 ./Core/Src/BNO085/sh2.o
 .text.shtpEventCallback
                0x0800190c       0x48 ./Core/Src/BNO085/sh2.o
 .text.sh2_open
                0x08001954      0x190 ./Core/Src/BNO085/sh2.o
                0x08001954                sh2_open
 .text.sh2_close
                0x08001ae4       0x2c ./Core/Src/BNO085/sh2.o
                0x08001ae4                sh2_close
 .text.sh2_service
                0x08001b10       0x20 ./Core/Src/BNO085/sh2.o
                0x08001b10                sh2_service
 .text.sh2_setSensorCallback
                0x08001b30       0x30 ./Core/Src/BNO085/sh2.o
                0x08001b30                sh2_setSensorCallback
 .text.sh2_getProdIds
                0x08001b60       0x3c ./Core/Src/BNO085/sh2.o
                0x08001b60                sh2_getProdIds
 .text.sh2_setSensorConfig
                0x08001b9c       0x48 ./Core/Src/BNO085/sh2.o
                0x08001b9c                sh2_setSensorConfig
 .text.sh2_decodeSensorEvent
                0x08001be4      0x2e8 ./Core/Src/BNO085/sh2_SensorValue.o
                0x08001be4                sh2_decodeSensorEvent
 .text.decodeRawAccelerometer
                0x08001ecc       0x5c ./Core/Src/BNO085/sh2_SensorValue.o
 .text.decodeAccelerometer
                0x08001f28       0x80 ./Core/Src/BNO085/sh2_SensorValue.o
 .text.decodeLinearAcceleration
                0x08001fa8       0x80 ./Core/Src/BNO085/sh2_SensorValue.o
 .text.decodeGravity
                0x08002028       0x80 ./Core/Src/BNO085/sh2_SensorValue.o
 .text.decodeRawGyroscope
                0x080020a8       0x6e ./Core/Src/BNO085/sh2_SensorValue.o
 *fill*         0x08002116        0x2 
 .text.decodeGyroscopeCalibrated
                0x08002118       0x80 ./Core/Src/BNO085/sh2_SensorValue.o
 .text.decodeGyroscopeUncal
                0x08002198       0xe4 ./Core/Src/BNO085/sh2_SensorValue.o
 .text.decodeRawMagnetometer
                0x0800227c       0x5c ./Core/Src/BNO085/sh2_SensorValue.o
 .text.decodeMagneticFieldCalibrated
                0x080022d8       0x80 ./Core/Src/BNO085/sh2_SensorValue.o
 .text.decodeMagneticFieldUncal
                0x08002358       0xe4 ./Core/Src/BNO085/sh2_SensorValue.o
 .text.decodeRotationVector
                0x0800243c       0xc8 ./Core/Src/BNO085/sh2_SensorValue.o
 .text.decodeGameRotationVector
                0x08002504       0xa0 ./Core/Src/BNO085/sh2_SensorValue.o
 .text.decodeGeomagneticRotationVector
                0x080025a4       0xc8 ./Core/Src/BNO085/sh2_SensorValue.o
 .text.decodePressure
                0x0800266c       0x38 ./Core/Src/BNO085/sh2_SensorValue.o
 .text.decodeAmbientLight
                0x080026a4       0x38 ./Core/Src/BNO085/sh2_SensorValue.o
 .text.decodeHumidity
                0x080026dc       0x3c ./Core/Src/BNO085/sh2_SensorValue.o
 .text.decodeProximity
                0x08002718       0x3c ./Core/Src/BNO085/sh2_SensorValue.o
 .text.decodeTemperature
                0x08002754       0x3c ./Core/Src/BNO085/sh2_SensorValue.o
 .text.decodeReserved
                0x08002790       0x3c ./Core/Src/BNO085/sh2_SensorValue.o
 .text.decodeTapDetector
                0x080027cc       0x20 ./Core/Src/BNO085/sh2_SensorValue.o
 .text.decodeStepDetector
                0x080027ec       0x24 ./Core/Src/BNO085/sh2_SensorValue.o
 .text.decodeStepCounter
                0x08002810       0x36 ./Core/Src/BNO085/sh2_SensorValue.o
 .text.decodeSignificantMotion
                0x08002846       0x26 ./Core/Src/BNO085/sh2_SensorValue.o
 .text.decodeStabilityClassifier
                0x0800286c       0x20 ./Core/Src/BNO085/sh2_SensorValue.o
 .text.decodeShakeDetector
                0x0800288c       0x26 ./Core/Src/BNO085/sh2_SensorValue.o
 .text.decodeFlipDetector
                0x080028b2       0x26 ./Core/Src/BNO085/sh2_SensorValue.o
 .text.decodePickupDetector
                0x080028d8       0x26 ./Core/Src/BNO085/sh2_SensorValue.o
 .text.decodeStabilityDetector
                0x080028fe       0x26 ./Core/Src/BNO085/sh2_SensorValue.o
 .text.decodePersonalActivityClassifier
                0x08002924       0x66 ./Core/Src/BNO085/sh2_SensorValue.o
 .text.decodeSleepDetector
                0x0800298a       0x20 ./Core/Src/BNO085/sh2_SensorValue.o
 .text.decodeTiltDetector
                0x080029aa       0x26 ./Core/Src/BNO085/sh2_SensorValue.o
 .text.decodePocketDetector
                0x080029d0       0x26 ./Core/Src/BNO085/sh2_SensorValue.o
 .text.decodeCircleDetector
                0x080029f6       0x26 ./Core/Src/BNO085/sh2_SensorValue.o
 .text.decodeHeartRateMonitor
                0x08002a1c       0x26 ./Core/Src/BNO085/sh2_SensorValue.o
 *fill*         0x08002a42        0x2 
 .text.decodeArvrStabilizedRV
                0x08002a44       0xc8 ./Core/Src/BNO085/sh2_SensorValue.o
 .text.decodeArvrStabilizedGRV
                0x08002b0c       0xa0 ./Core/Src/BNO085/sh2_SensorValue.o
 .text.decodeGyroIntegratedRV
                0x08002bac      0x10c ./Core/Src/BNO085/sh2_SensorValue.o
 .text.decodeIZroRequest
                0x08002cb8       0x28 ./Core/Src/BNO085/sh2_SensorValue.o
 .text.readu8   0x08002ce0       0x1c ./Core/Src/BNO085/sh2_util.o
                0x08002ce0                readu8
 .text.readu16  0x08002cfc       0x2e ./Core/Src/BNO085/sh2_util.o
                0x08002cfc                readu16
 .text.readu32  0x08002d2a       0x3c ./Core/Src/BNO085/sh2_util.o
                0x08002d2a                readu32
 .text.read16   0x08002d66       0x2e ./Core/Src/BNO085/sh2_util.o
                0x08002d66                read16
 .text.read32   0x08002d94       0x3c ./Core/Src/BNO085/sh2_util.o
                0x08002d94                read32
 .text.shtp_init
                0x08002dd0       0x24 ./Core/Src/BNO085/shtp.o
 .text.getInstance
                0x08002df4       0x50 ./Core/Src/BNO085/shtp.o
 .text.addAdvertListener
                0x08002e44       0x68 ./Core/Src/BNO085/shtp.o
 .text.updateCallbacks
                0x08002eac      0x12e ./Core/Src/BNO085/shtp.o
 .text.addChanListener
                0x08002fda       0x7c ./Core/Src/BNO085/shtp.o
 .text.min_u16  0x08003056       0x2a ./Core/Src/BNO085/shtp.o
 .text.txProcess
                0x08003080      0x126 ./Core/Src/BNO085/shtp.o
 .text.shtpAdvertHdlr
                0x080031a6       0x44 ./Core/Src/BNO085/shtp.o
 .text.addApp   0x080031ea       0x98 ./Core/Src/BNO085/shtp.o
 .text.setAppName
                0x08003282       0x6c ./Core/Src/BNO085/shtp.o
 .text.addChannel
                0x080032ee       0x6e ./Core/Src/BNO085/shtp.o
 .text.callAdvertHandler
                0x0800335c       0x94 ./Core/Src/BNO085/shtp.o
 .text.processAdvertisement
                0x080033f0      0x26c ./Core/Src/BNO085/shtp.o
 .text.shtpCmdListener
                0x0800365c       0x46 ./Core/Src/BNO085/shtp.o
 .text.rxAssemble
                0x080036a2      0x22c ./Core/Src/BNO085/shtp.o
 *fill*         0x080038ce        0x2 
 .text.shtp_open
                0x080038d0       0xc0 ./Core/Src/BNO085/shtp.o
                0x080038d0                shtp_open
 .text.shtp_close
                0x08003990       0x2e ./Core/Src/BNO085/shtp.o
                0x08003990                shtp_close
 .text.shtp_setEventCallback
                0x080039be       0x28 ./Core/Src/BNO085/shtp.o
                0x080039be                shtp_setEventCallback
 .text.shtp_listenChan
                0x080039e6       0x42 ./Core/Src/BNO085/shtp.o
                0x080039e6                shtp_listenChan
 .text.shtp_listenAdvert
                0x08003a28       0x3c ./Core/Src/BNO085/shtp.o
                0x08003a28                shtp_listenAdvert
 .text.shtp_chanNo
                0x08003a64       0xcc ./Core/Src/BNO085/shtp.o
                0x08003a64                shtp_chanNo
 .text.shtp_send
                0x08003b30       0x5e ./Core/Src/BNO085/shtp.o
                0x08003b30                shtp_send
 *fill*         0x08003b8e        0x2 
 .text.shtp_service
                0x08003b90       0x80 ./Core/Src/BNO085/shtp.o
                0x08003b90                shtp_service
 .text.main     0x08003c10       0x68 ./Core/Src/main.o
                0x08003c10                main
 .text.SystemClock_Config
                0x08003c78       0x96 ./Core/Src/main.o
                0x08003c78                SystemClock_Config
 *fill*         0x08003d0e        0x2 
 .text.MX_FDCAN1_Init
                0x08003d10       0x8c ./Core/Src/main.o
 .text.MX_SPI2_Init
                0x08003d9c       0x7c ./Core/Src/main.o
 .text.MX_GPIO_Init
                0x08003e18       0xe8 ./Core/Src/main.o
 .text.Error_Handler
                0x08003f00        0xc ./Core/Src/main.o
                0x08003f00                Error_Handler
 .text.HAL_MspInit
                0x08003f0c       0x48 ./Core/Src/stm32g4xx_hal_msp.o
                0x08003f0c                HAL_MspInit
 .text.HAL_FDCAN_MspInit
                0x08003f54       0xb4 ./Core/Src/stm32g4xx_hal_msp.o
                0x08003f54                HAL_FDCAN_MspInit
 .text.HAL_SPI_MspInit
                0x08004008       0x88 ./Core/Src/stm32g4xx_hal_msp.o
                0x08004008                HAL_SPI_MspInit
 .text.NMI_Handler
                0x08004090        0x8 ./Core/Src/stm32g4xx_it.o
                0x08004090                NMI_Handler
 .text.HardFault_Handler
                0x08004098        0x8 ./Core/Src/stm32g4xx_it.o
                0x08004098                HardFault_Handler
 .text.MemManage_Handler
                0x080040a0        0x8 ./Core/Src/stm32g4xx_it.o
                0x080040a0                MemManage_Handler
 .text.BusFault_Handler
                0x080040a8        0x8 ./Core/Src/stm32g4xx_it.o
                0x080040a8                BusFault_Handler
 .text.UsageFault_Handler
                0x080040b0        0x8 ./Core/Src/stm32g4xx_it.o
                0x080040b0                UsageFault_Handler
 .text.SVC_Handler
                0x080040b8        0xe ./Core/Src/stm32g4xx_it.o
                0x080040b8                SVC_Handler
 .text.DebugMon_Handler
                0x080040c6        0xe ./Core/Src/stm32g4xx_it.o
                0x080040c6                DebugMon_Handler
 .text.PendSV_Handler
                0x080040d4        0xe ./Core/Src/stm32g4xx_it.o
                0x080040d4                PendSV_Handler
 .text.SysTick_Handler
                0x080040e2        0xc ./Core/Src/stm32g4xx_it.o
                0x080040e2                SysTick_Handler
 *fill*         0x080040ee        0x2 
 .text.SystemInit
                0x080040f0       0x24 ./Core/Src/system_stm32g4xx.o
                0x080040f0                SystemInit
 .text.Reset_Handler
                0x08004114       0x50 ./Core/Startup/startup_stm32g431rbtx.o
                0x08004114                Reset_Handler
 .text.Default_Handler
                0x08004164        0x2 ./Core/Startup/startup_stm32g431rbtx.o
                0x08004164                TIM1_BRK_TIM15_IRQHandler
                0x08004164                EXTI2_IRQHandler
                0x08004164                TIM8_TRG_COM_IRQHandler
                0x08004164                TIM8_CC_IRQHandler
                0x08004164                TIM1_CC_IRQHandler
                0x08004164                USB_HP_IRQHandler
                0x08004164                CORDIC_IRQHandler
                0x08004164                EXTI3_IRQHandler
                0x08004164                I2C3_ER_IRQHandler
                0x08004164                EXTI0_IRQHandler
                0x08004164                I2C2_EV_IRQHandler
                0x08004164                FPU_IRQHandler
                0x08004164                FDCAN1_IT1_IRQHandler
                0x08004164                TIM1_UP_TIM16_IRQHandler
                0x08004164                ADC1_2_IRQHandler
                0x08004164                SPI1_IRQHandler
                0x08004164                TIM6_DAC_IRQHandler
                0x08004164                TIM8_UP_IRQHandler
                0x08004164                DMA2_Channel2_IRQHandler
                0x08004164                DMA1_Channel4_IRQHandler
                0x08004164                USART3_IRQHandler
                0x08004164                TIM4_IRQHandler
                0x08004164                DMA2_Channel1_IRQHandler
                0x08004164                I2C1_EV_IRQHandler
                0x08004164                DMA1_Channel6_IRQHandler
                0x08004164                UART4_IRQHandler
                0x08004164                DMA2_Channel4_IRQHandler
                0x08004164                TIM3_IRQHandler
                0x08004164                RCC_IRQHandler
                0x08004164                DMA1_Channel1_IRQHandler
                0x08004164                Default_Handler
                0x08004164                RTC_TAMP_LSECSS_IRQHandler
                0x08004164                FMAC_IRQHandler
                0x08004164                EXTI15_10_IRQHandler
                0x08004164                TIM7_IRQHandler
                0x08004164                UCPD1_IRQHandler
                0x08004164                I2C3_EV_IRQHandler
                0x08004164                EXTI9_5_IRQHandler
                0x08004164                RTC_WKUP_IRQHandler
                0x08004164                PVD_PVM_IRQHandler
                0x08004164                SPI2_IRQHandler
                0x08004164                DMA2_Channel5_IRQHandler
                0x08004164                CRS_IRQHandler
                0x08004164                DMA1_Channel5_IRQHandler
                0x08004164                USB_LP_IRQHandler
                0x08004164                EXTI4_IRQHandler
                0x08004164                RNG_IRQHandler
                0x08004164                TIM1_TRG_COM_TIM17_IRQHandler
                0x08004164                DMA1_Channel3_IRQHandler
                0x08004164                WWDG_IRQHandler
                0x08004164                LPUART1_IRQHandler
                0x08004164                DMA2_Channel6_IRQHandler
                0x08004164                FDCAN1_IT0_IRQHandler
                0x08004164                TIM2_IRQHandler
                0x08004164                COMP1_2_3_IRQHandler
                0x08004164                EXTI1_IRQHandler
                0x08004164                USART2_IRQHandler
                0x08004164                I2C2_ER_IRQHandler
                0x08004164                DMA1_Channel2_IRQHandler
                0x08004164                TIM8_BRK_IRQHandler
                0x08004164                FLASH_IRQHandler
                0x08004164                USART1_IRQHandler
                0x08004164                SPI3_IRQHandler
                0x08004164                I2C1_ER_IRQHandler
                0x08004164                LPTIM1_IRQHandler
                0x08004164                DMAMUX_OVR_IRQHandler
                0x08004164                USBWakeUp_IRQHandler
                0x08004164                SAI1_IRQHandler
                0x08004164                DMA2_Channel3_IRQHandler
                0x08004164                COMP4_IRQHandler
                0x08004164                RTC_Alarm_IRQHandler
 *fill*         0x08004166        0x2 
 .text.BSP_LED_Init
                0x08004168       0x6c ./Drivers/BSP/STM32G4xx_Nucleo/stm32g4xx_nucleo.o
                0x08004168                BSP_LED_Init
 .text.BSP_PB_Init
                0x080041d4       0xdc ./Drivers/BSP/STM32G4xx_Nucleo/stm32g4xx_nucleo.o
                0x080041d4                BSP_PB_Init
 .text.BSP_PB_Callback
                0x080042b0       0x16 ./Drivers/BSP/STM32G4xx_Nucleo/stm32g4xx_nucleo.o
                0x080042b0                BSP_PB_Callback
 *fill*         0x080042c6        0x2 
 .text.BSP_COM_Init
                0x080042c8       0x60 ./Drivers/BSP/STM32G4xx_Nucleo/stm32g4xx_nucleo.o
                0x080042c8                BSP_COM_Init
 .text.MX_LPUART1_Init
                0x08004328       0x64 ./Drivers/BSP/STM32G4xx_Nucleo/stm32g4xx_nucleo.o
                0x08004328                MX_LPUART1_Init
 .text.BUTTON_USER_EXTI_Callback
                0x0800438c        0xe ./Drivers/BSP/STM32G4xx_Nucleo/stm32g4xx_nucleo.o
 *fill*         0x0800439a        0x2 
 .text.COM1_MspInit
                0x0800439c       0x98 ./Drivers/BSP/STM32G4xx_Nucleo/stm32g4xx_nucleo.o
 .text.HAL_Init
                0x08004434       0x30 ./Drivers/STM32G4xx_HAL_Driver/Src/stm32g4xx_hal.o
                0x08004434                HAL_Init
 .text.HAL_InitTick
                0x08004464       0x74 ./Drivers/STM32G4xx_HAL_Driver/Src/stm32g4xx_hal.o
                0x08004464                HAL_InitTick
 .text.HAL_IncTick
                0x080044d8       0x24 ./Drivers/STM32G4xx_HAL_Driver/Src/stm32g4xx_hal.o
                0x080044d8                HAL_IncTick
 .text.HAL_GetTick
                0x080044fc       0x18 ./Drivers/STM32G4xx_HAL_Driver/Src/stm32g4xx_hal.o
                0x080044fc                HAL_GetTick
 .text.HAL_Delay
                0x08004514       0x44 ./Drivers/STM32G4xx_HAL_Driver/Src/stm32g4xx_hal.o
                0x08004514                HAL_Delay
 .text.__NVIC_SetPriorityGrouping
                0x08004558       0x48 ./Drivers/STM32G4xx_HAL_Driver/Src/stm32g4xx_hal_cortex.o
 .text.__NVIC_GetPriorityGrouping
                0x080045a0       0x1c ./Drivers/STM32G4xx_HAL_Driver/Src/stm32g4xx_hal_cortex.o
 .text.__NVIC_EnableIRQ
                0x080045bc       0x3c ./Drivers/STM32G4xx_HAL_Driver/Src/stm32g4xx_hal_cortex.o
 .text.__NVIC_SetPriority
                0x080045f8       0x54 ./Drivers/STM32G4xx_HAL_Driver/Src/stm32g4xx_hal_cortex.o
 .text.NVIC_EncodePriority
                0x0800464c       0x66 ./Drivers/STM32G4xx_HAL_Driver/Src/stm32g4xx_hal_cortex.o
 *fill*         0x080046b2        0x2 
 .text.SysTick_Config
                0x080046b4       0x44 ./Drivers/STM32G4xx_HAL_Driver/Src/stm32g4xx_hal_cortex.o
 .text.HAL_NVIC_SetPriorityGrouping
                0x080046f8       0x16 ./Drivers/STM32G4xx_HAL_Driver/Src/stm32g4xx_hal_cortex.o
                0x080046f8                HAL_NVIC_SetPriorityGrouping
 .text.HAL_NVIC_SetPriority
                0x0800470e       0x34 ./Drivers/STM32G4xx_HAL_Driver/Src/stm32g4xx_hal_cortex.o
                0x0800470e                HAL_NVIC_SetPriority
 .text.HAL_NVIC_EnableIRQ
                0x08004742       0x1c ./Drivers/STM32G4xx_HAL_Driver/Src/stm32g4xx_hal_cortex.o
                0x08004742                HAL_NVIC_EnableIRQ
 .text.HAL_SYSTICK_Config
                0x0800475e       0x18 ./Drivers/STM32G4xx_HAL_Driver/Src/stm32g4xx_hal_cortex.o
                0x0800475e                HAL_SYSTICK_Config
 .text.HAL_EXTI_RegisterCallback
                0x08004776       0x3a ./Drivers/STM32G4xx_HAL_Driver/Src/stm32g4xx_hal_exti.o
                0x08004776                HAL_EXTI_RegisterCallback
 .text.HAL_EXTI_GetHandle
                0x080047b0       0x28 ./Drivers/STM32G4xx_HAL_Driver/Src/stm32g4xx_hal_exti.o
                0x080047b0                HAL_EXTI_GetHandle
 .text.HAL_FDCAN_Init
                0x080047d8      0x2b4 ./Drivers/STM32G4xx_HAL_Driver/Src/stm32g4xx_hal_fdcan.o
                0x080047d8                HAL_FDCAN_Init
 .text.FDCAN_CalcultateRamBlockAddresses
                0x08004a8c       0xac ./Drivers/STM32G4xx_HAL_Driver/Src/stm32g4xx_hal_fdcan.o
 .text.HAL_GPIO_Init
                0x08004b38      0x318 ./Drivers/STM32G4xx_HAL_Driver/Src/stm32g4xx_hal_gpio.o
                0x08004b38                HAL_GPIO_Init
 .text.HAL_GPIO_ReadPin
                0x08004e50       0x30 ./Drivers/STM32G4xx_HAL_Driver/Src/stm32g4xx_hal_gpio.o
                0x08004e50                HAL_GPIO_ReadPin
 .text.HAL_GPIO_WritePin
                0x08004e80       0x30 ./Drivers/STM32G4xx_HAL_Driver/Src/stm32g4xx_hal_gpio.o
                0x08004e80                HAL_GPIO_WritePin
 .text.HAL_PWREx_ControlVoltageScaling
                0x08004eb0      0x148 ./Drivers/STM32G4xx_HAL_Driver/Src/stm32g4xx_hal_pwr_ex.o
                0x08004eb0                HAL_PWREx_ControlVoltageScaling
 .text.HAL_PWREx_DisableUCPDDeadBattery
                0x08004ff8       0x20 ./Drivers/STM32G4xx_HAL_Driver/Src/stm32g4xx_hal_pwr_ex.o
                0x08004ff8                HAL_PWREx_DisableUCPDDeadBattery
 .text.HAL_RCC_OscConfig
                0x08005018      0x624 ./Drivers/STM32G4xx_HAL_Driver/Src/stm32g4xx_hal_rcc.o
                0x08005018                HAL_RCC_OscConfig
 .text.HAL_RCC_ClockConfig
                0x0800563c      0x278 ./Drivers/STM32G4xx_HAL_Driver/Src/stm32g4xx_hal_rcc.o
                0x0800563c                HAL_RCC_ClockConfig
 .text.HAL_RCC_GetSysClockFreq
                0x080058b4       0xc4 ./Drivers/STM32G4xx_HAL_Driver/Src/stm32g4xx_hal_rcc.o
                0x080058b4                HAL_RCC_GetSysClockFreq
 .text.HAL_RCC_GetHCLKFreq
                0x08005978       0x18 ./Drivers/STM32G4xx_HAL_Driver/Src/stm32g4xx_hal_rcc.o
                0x08005978                HAL_RCC_GetHCLKFreq
 .text.HAL_RCC_GetPCLK1Freq
                0x08005990       0x2c ./Drivers/STM32G4xx_HAL_Driver/Src/stm32g4xx_hal_rcc.o
                0x08005990                HAL_RCC_GetPCLK1Freq
 .text.HAL_RCC_GetPCLK2Freq
                0x080059bc       0x2c ./Drivers/STM32G4xx_HAL_Driver/Src/stm32g4xx_hal_rcc.o
                0x080059bc                HAL_RCC_GetPCLK2Freq
 .text.RCC_GetSysClockFreqFromPLLSource
                0x080059e8       0x8c ./Drivers/STM32G4xx_HAL_Driver/Src/stm32g4xx_hal_rcc.o
 .text.HAL_RCCEx_PeriphCLKConfig
                0x08005a74      0x3e0 ./Drivers/STM32G4xx_HAL_Driver/Src/stm32g4xx_hal_rcc_ex.o
                0x08005a74                HAL_RCCEx_PeriphCLKConfig
 .text.HAL_SPI_Init
                0x08005e54      0x156 ./Drivers/STM32G4xx_HAL_Driver/Src/stm32g4xx_hal_spi.o
                0x08005e54                HAL_SPI_Init
 .text.HAL_SPI_TransmitReceive
                0x08005faa      0x43e ./Drivers/STM32G4xx_HAL_Driver/Src/stm32g4xx_hal_spi.o
                0x08005faa                HAL_SPI_TransmitReceive
 .text.SPI_WaitFlagStateUntilTimeout
                0x080063e8      0x110 ./Drivers/STM32G4xx_HAL_Driver/Src/stm32g4xx_hal_spi.o
 .text.SPI_WaitFifoStateUntilTimeout
                0x080064f8      0x12c ./Drivers/STM32G4xx_HAL_Driver/Src/stm32g4xx_hal_spi.o
 .text.SPI_EndRxTxTransaction
                0x08006624       0x8c ./Drivers/STM32G4xx_HAL_Driver/Src/stm32g4xx_hal_spi.o
 .text.HAL_UART_Init
                0x080066b0       0xa0 ./Drivers/STM32G4xx_HAL_Driver/Src/stm32g4xx_hal_uart.o
                0x080066b0                HAL_UART_Init
 .text.HAL_UART_MspInit
                0x08006750       0x14 ./Drivers/STM32G4xx_HAL_Driver/Src/stm32g4xx_hal_uart.o
                0x08006750                HAL_UART_MspInit
 .text.UART_SetConfig
                0x08006764      0x598 ./Drivers/STM32G4xx_HAL_Driver/Src/stm32g4xx_hal_uart.o
                0x08006764                UART_SetConfig
 .text.UART_AdvFeatureConfig
                0x08006cfc      0x144 ./Drivers/STM32G4xx_HAL_Driver/Src/stm32g4xx_hal_uart.o
                0x08006cfc                UART_AdvFeatureConfig
 .text.UART_CheckIdleState
                0x08006e40      0x154 ./Drivers/STM32G4xx_HAL_Driver/Src/stm32g4xx_hal_uart.o
                0x08006e40                UART_CheckIdleState
 .text.UART_WaitOnFlagUntilTimeout
                0x08006f94       0xda ./Drivers/STM32G4xx_HAL_Driver/Src/stm32g4xx_hal_uart.o
                0x08006f94                UART_WaitOnFlagUntilTimeout
 .text.UART_EndRxTransfer
                0x0800706e       0xcc ./Drivers/STM32G4xx_HAL_Driver/Src/stm32g4xx_hal_uart.o
 .text.memset   0x0800713a       0x10 /Applications/STM32CubeIDE.app/Contents/Eclipse/plugins/com.st.stm32cube.ide.mcu.externaltools.gnu-tools-for-stm32.14.3.rel1.macosaarch64_1.0.0.202602081740/tools/bin/../lib/gcc/arm-none-eabi/14.3.1/../../../../arm-none-eabi/lib/thumb/v7e-m+fp/hard/libc_nano.a(libc_a-memset.o)
                0x0800713a                memset
 *fill*         0x0800714a        0x2 
 .text.__errno  0x0800714c        0xc /Applications/STM32CubeIDE.app/Contents/Eclipse/plugins/com.st.stm32cube.ide.mcu.externaltools.gnu-tools-for-stm32.14.3.rel1.macosaarch64_1.0.0.202602081740/tools/bin/../lib/gcc/arm-none-eabi/14.3.1/../../../../arm-none-eabi/lib/thumb/v7e-m+fp/hard/libc_nano.a(libc_a-errno.o)
                0x0800714c                __errno
 .text.__libc_init_array
                0x08007158       0x48 /Applications/STM32CubeIDE.app/Contents/Eclipse/plugins/com.st.stm32cube.ide.mcu.externaltools.gnu-tools-for-stm32.14.3.rel1.macosaarch64_1.0.0.202602081740/tools/bin/../lib/gcc/arm-none-eabi/14.3.1/../../../../arm-none-eabi/lib/thumb/v7e-m+fp/hard/libc_nano.a(libc_a-init.o)
                0x08007158                __libc_init_array
 .text.strcpy   0x080071a0       0x10 /Applications/STM32CubeIDE.app/Contents/Eclipse/plugins/com.st.stm32cube.ide.mcu.externaltools.gnu-tools-for-stm32.14.3.rel1.macosaarch64_1.0.0.202602081740/tools/bin/../lib/gcc/arm-none-eabi/14.3.1/../../../../arm-none-eabi/lib/thumb/v7e-m+fp/hard/libc_nano.a(libc_a-strcpy.o)
                0x080071a0                strcpy
 .text.memcpy   0x080071b0       0x1c /Applications/STM32CubeIDE.app/Contents/Eclipse/plugins/com.st.stm32cube.ide.mcu.externaltools.gnu-tools-for-stm32.14.3.rel1.macosaarch64_1.0.0.202602081740/tools/bin/../lib/gcc/arm-none-eabi/14.3.1/../../../../arm-none-eabi/lib/thumb/v7e-m+fp/hard/libc_nano.a(libc_a-memcpy-stub.o)
                0x080071b0                memcpy
 .text.asinf    0x080071cc       0x58 /Applications/STM32CubeIDE.app/Contents/Eclipse/plugins/com.st.stm32cube.ide.mcu.externaltools.gnu-tools-for-stm32.14.3.rel1.macosaarch64_1.0.0.202602081740/tools/bin/../lib/gcc/arm-none-eabi/14.3.1/../../../../arm-none-eabi/lib/thumb/v7e-m+fp/hard/libm.a(libm_a-wf_asin.o)
                0x080071cc                asinf
 .text.atan2f   0x08007224        0x4 /Applications/STM32CubeIDE.app/Contents/Eclipse/plugins/com.st.stm32cube.ide.mcu.externaltools.gnu-tools-for-stm32.14.3.rel1.macosaarch64_1.0.0.202602081740/tools/bin/../lib/gcc/arm-none-eabi/14.3.1/../../../../arm-none-eabi/lib/thumb/v7e-m+fp/hard/libm.a(libm_a-wf_atan2.o)
                0x08007224                atan2f
 .text.fabsf    0x08007228       0x10 /Applications/STM32CubeIDE.app/Contents/Eclipse/plugins/com.st.stm32cube.ide.mcu.externaltools.gnu-tools-for-stm32.14.3.rel1.macosaarch64_1.0.0.202602081740/tools/bin/../lib/gcc/arm-none-eabi/14.3.1/../../../../arm-none-eabi/lib/thumb/v7e-m+fp/hard/libm.a(libm_a-sf_fabs.o)
                0x08007228                fabsf
 .text.nanf     0x08007238        0xc /Applications/STM32CubeIDE.app/Contents/Eclipse/plugins/com.st.stm32cube.ide.mcu.externaltools.gnu-tools-for-stm32.14.3.rel1.macosaarch64_1.0.0.202602081740/tools/bin/../lib/gcc/arm-none-eabi/14.3.1/../../../../arm-none-eabi/lib/thumb/v7e-m+fp/hard/libm.a(libm_a-sf_nan.o)
                0x08007238                nanf
 .text.__ieee754_asinf
                0x08007244      0x1f4 /Applications/STM32CubeIDE.app/Contents/Eclipse/plugins/com.st.stm32cube.ide.mcu.externaltools.gnu-tools-for-stm32.14.3.rel1.macosaarch64_1.0.0.202602081740/tools/bin/../lib/gcc/arm-none-eabi/14.3.1/../../../../arm-none-eabi/lib/thumb/v7e-m+fp/hard/libm.a(libm_a-ef_asin.o)
                0x08007244                __ieee754_asinf
 .text.__ieee754_atan2f
                0x08007438      0x14c /Applications/STM32CubeIDE.app/Contents/Eclipse/plugins/com.st.stm32cube.ide.mcu.externaltools.gnu-tools-for-stm32.14.3.rel1.macosaarch64_1.0.0.202602081740/tools/bin/../lib/gcc/arm-none-eabi/14.3.1/../../../../arm-none-eabi/lib/thumb/v7e-m+fp/hard/libm.a(libm_a-ef_atan2.o)
                0x08007438                __ieee754_atan2f
 .text.__ieee754_sqrtf
                0x08007584        0x8 /Applications/STM32CubeIDE.app/Contents/Eclipse/plugins/com.st.stm32cube.ide.mcu.externaltools.gnu-tools-for-stm32.14.3.rel1.macosaarch64_1.0.0.202602081740/tools/bin/../lib/gcc/arm-none-eabi/14.3.1/../../../../arm-none-eabi/lib/thumb/v7e-m+fp/hard/libm.a(libm_a-ef_sqrt.o)
                0x08007584                __ieee754_sqrtf
 .text.atanf    0x0800758c      0x1a4 /Applications/STM32CubeIDE.app/Contents/Eclipse/plugins/com.st.stm32cube.ide.mcu.externaltools.gnu-tools-for-stm32.14.3.rel1.macosaarch64_1.0.0.202602081740/tools/bin/../lib/gcc/arm-none-eabi/14.3.1/../../../../arm-none-eabi/lib/thumb/v7e-m+fp/hard/libm.a(libm_a-sf_atan.o)
                0x0800758c                atanf
 *(.glue_7)
 .glue_7        0x08007730        0x0 linker stubs
 *(.glue_7t)
 .glue_7t       0x08007730        0x0 linker stubs
 *(.eh_frame)
 .eh_frame      0x08007730        0x0 /Applications/STM32CubeIDE.app/Contents/Eclipse/plugins/com.st.stm32cube.ide.mcu.externaltools.gnu-tools-for-stm32.14.3.rel1.macosaarch64_1.0.0.202602081740/tools/bin/../lib/gcc/arm-none-eabi/14.3.1/thumb/v7e-m+fp/hard/crtbegin.o
 *(.init)
 .init          0x08007730        0x4 /Applications/STM32CubeIDE.app/Contents/Eclipse/plugins/com.st.stm32cube.ide.mcu.externaltools.gnu-tools-for-stm32.14.3.rel1.macosaarch64_1.0.0.202602081740/tools/bin/../lib/gcc/arm-none-eabi/14.3.1/thumb/v7e-m+fp/hard/crti.o
                0x08007730                _init
 .init          0x08007734        0x8 /Applications/STM32CubeIDE.app/Contents/Eclipse/plugins/com.st.stm32cube.ide.mcu.externaltools.gnu-tools-for-stm32.14.3.rel1.macosaarch64_1.0.0.202602081740/tools/bin/../lib/gcc/arm-none-eabi/14.3.1/thumb/v7e-m+fp/hard/crtn.o
 *(.fini)
 .fini          0x0800773c        0x4 /Applications/STM32CubeIDE.app/Contents/Eclipse/plugins/com.st.stm32cube.ide.mcu.externaltools.gnu-tools-for-stm32.14.3.rel1.macosaarch64_1.0.0.202602081740/tools/bin/../lib/gcc/arm-none-eabi/14.3.1/thumb/v7e-m+fp/hard/crti.o
                0x0800773c                _fini
 .fini          0x08007740        0x8 /Applications/STM32CubeIDE.app/Contents/Eclipse/plugins/com.st.stm32cube.ide.mcu.externaltools.gnu-tools-for-stm32.14.3.rel1.macosaarch64_1.0.0.202602081740/tools/bin/../lib/gcc/arm-none-eabi/14.3.1/thumb/v7e-m+fp/hard/crtn.o
                0x08007748                        . = ALIGN (0x4)
                0x08007748                        _etext = .

.vfp11_veneer   0x08007748        0x0
 .vfp11_veneer  0x08007748        0x0 linker stubs

.v4_bx          0x08007748        0x0
 .v4_bx         0x08007748        0x0 linker stubs

.iplt           0x08007748        0x0
 .iplt          0x08007748        0x0 /Applications/STM32CubeIDE.app/Contents/Eclipse/plugins/com.st.stm32cube.ide.mcu.externaltools.gnu-tools-for-stm32.14.3.rel1.macosaarch64_1.0.0.202602081740/tools/bin/../lib/gcc/arm-none-eabi/14.3.1/thumb/v7e-m+fp/hard/crtbegin.o

.rodata         0x08007748       0xe0
                0x08007748                        . = ALIGN (0x4)
 *(.rodata)
 .rodata        0x08007748       0x4c ./Core/Src/BNO085/sh2.o
 .rodata        0x08007794        0x8 ./Core/Src/BNO085/shtp.o
 *(.rodata*)
 .rodata.getProdIdOp
                0x0800779c        0xc ./Core/Src/BNO085/sh2.o
                0x0800779c                getProdIdOp
 .rodata.setSensorConfigOp
                0x080077a8        0xc ./Core/Src/BNO085/sh2.o
                0x080077a8                setSensorConfigOp
 .rodata.advertise
                0x080077b4        0x2 ./Core/Src/BNO085/shtp.o
 *fill*         0x080077b6        0x2 
 .rodata.AHBPrescTable
                0x080077b8       0x10 ./Core/Src/system_stm32g4xx.o
                0x080077b8                AHBPrescTable
 .rodata.APBPrescTable
                0x080077c8        0x8 ./Core/Src/system_stm32g4xx.o
                0x080077c8                APBPrescTable
 .rodata.BUTTON_EXTI_LINE.2
                0x080077d0        0x4 ./Drivers/BSP/STM32G4xx_Nucleo/stm32g4xx_nucleo.o
 .rodata.UARTPrescTable
                0x080077d4       0x18 ./Drivers/STM32G4xx_HAL_Driver/Src/stm32g4xx_hal_uart.o
                0x080077d4                UARTPrescTable
 .rodata.asinf.str1.4
                0x080077ec        0x1 /Applications/STM32CubeIDE.app/Contents/Eclipse/plugins/com.st.stm32cube.ide.mcu.externaltools.gnu-tools-for-stm32.14.3.rel1.macosaarch64_1.0.0.202602081740/tools/bin/../lib/gcc/arm-none-eabi/14.3.1/../../../../arm-none-eabi/lib/thumb/v7e-m+fp/hard/libm.a(libm_a-wf_asin.o)
 *fill*         0x080077ed        0x3 
 .rodata.CSWTCH.9
                0x080077f0        0xc /Applications/STM32CubeIDE.app/Contents/Eclipse/plugins/com.st.stm32cube.ide.mcu.externaltools.gnu-tools-for-stm32.14.3.rel1.macosaarch64_1.0.0.202602081740/tools/bin/../lib/gcc/arm-none-eabi/14.3.1/../../../../arm-none-eabi/lib/thumb/v7e-m+fp/hard/libm.a(libm_a-ef_atan2.o)
 .rodata.CSWTCH.8
                0x080077fc        0xc /Applications/STM32CubeIDE.app/Contents/Eclipse/plugins/com.st.stm32cube.ide.mcu.externaltools.gnu-tools-for-stm32.14.3.rel1.macosaarch64_1.0.0.202602081740/tools/bin/../lib/gcc/arm-none-eabi/14.3.1/../../../../arm-none-eabi/lib/thumb/v7e-m+fp/hard/libm.a(libm_a-ef_atan2.o)
 .rodata.atanlo
                0x08007808       0x10 /Applications/STM32CubeIDE.app/Contents/Eclipse/plugins/com.st.stm32cube.ide.mcu.externaltools.gnu-tools-for-stm32.14.3.rel1.macosaarch64_1.0.0.202602081740/tools/bin/../lib/gcc/arm-none-eabi/14.3.1/../../../../arm-none-eabi/lib/thumb/v7e-m+fp/hard/libm.a(libm_a-sf_atan.o)
 .rodata.atanhi
                0x08007818       0x10 /Applications/STM32CubeIDE.app/Contents/Eclipse/plugins/com.st.stm32cube.ide.mcu.externaltools.gnu-tools-for-stm32.14.3.rel1.macosaarch64_1.0.0.202602081740/tools/bin/../lib/gcc/arm-none-eabi/14.3.1/../../../../arm-none-eabi/lib/thumb/v7e-m+fp/hard/libm.a(libm_a-sf_atan.o)
                0x08007828                        . = ALIGN (0x4)

.ARM.extab      0x08007828        0x0
                0x08007828                        . = ALIGN (0x4)
 *(.ARM.extab* .gnu.linkonce.armextab.*)
                0x08007828                        . = ALIGN (0x4)

.ARM            0x08007828        0x8
                0x08007828                        . = ALIGN (0x4)
                0x08007828                        __exidx_start = .
 *(.ARM.exidx*)
 .ARM.exidx     0x08007828        0x8 /Applications/STM32CubeIDE.app/Contents/Eclipse/plugins/com.st.stm32cube.ide.mcu.externaltools.gnu-tools-for-stm32.14.3.rel1.macosaarch64_1.0.0.202602081740/tools/bin/../lib/gcc/arm-none-eabi/14.3.1/../../../../arm-none-eabi/lib/thumb/v7e-m+fp/hard/libc_nano.a(libc_a-strcmp.o)
 .ARM.exidx     0x08007830        0x0 /Applications/STM32CubeIDE.app/Contents/Eclipse/plugins/com.st.stm32cube.ide.mcu.externaltools.gnu-tools-for-stm32.14.3.rel1.macosaarch64_1.0.0.202602081740/tools/bin/../lib/gcc/arm-none-eabi/14.3.1/../../../../arm-none-eabi/lib/thumb/v7e-m+fp/hard/libc_nano.a(libc_a-strlen.o)
                                  0x8 (size before relaxing)
 .ARM.exidx     0x08007830        0x0 /Applications/STM32CubeIDE.app/Contents/Eclipse/plugins/com.st.stm32cube.ide.mcu.externaltools.gnu-tools-for-stm32.14.3.rel1.macosaarch64_1.0.0.202602081740/tools/bin/../lib/gcc/arm-none-eabi/14.3.1/thumb/v7e-m+fp/hard/libgcc.a(_udivmoddi4.o)
                                  0x8 (size before relaxing)
                0x08007830                        __exidx_end = .
                0x08007830                        . = ALIGN (0x4)

.preinit_array  0x08007830        0x0
                0x08007830                        . = ALIGN (0x4)
                0x08007830                        PROVIDE (__preinit_array_start = .)
 *(.preinit_array*)
                0x08007830                        PROVIDE (__preinit_array_end = .)
                0x08007830                        . = ALIGN (0x4)

.init_array     0x08007830        0x4
                0x08007830                        . = ALIGN (0x4)
                0x08007830                        PROVIDE (__init_array_start = .)
 *(SORT_BY_NAME(.init_array.*))
 *(.init_array*)
 .init_array    0x08007830        0x4 /Applications/STM32CubeIDE.app/Contents/Eclipse/plugins/com.st.stm32cube.ide.mcu.externaltools.gnu-tools-for-stm32.14.3.rel1.macosaarch64_1.0.0.202602081740/tools/bin/../lib/gcc/arm-none-eabi/14.3.1/thumb/v7e-m+fp/hard/crtbegin.o
                0x08007834                        PROVIDE (__init_array_end = .)
                0x08007834                        . = ALIGN (0x4)

.fini_array     0x08007834        0x4
                0x08007834                        . = ALIGN (0x4)
                [!provide]                        PROVIDE (__fini_array_start = .)
 *(SORT_BY_NAME(.fini_array.*))
 *(.fini_array*)
 .fini_array    0x08007834        0x4 /Applications/STM32CubeIDE.app/Contents/Eclipse/plugins/com.st.stm32cube.ide.mcu.externaltools.gnu-tools-for-stm32.14.3.rel1.macosaarch64_1.0.0.202602081740/tools/bin/../lib/gcc/arm-none-eabi/14.3.1/thumb/v7e-m+fp/hard/crtbegin.o
                [!provide]                        PROVIDE (__fini_array_end = .)
                0x08007838                        . = ALIGN (0x4)
                0x08007838                        _sidata = LOADADDR (.data)

.rel.dyn        0x08007838        0x0
 .rel.iplt      0x08007838        0x0 /Applications/STM32CubeIDE.app/Contents/Eclipse/plugins/com.st.stm32cube.ide.mcu.externaltools.gnu-tools-for-stm32.14.3.rel1.macosaarch64_1.0.0.202602081740/tools/bin/../lib/gcc/arm-none-eabi/14.3.1/thumb/v7e-m+fp/hard/crtbegin.o

.data           0x20000000      0x130 load address 0x08007838
                0x20000000                        . = ALIGN (0x4)
                0x20000000                        _sdata = .
 *(.data)
 *(.data*)
 .data.bno085_dbg
                0x20000000       0xc0 ./Core/Src/BNO085/ceva_bno085.o
                0x20000000                bno085_dbg
 .data.SystemCoreClock
                0x200000c0        0x4 ./Core/Src/system_stm32g4xx.o
                0x200000c0                SystemCoreClock
 .data.LED_PORT
                0x200000c4        0x4 ./Drivers/BSP/STM32G4xx_Nucleo/stm32g4xx_nucleo.o
 .data.BUTTON_PORT
                0x200000c8        0x4 ./Drivers/BSP/STM32G4xx_Nucleo/stm32g4xx_nucleo.o
 .data.COM_USART
                0x200000cc        0x4 ./Drivers/BSP/STM32G4xx_Nucleo/stm32g4xx_nucleo.o
 .data.ButtonCallback.1
                0x200000d0        0x4 ./Drivers/BSP/STM32G4xx_Nucleo/stm32g4xx_nucleo.o
 .data.BSP_BUTTON_PRIO.0
                0x200000d4        0x4 ./Drivers/BSP/STM32G4xx_Nucleo/stm32g4xx_nucleo.o
 .data.uwTickPrio
                0x200000d8        0x4 ./Drivers/STM32G4xx_HAL_Driver/Src/stm32g4xx_hal.o
                0x200000d8                uwTickPrio
 .data.uwTickFreq
                0x200000dc        0x4 ./Drivers/STM32G4xx_HAL_Driver/Src/stm32g4xx_hal.o
                0x200000dc                uwTickFreq
 .data._impure_ptr
                0x200000e0        0x4 /Applications/STM32CubeIDE.app/Contents/Eclipse/plugins/com.st.stm32cube.ide.mcu.externaltools.gnu-tools-for-stm32.14.3.rel1.macosaarch64_1.0.0.202602081740/tools/bin/../lib/gcc/arm-none-eabi/14.3.1/../../../../arm-none-eabi/lib/thumb/v7e-m+fp/hard/libc_nano.a(libc_a-impure.o)
                0x200000e0                _impure_ptr
 .data._impure_data
                0x200000e4       0x4c /Applications/STM32CubeIDE.app/Contents/Eclipse/plugins/com.st.stm32cube.ide.mcu.externaltools.gnu-tools-for-stm32.14.3.rel1.macosaarch64_1.0.0.202602081740/tools/bin/../lib/gcc/arm-none-eabi/14.3.1/../../../../arm-none-eabi/lib/thumb/v7e-m+fp/hard/libc_nano.a(libc_a-impure.o)
                0x200000e4                _impure_data
 *(.RamFunc)
 *(.RamFunc*)
                0x20000130                        . = ALIGN (0x4)
                0x20000130                        _edata = .

.igot.plt       0x20000130        0x0 load address 0x08007968
 .igot.plt      0x20000130        0x0 /Applications/STM32CubeIDE.app/Contents/Eclipse/plugins/com.st.stm32cube.ide.mcu.externaltools.gnu-tools-for-stm32.14.3.rel1.macosaarch64_1.0.0.202602081740/tools/bin/../lib/gcc/arm-none-eabi/14.3.1/thumb/v7e-m+fp/hard/crtbegin.o
                0x20000130                        . = ALIGN (0x4)

.bss            0x20000130     0x1014 load address 0x08007968
                0x20000130                        _sbss = .
                0x20000130                        __bss_start__ = _sbss
 *(.bss)
 .bss           0x20000130       0x1c /Applications/STM32CubeIDE.app/Contents/Eclipse/plugins/com.st.stm32cube.ide.mcu.externaltools.gnu-tools-for-stm32.14.3.rel1.macosaarch64_1.0.0.202602081740/tools/bin/../lib/gcc/arm-none-eabi/14.3.1/thumb/v7e-m+fp/hard/crtbegin.o
 *(.bss*)
 .bss.sh2_hal   0x2000014c       0x14 ./Core/Src/BNO085/ceva_bno085.o
 .bss.product_ids
                0x20000160       0x54 ./Core/Src/BNO085/ceva_bno085.o
 .bss.tx_zeros  0x200001b4      0x180 ./Core/Src/BNO085/ceva_bno085.o
 .bss.rx_discard
                0x20000334      0x100 ./Core/Src/BNO085/ceva_bno085.o
 .bss.sh2_is_open
                0x20000434        0x1 ./Core/Src/BNO085/ceva_bno085.o
 .bss.stream_enabled
                0x20000435        0x1 ./Core/Src/BNO085/ceva_bno085.o
 *fill*         0x20000436        0x2 
 .bss.bno085_cmd
                0x20000438        0x4 ./Core/Src/BNO085/ceva_bno085.o
                0x20000438                bno085_cmd
 .bss._sh2      0x2000043c      0x1fc ./Core/Src/BNO085/sh2.o
                0x2000043c                _sh2
 .bss.sh2AsyncEvent
                0x20000638       0x1c ./Core/Src/BNO085/sh2.o
 .bss.lastHostInt.1
                0x20000654        0x4 ./Core/Src/BNO085/sh2.o
 .bss.rollovers.0
                0x20000658        0x4 ./Core/Src/BNO085/sh2.o
 .bss.instances
                0x2000065c      0x834 ./Core/Src/BNO085/shtp.o
 .bss.shtp_initialized
                0x20000e90        0x1 ./Core/Src/BNO085/shtp.o
 *fill*         0x20000e91        0x3 
 .bss.BspCOMInit
                0x20000e94       0x10 ./Core/Src/main.o
                0x20000e94                BspCOMInit
 .bss.hfdcan1   0x20000ea4       0x64 ./Core/Src/main.o
                0x20000ea4                hfdcan1
 .bss.hspi2     0x20000f08       0x64 ./Core/Src/main.o
                0x20000f08                hspi2
 .bss.hpb_exti  0x20000f6c        0x8 ./Drivers/BSP/STM32G4xx_Nucleo/stm32g4xx_nucleo.o
                0x20000f6c                hpb_exti
 .bss.hcom_uart
                0x20000f74       0x94 ./Drivers/BSP/STM32G4xx_Nucleo/stm32g4xx_nucleo.o
                0x20000f74                hcom_uart
 .bss.uwTick    0x20001008        0x4 ./Drivers/STM32G4xx_HAL_Driver/Src/stm32g4xx_hal.o
                0x20001008                uwTick
 .bss.__sf      0x2000100c      0x138 /Applications/STM32CubeIDE.app/Contents/Eclipse/plugins/com.st.stm32cube.ide.mcu.externaltools.gnu-tools-for-stm32.14.3.rel1.macosaarch64_1.0.0.202602081740/tools/bin/../lib/gcc/arm-none-eabi/14.3.1/../../../../arm-none-eabi/lib/thumb/v7e-m+fp/hard/libc_nano.a(libc_a-findfp.o)
                0x2000100c                __sf
 *(COMMON)
                0x20001144                        . = ALIGN (0x4)
                0x20001144                        _ebss = .
                0x20001144                        __bss_end__ = _ebss

._user_heap_stack
                0x20001144     0x1804 load address 0x08007968
                0x20001148                        . = ALIGN (0x8)
 *fill*         0x20001144        0x4 
                [!provide]                        PROVIDE (end = .)
                0x20001148                        PROVIDE (_end = .)
                0x20001948                        . = (. + _Min_Heap_Size)
 *fill*         0x20001148      0x800 
                0x20002948                        . = (. + _Min_Stack_Size)
 *fill*         0x20001948     0x1000 
                0x20002948                        . = ALIGN (0x8)

/DISCARD/
 libc.a(*)
 libm.a(*)
 libgcc.a(*)

.ARM.attributes
                0x00000000       0x30
 *(.ARM.attributes)
 .ARM.attributes
                0x00000000       0x22 /Applications/STM32CubeIDE.app/Contents/Eclipse/plugins/com.st.stm32cube.ide.mcu.externaltools.gnu-tools-for-stm32.14.3.rel1.macosaarch64_1.0.0.202602081740/tools/bin/../lib/gcc/arm-none-eabi/14.3.1/thumb/v7e-m+fp/hard/crti.o
 .ARM.attributes
                0x00000022       0x34 /Applications/STM32CubeIDE.app/Contents/Eclipse/plugins/com.st.stm32cube.ide.mcu.externaltools.gnu-tools-for-stm32.14.3.rel1.macosaarch64_1.0.0.202602081740/tools/bin/../lib/gcc/arm-none-eabi/14.3.1/thumb/v7e-m+fp/hard/crtbegin.o
 .ARM.attributes
                0x00000056       0x34 ./Core/Src/BNO085/ceva_bno085.o
 .ARM.attributes
                0x0000008a       0x34 ./Core/Src/BNO085/sh2.o
 .ARM.attributes
                0x000000be       0x34 ./Core/Src/BNO085/sh2_SensorValue.o
 .ARM.attributes
                0x000000f2       0x34 ./Core/Src/BNO085/sh2_util.o
 .ARM.attributes
                0x00000126       0x34 ./Core/Src/BNO085/shtp.o
 .ARM.attributes
                0x0000015a       0x34 ./Core/Src/main.o
 .ARM.attributes
                0x0000018e       0x34 ./Core/Src/stm32g4xx_hal_msp.o
 .ARM.attributes
                0x000001c2       0x34 ./Core/Src/stm32g4xx_it.o
 .ARM.attributes
                0x000001f6       0x34 ./Core/Src/system_stm32g4xx.o
 .ARM.attributes
                0x0000022a       0x21 ./Core/Startup/startup_stm32g431rbtx.o
 .ARM.attributes
                0x0000024b       0x34 ./Drivers/BSP/STM32G4xx_Nucleo/stm32g4xx_nucleo.o
 .ARM.attributes
                0x0000027f       0x34 ./Drivers/STM32G4xx_HAL_Driver/Src/stm32g4xx_hal.o
 .ARM.attributes
                0x000002b3       0x34 ./Drivers/STM32G4xx_HAL_Driver/Src/stm32g4xx_hal_cortex.o
 .ARM.attributes
                0x000002e7       0x34 ./Drivers/STM32G4xx_HAL_Driver/Src/stm32g4xx_hal_exti.o
 .ARM.attributes
                0x0000031b       0x34 ./Drivers/STM32G4xx_HAL_Driver/Src/stm32g4xx_hal_fdcan.o
 .ARM.attributes
                0x0000034f       0x34 ./Drivers/STM32G4xx_HAL_Driver/Src/stm32g4xx_hal_gpio.o
 .ARM.attributes
                0x00000383       0x34 ./Drivers/STM32G4xx_HAL_Driver/Src/stm32g4xx_hal_pwr_ex.o
 .ARM.attributes
                0x000003b7       0x34 ./Drivers/STM32G4xx_HAL_Driver/Src/stm32g4xx_hal_rcc.o
 .ARM.attributes
                0x000003eb       0x34 ./Drivers/STM32G4xx_HAL_Driver/Src/stm32g4xx_hal_rcc_ex.o
 .ARM.attributes
                0x0000041f       0x34 ./Drivers/STM32G4xx_HAL_Driver/Src/stm32g4xx_hal_spi.o
 .ARM.attributes
                0x00000453       0x34 ./Drivers/STM32G4xx_HAL_Driver/Src/stm32g4xx_hal_uart.o
 .ARM.attributes
                0x00000487       0x34 /Applications/STM32CubeIDE.app/Contents/Eclipse/plugins/com.st.stm32cube.ide.mcu.externaltools.gnu-tools-for-stm32.14.3.rel1.macosaarch64_1.0.0.202602081740/tools/bin/../lib/gcc/arm-none-eabi/14.3.1/../../../../arm-none-eabi/lib/thumb/v7e-m+fp/hard/libc_nano.a(libc_a-findfp.o)
 .ARM.attributes
                0x000004bb       0x34 /Applications/STM32CubeIDE.app/Contents/Eclipse/plugins/com.st.stm32cube.ide.mcu.externaltools.gnu-tools-for-stm32.14.3.rel1.macosaarch64_1.0.0.202602081740/tools/bin/../lib/gcc/arm-none-eabi/14.3.1/../../../../arm-none-eabi/lib/thumb/v7e-m+fp/hard/libc_nano.a(libc_a-memset.o)
 .ARM.attributes
                0x000004ef       0x34 /Applications/STM32CubeIDE.app/Contents/Eclipse/plugins/com.st.stm32cube.ide.mcu.externaltools.gnu-tools-for-stm32.14.3.rel1.macosaarch64_1.0.0.202602081740/tools/bin/../lib/gcc/arm-none-eabi/14.3.1/../../../../arm-none-eabi/lib/thumb/v7e-m+fp/hard/libc_nano.a(libc_a-errno.o)
 .ARM.attributes
                0x00000523       0x34 /Applications/STM32CubeIDE.app/Contents/Eclipse/plugins/com.st.stm32cube.ide.mcu.externaltools.gnu-tools-for-stm32.14.3.rel1.macosaarch64_1.0.0.202602081740/tools/bin/../lib/gcc/arm-none-eabi/14.3.1/../../../../arm-none-eabi/lib/thumb/v7e-m+fp/hard/libc_nano.a(libc_a-init.o)
 .ARM.attributes
                0x00000557       0x34 /Applications/STM32CubeIDE.app/Contents/Eclipse/plugins/com.st.stm32cube.ide.mcu.externaltools.gnu-tools-for-stm32.14.3.rel1.macosaarch64_1.0.0.202602081740/tools/bin/../lib/gcc/arm-none-eabi/14.3.1/../../../../arm-none-eabi/lib/thumb/v7e-m+fp/hard/libc_nano.a(libc_a-impure.o)
 .ARM.attributes
                0x0000058b       0x20 /Applications/STM32CubeIDE.app/Contents/Eclipse/plugins/com.st.stm32cube.ide.mcu.externaltools.gnu-tools-for-stm32.14.3.rel1.macosaarch64_1.0.0.202602081740/tools/bin/../lib/gcc/arm-none-eabi/14.3.1/../../../../arm-none-eabi/lib/thumb/v7e-m+fp/hard/libc_nano.a(libc_a-strcmp.o)
 .ARM.attributes
                0x000005ab       0x34 /Applications/STM32CubeIDE.app/Contents/Eclipse/plugins/com.st.stm32cube.ide.mcu.externaltools.gnu-tools-for-stm32.14.3.rel1.macosaarch64_1.0.0.202602081740/tools/bin/../lib/gcc/arm-none-eabi/14.3.1/../../../../arm-none-eabi/lib/thumb/v7e-m+fp/hard/libc_nano.a(libc_a-strcpy.o)
 .ARM.attributes
                0x000005df       0x34 /Applications/STM32CubeIDE.app/Contents/Eclipse/plugins/com.st.stm32cube.ide.mcu.externaltools.gnu-tools-for-stm32.14.3.rel1.macosaarch64_1.0.0.202602081740/tools/bin/../lib/gcc/arm-none-eabi/14.3.1/../../../../arm-none-eabi/lib/thumb/v7e-m+fp/hard/libc_nano.a(libc_a-memcpy-stub.o)
 .ARM.attributes
                0x00000613       0x17 /Applications/STM32CubeIDE.app/Contents/Eclipse/plugins/com.st.stm32cube.ide.mcu.externaltools.gnu-tools-for-stm32.14.3.rel1.macosaarch64_1.0.0.202602081740/tools/bin/../lib/gcc/arm-none-eabi/14.3.1/../../../../arm-none-eabi/lib/thumb/v7e-m+fp/hard/libc_nano.a(libc_a-strlen.o)
 .ARM.attributes
                0x0000062a       0x34 /Applications/STM32CubeIDE.app/Contents/Eclipse/plugins/com.st.stm32cube.ide.mcu.externaltools.gnu-tools-for-stm32.14.3.rel1.macosaarch64_1.0.0.202602081740/tools/bin/../lib/gcc/arm-none-eabi/14.3.1/../../../../arm-none-eabi/lib/thumb/v7e-m+fp/hard/libm.a(libm_a-wf_asin.o)
 .ARM.attributes
                0x0000065e       0x34 /Applications/STM32CubeIDE.app/Contents/Eclipse/plugins/com.st.stm32cube.ide.mcu.externaltools.gnu-tools-for-stm32.14.3.rel1.macosaarch64_1.0.0.202602081740/tools/bin/../lib/gcc/arm-none-eabi/14.3.1/../../../../arm-none-eabi/lib/thumb/v7e-m+fp/hard/libm.a(libm_a-wf_atan2.o)
 .ARM.attributes
                0x00000692       0x34 /Applications/STM32CubeIDE.app/Contents/Eclipse/plugins/com.st.stm32cube.ide.mcu.externaltools.gnu-tools-for-stm32.14.3.rel1.macosaarch64_1.0.0.202602081740/tools/bin/../lib/gcc/arm-none-eabi/14.3.1/../../../../arm-none-eabi/lib/thumb/v7e-m+fp/hard/libm.a(libm_a-sf_fabs.o)
 .ARM.attributes
                0x000006c6       0x34 /Applications/STM32CubeIDE.app/Contents/Eclipse/plugins/com.st.stm32cube.ide.mcu.externaltools.gnu-tools-for-stm32.14.3.rel1.macosaarch64_1.0.0.202602081740/tools/bin/../lib/gcc/arm-none-eabi/14.3.1/../../../../arm-none-eabi/lib/thumb/v7e-m+fp/hard/libm.a(libm_a-sf_nan.o)
 .ARM.attributes
                0x000006fa       0x34 /Applications/STM32CubeIDE.app/Contents/Eclipse/plugins/com.st.stm32cube.ide.mcu.externaltools.gnu-tools-for-stm32.14.3.rel1.macosaarch64_1.0.0.202602081740/tools/bin/../lib/gcc/arm-none-eabi/14.3.1/../../../../arm-none-eabi/lib/thumb/v7e-m+fp/hard/libm.a(libm_a-ef_asin.o)
 .ARM.attributes
                0x0000072e       0x34 /Applications/STM32CubeIDE.app/Contents/Eclipse/plugins/com.st.stm32cube.ide.mcu.externaltools.gnu-tools-for-stm32.14.3.rel1.macosaarch64_1.0.0.202602081740/tools/bin/../lib/gcc/arm-none-eabi/14.3.1/../../../../arm-none-eabi/lib/thumb/v7e-m+fp/hard/libm.a(libm_a-ef_atan2.o)
 .ARM.attributes
                0x00000762       0x34 /Applications/STM32CubeIDE.app/Contents/Eclipse/plugins/com.st.stm32cube.ide.mcu.externaltools.gnu-tools-for-stm32.14.3.rel1.macosaarch64_1.0.0.202602081740/tools/bin/../lib/gcc/arm-none-eabi/14.3.1/../../../../arm-none-eabi/lib/thumb/v7e-m+fp/hard/libm.a(libm_a-ef_sqrt.o)
 .ARM.attributes
                0x00000796       0x34 /Applications/STM32CubeIDE.app/Contents/Eclipse/plugins/com.st.stm32cube.ide.mcu.externaltools.gnu-tools-for-stm32.14.3.rel1.macosaarch64_1.0.0.202602081740/tools/bin/../lib/gcc/arm-none-eabi/14.3.1/../../../../arm-none-eabi/lib/thumb/v7e-m+fp/hard/libm.a(libm_a-sf_atan.o)
 .ARM.attributes
                0x000007ca       0x22 /Applications/STM32CubeIDE.app/Contents/Eclipse/plugins/com.st.stm32cube.ide.mcu.externaltools.gnu-tools-for-stm32.14.3.rel1.macosaarch64_1.0.0.202602081740/tools/bin/../lib/gcc/arm-none-eabi/14.3.1/thumb/v7e-m+fp/hard/libgcc.a(_aeabi_uldivmod.o)
 .ARM.attributes
                0x000007ec       0x34 /Applications/STM32CubeIDE.app/Contents/Eclipse/plugins/com.st.stm32cube.ide.mcu.externaltools.gnu-tools-for-stm32.14.3.rel1.macosaarch64_1.0.0.202602081740/tools/bin/../lib/gcc/arm-none-eabi/14.3.1/thumb/v7e-m+fp/hard/libgcc.a(_udivmoddi4.o)
 .ARM.attributes
                0x00000820       0x22 /Applications/STM32CubeIDE.app/Contents/Eclipse/plugins/com.st.stm32cube.ide.mcu.externaltools.gnu-tools-for-stm32.14.3.rel1.macosaarch64_1.0.0.202602081740/tools/bin/../lib/gcc/arm-none-eabi/14.3.1/thumb/v7e-m+fp/hard/libgcc.a(_dvmd_tls.o)
 .ARM.attributes
                0x00000842       0x22 /Applications/STM32CubeIDE.app/Contents/Eclipse/plugins/com.st.stm32cube.ide.mcu.externaltools.gnu-tools-for-stm32.14.3.rel1.macosaarch64_1.0.0.202602081740/tools/bin/../lib/gcc/arm-none-eabi/14.3.1/thumb/v7e-m+fp/hard/crtn.o
OUTPUT(bottom-can.elf elf32-littlearm)
LOAD linker stubs
LOAD /Applications/STM32CubeIDE.app/Contents/Eclipse/plugins/com.st.stm32cube.ide.mcu.externaltools.gnu-tools-for-stm32.14.3.rel1.macosaarch64_1.0.0.202602081740/tools/bin/../lib/gcc/arm-none-eabi/14.3.1/../../../../arm-none-eabi/lib/thumb/v7e-m+fp/hard/libc.a
LOAD /Applications/STM32CubeIDE.app/Contents/Eclipse/plugins/com.st.stm32cube.ide.mcu.externaltools.gnu-tools-for-stm32.14.3.rel1.macosaarch64_1.0.0.202602081740/tools/bin/../lib/gcc/arm-none-eabi/14.3.1/../../../../arm-none-eabi/lib/thumb/v7e-m+fp/hard/libm.a
LOAD /Applications/STM32CubeIDE.app/Contents/Eclipse/plugins/com.st.stm32cube.ide.mcu.externaltools.gnu-tools-for-stm32.14.3.rel1.macosaarch64_1.0.0.202602081740/tools/bin/../lib/gcc/arm-none-eabi/14.3.1/thumb/v7e-m+fp/hard/libgcc.a

.debug_info     0x00000000    0x17e4c
 .debug_info    0x00000000     0x213c ./Core/Src/BNO085/ceva_bno085.o
 .debug_info    0x0000213c     0x313b ./Core/Src/BNO085/sh2.o
 .debug_info    0x00005277     0x1521 ./Core/Src/BNO085/sh2_SensorValue.o
 .debug_info    0x00006798      0x35f ./Core/Src/BNO085/sh2_util.o
 .debug_info    0x00006af7     0x1083 ./Core/Src/BNO085/shtp.o
 .debug_info    0x00007b7a     0x1555 ./Core/Src/main.o
 .debug_info    0x000090cf     0x11a0 ./Core/Src/stm32g4xx_hal_msp.o
 .debug_info    0x0000a26f      0x11a ./Core/Src/stm32g4xx_it.o
 .debug_info    0x0000a389      0x58e ./Core/Src/system_stm32g4xx.o
 .debug_info    0x0000a917       0x30 ./Core/Startup/startup_stm32g431rbtx.o
 .debug_info    0x0000a947     0x16a8 ./Drivers/BSP/STM32G4xx_Nucleo/stm32g4xx_nucleo.o
 .debug_info    0x0000bfef      0xadb ./Drivers/STM32G4xx_HAL_Driver/Src/stm32g4xx_hal.o
 .debug_info    0x0000caca      0xd3f ./Drivers/STM32G4xx_HAL_Driver/Src/stm32g4xx_hal_cortex.o
 .debug_info    0x0000d809      0x65f ./Drivers/STM32G4xx_HAL_Driver/Src/stm32g4xx_hal_exti.o
 .debug_info    0x0000de68     0x189b ./Drivers/STM32G4xx_HAL_Driver/Src/stm32g4xx_hal_fdcan.o
 .debug_info    0x0000f703      0x772 ./Drivers/STM32G4xx_HAL_Driver/Src/stm32g4xx_hal_gpio.o
 .debug_info    0x0000fe75      0x944 ./Drivers/STM32G4xx_HAL_Driver/Src/stm32g4xx_hal_pwr_ex.o
 .debug_info    0x000107b9      0xb9b ./Drivers/STM32G4xx_HAL_Driver/Src/stm32g4xx_hal_rcc.o
 .debug_info    0x00011354      0xc2d ./Drivers/STM32G4xx_HAL_Driver/Src/stm32g4xx_hal_rcc_ex.o
 .debug_info    0x00011f81     0x1677 ./Drivers/STM32G4xx_HAL_Driver/Src/stm32g4xx_hal_spi.o
 .debug_info    0x000135f8     0x4854 ./Drivers/STM32G4xx_HAL_Driver/Src/stm32g4xx_hal_uart.o

.debug_abbrev   0x00000000     0x2e66
 .debug_abbrev  0x00000000      0x423 ./Core/Src/BNO085/ceva_bno085.o
 .debug_abbrev  0x00000423      0x36d ./Core/Src/BNO085/sh2.o
 .debug_abbrev  0x00000790      0x220 ./Core/Src/BNO085/sh2_SensorValue.o
 .debug_abbrev  0x000009b0       0xd8 ./Core/Src/BNO085/sh2_util.o
 .debug_abbrev  0x00000a88      0x2df ./Core/Src/BNO085/shtp.o
 .debug_abbrev  0x00000d67      0x2c2 ./Core/Src/main.o
 .debug_abbrev  0x00001029      0x1e3 ./Core/Src/stm32g4xx_hal_msp.o
 .debug_abbrev  0x0000120c       0x73 ./Core/Src/stm32g4xx_it.o
 .debug_abbrev  0x0000127f      0x11a ./Core/Src/system_stm32g4xx.o
 .debug_abbrev  0x00001399       0x24 ./Core/Startup/startup_stm32g431rbtx.o
 .debug_abbrev  0x000013bd      0x2fb ./Drivers/BSP/STM32G4xx_Nucleo/stm32g4xx_nucleo.o
 .debug_abbrev  0x000016b8      0x271 ./Drivers/STM32G4xx_HAL_Driver/Src/stm32g4xx_hal.o
 .debug_abbrev  0x00001929      0x31c ./Drivers/STM32G4xx_HAL_Driver/Src/stm32g4xx_hal_cortex.o
 .debug_abbrev  0x00001c45      0x1b1 ./Drivers/STM32G4xx_HAL_Driver/Src/stm32g4xx_hal_exti.o
 .debug_abbrev  0x00001df6      0x1e7 ./Drivers/STM32G4xx_HAL_Driver/Src/stm32g4xx_hal_fdcan.o
 .debug_abbrev  0x00001fdd      0x1d2 ./Drivers/STM32G4xx_HAL_Driver/Src/stm32g4xx_hal_gpio.o
 .debug_abbrev  0x000021af      0x22c ./Drivers/STM32G4xx_HAL_Driver/Src/stm32g4xx_hal_pwr_ex.o
 .debug_abbrev  0x000023db      0x2c9 ./Drivers/STM32G4xx_HAL_Driver/Src/stm32g4xx_hal_rcc.o
 .debug_abbrev  0x000026a4      0x261 ./Drivers/STM32G4xx_HAL_Driver/Src/stm32g4xx_hal_rcc_ex.o
 .debug_abbrev  0x00002905      0x25d ./Drivers/STM32G4xx_HAL_Driver/Src/stm32g4xx_hal_spi.o
 .debug_abbrev  0x00002b62      0x304 ./Drivers/STM32G4xx_HAL_Driver/Src/stm32g4xx_hal_uart.o

.debug_aranges  0x00000000     0x1438
 .debug_aranges
                0x00000000       0xf0 ./Core/Src/BNO085/ceva_bno085.o
 .debug_aranges
                0x000000f0      0x2c0 ./Core/Src/BNO085/sh2.o
 .debug_aranges
                0x000003b0      0x150 ./Core/Src/BNO085/sh2_SensorValue.o
 .debug_aranges
                0x00000500       0x78 ./Core/Src/BNO085/sh2_util.o
 .debug_aranges
                0x00000578       0xd0 ./Core/Src/BNO085/shtp.o
 .debug_aranges
                0x00000648       0x60 ./Core/Src/main.o
 .debug_aranges
                0x000006a8       0x40 ./Core/Src/stm32g4xx_hal_msp.o
 .debug_aranges
                0x000006e8       0x60 ./Core/Src/stm32g4xx_it.o
 .debug_aranges
                0x00000748       0x28 ./Core/Src/system_stm32g4xx.o
 .debug_aranges
                0x00000770       0x28 ./Core/Startup/startup_stm32g431rbtx.o
 .debug_aranges
                0x00000798       0xc8 ./Drivers/BSP/STM32G4xx_Nucleo/stm32g4xx_nucleo.o
 .debug_aranges
                0x00000860      0x148 ./Drivers/STM32G4xx_HAL_Driver/Src/stm32g4xx_hal.o
 .debug_aranges
                0x000009a8      0x128 ./Drivers/STM32G4xx_HAL_Driver/Src/stm32g4xx_hal_cortex.o
 .debug_aranges
                0x00000ad0       0x60 ./Drivers/STM32G4xx_HAL_Driver/Src/stm32g4xx_hal_exti.o
 .debug_aranges
                0x00000b30      0x208 ./Drivers/STM32G4xx_HAL_Driver/Src/stm32g4xx_hal_fdcan.o
 .debug_aranges
                0x00000d38       0x58 ./Drivers/STM32G4xx_HAL_Driver/Src/stm32g4xx_hal_gpio.o
 .debug_aranges
                0x00000d90      0x140 ./Drivers/STM32G4xx_HAL_Driver/Src/stm32g4xx_hal_pwr_ex.o
 .debug_aranges
                0x00000ed0       0x98 ./Drivers/STM32G4xx_HAL_Driver/Src/stm32g4xx_hal_rcc.o
 .debug_aranges
                0x00000f68       0xb0 ./Drivers/STM32G4xx_HAL_Driver/Src/stm32g4xx_hal_rcc_ex.o
 .debug_aranges
                0x00001018      0x1d8 ./Drivers/STM32G4xx_HAL_Driver/Src/stm32g4xx_hal_spi.o
 .debug_aranges
                0x000011f0      0x248 ./Drivers/STM32G4xx_HAL_Driver/Src/stm32g4xx_hal_uart.o

.debug_rnglists
                0x00000000      0xf8e
 .debug_rnglists
                0x00000000       0xb5 ./Core/Src/BNO085/ceva_bno085.o
 .debug_rnglists
                0x000000b5      0x21e ./Core/Src/BNO085/sh2.o
 .debug_rnglists
                0x000002d3      0x105 ./Core/Src/BNO085/sh2_SensorValue.o
 .debug_rnglists
                0x000003d8       0x55 ./Core/Src/BNO085/sh2_util.o
 .debug_rnglists
                0x0000042d       0xad ./Core/Src/BNO085/shtp.o
 .debug_rnglists
                0x000004da       0x46 ./Core/Src/main.o
 .debug_rnglists
                0x00000520       0x2d ./Core/Src/stm32g4xx_hal_msp.o
 .debug_rnglists
                0x0000054d       0x43 ./Core/Src/stm32g4xx_it.o
 .debug_rnglists
                0x00000590       0x1a ./Core/Src/system_stm32g4xx.o
 .debug_rnglists
                0x000005aa       0x19 ./Core/Startup/startup_stm32g431rbtx.o
 .debug_rnglists
                0x000005c3       0x93 ./Drivers/BSP/STM32G4xx_Nucleo/stm32g4xx_nucleo.o
 .debug_rnglists
                0x00000656       0xf1 ./Drivers/STM32G4xx_HAL_Driver/Src/stm32g4xx_hal.o
 .debug_rnglists
                0x00000747       0xda ./Drivers/STM32G4xx_HAL_Driver/Src/stm32g4xx_hal_cortex.o
 .debug_rnglists
                0x00000821       0x46 ./Drivers/STM32G4xx_HAL_Driver/Src/stm32g4xx_hal_exti.o
 .debug_rnglists
                0x00000867      0x18d ./Drivers/STM32G4xx_HAL_Driver/Src/stm32g4xx_hal_fdcan.o
 .debug_rnglists
                0x000009f4       0x3f ./Drivers/STM32G4xx_HAL_Driver/Src/stm32g4xx_hal_gpio.o
 .debug_rnglists
                0x00000a33       0xf1 ./Drivers/STM32G4xx_HAL_Driver/Src/stm32g4xx_hal_pwr_ex.o
 .debug_rnglists
                0x00000b24       0x74 ./Drivers/STM32G4xx_HAL_Driver/Src/stm32g4xx_hal_rcc.o
 .debug_rnglists
                0x00000b98       0x87 ./Drivers/STM32G4xx_HAL_Driver/Src/stm32g4xx_hal_rcc_ex.o
 .debug_rnglists
                0x00000c1f      0x178 ./Drivers/STM32G4xx_HAL_Driver/Src/stm32g4xx_hal_spi.o
 .debug_rnglists
                0x00000d97      0x1f7 ./Drivers/STM32G4xx_HAL_Driver/Src/stm32g4xx_hal_uart.o

.debug_macro    0x00000000    0x1f2b2
 .debug_macro   0x00000000      0x3a1 ./Core/Src/BNO085/ceva_bno085.o
 .debug_macro   0x000003a1      0xade ./Core/Src/BNO085/ceva_bno085.o
 .debug_macro   0x00000e7f       0x22 ./Core/Src/BNO085/ceva_bno085.o
 .debug_macro   0x00000ea1       0x8e ./Core/Src/BNO085/ceva_bno085.o
 .debug_macro   0x00000f2f       0x51 ./Core/Src/BNO085/ceva_bno085.o
 .debug_macro   0x00000f80      0x103 ./Core/Src/BNO085/ceva_bno085.o
 .debug_macro   0x00001083       0x6a ./Core/Src/BNO085/ceva_bno085.o
 .debug_macro   0x000010ed      0x1df ./Core/Src/BNO085/ceva_bno085.o
 .debug_macro   0x000012cc       0x22 ./Core/Src/BNO085/ceva_bno085.o
 .debug_macro   0x000012ee       0x28 ./Core/Src/BNO085/ceva_bno085.o
 .debug_macro   0x00001316      0x22b ./Core/Src/BNO085/ceva_bno085.o
 .debug_macro   0x00001541       0x61 ./Core/Src/BNO085/ceva_bno085.o
 .debug_macro   0x000015a2       0x2a ./Core/Src/BNO085/ceva_bno085.o
 .debug_macro   0x000015cc       0x43 ./Core/Src/BNO085/ceva_bno085.o
 .debug_macro   0x0000160f       0x34 ./Core/Src/BNO085/ceva_bno085.o
 .debug_macro   0x00001643      0x190 ./Core/Src/BNO085/ceva_bno085.o
 .debug_macro   0x000017d3      0x364 ./Core/Src/BNO085/ceva_bno085.o
 .debug_macro   0x00001b37       0x16 ./Core/Src/BNO085/ceva_bno085.o
 .debug_macro   0x00001b4d       0x4a ./Core/Src/BNO085/ceva_bno085.o
 .debug_macro   0x00001b97       0x34 ./Core/Src/BNO085/ceva_bno085.o
 .debug_macro   0x00001bcb       0x10 ./Core/Src/BNO085/ceva_bno085.o
 .debug_macro   0x00001bdb       0x58 ./Core/Src/BNO085/ceva_bno085.o
 .debug_macro   0x00001c33       0x8e ./Core/Src/BNO085/ceva_bno085.o
 .debug_macro   0x00001cc1       0x1c ./Core/Src/BNO085/ceva_bno085.o
 .debug_macro   0x00001cdd      0x17e ./Core/Src/BNO085/ceva_bno085.o
 .debug_macro   0x00001e5b      0x19b ./Core/Src/BNO085/ceva_bno085.o
 .debug_macro   0x00001ff6       0x16 ./Core/Src/BNO085/ceva_bno085.o
 .debug_macro   0x0000200c       0x3c ./Core/Src/BNO085/ceva_bno085.o
 .debug_macro   0x00002048       0x20 ./Core/Src/BNO085/ceva_bno085.o
 .debug_macro   0x00002068      0x161 ./Core/Src/BNO085/ceva_bno085.o
 .debug_macro   0x000021c9       0x2e ./Core/Src/BNO085/ceva_bno085.o
 .debug_macro   0x000021f7       0x28 ./Core/Src/BNO085/ceva_bno085.o
 .debug_macro   0x0000221f       0x1c ./Core/Src/BNO085/ceva_bno085.o
 .debug_macro   0x0000223b       0x22 ./Core/Src/BNO085/ceva_bno085.o
 .debug_macro   0x0000225d       0xfb ./Core/Src/BNO085/ceva_bno085.o
 .debug_macro   0x00002358     0x1011 ./Core/Src/BNO085/ceva_bno085.o
 .debug_macro   0x00003369      0x11f ./Core/Src/BNO085/ceva_bno085.o
 .debug_macro   0x00003488    0x1138f ./Core/Src/BNO085/ceva_bno085.o
 .debug_macro   0x00014817       0x6d ./Core/Src/BNO085/ceva_bno085.o
 .debug_macro   0x00014884     0x3558 ./Core/Src/BNO085/ceva_bno085.o
 .debug_macro   0x00017ddc       0x56 ./Core/Src/BNO085/ceva_bno085.o
 .debug_macro   0x00017e32     0x141d ./Core/Src/BNO085/ceva_bno085.o
 .debug_macro   0x0001924f      0x535 ./Core/Src/BNO085/ceva_bno085.o
 .debug_macro   0x00019784      0x1b6 ./Core/Src/BNO085/ceva_bno085.o
 .debug_macro   0x0001993a      0x288 ./Core/Src/BNO085/ceva_bno085.o
 .debug_macro   0x00019bc2      0x41d ./Core/Src/BNO085/ceva_bno085.o
 .debug_macro   0x00019fdf      0x18b ./Core/Src/BNO085/ceva_bno085.o
 .debug_macro   0x0001a16a       0x43 ./Core/Src/BNO085/ceva_bno085.o
 .debug_macro   0x0001a1ad      0x23d ./Core/Src/BNO085/ceva_bno085.o
 .debug_macro   0x0001a3ea      0x211 ./Core/Src/BNO085/ceva_bno085.o
 .debug_macro   0x0001a5fb      0x6bd ./Core/Src/BNO085/ceva_bno085.o
 .debug_macro   0x0001acb8      0x401 ./Core/Src/BNO085/ceva_bno085.o
 .debug_macro   0x0001b0b9      0x107 ./Core/Src/BNO085/ceva_bno085.o
 .debug_macro   0x0001b1c0      0x122 ./Core/Src/BNO085/ceva_bno085.o
 .debug_macro   0x0001b2e2      0x3d1 ./Core/Src/BNO085/ceva_bno085.o
 .debug_macro   0x0001b6b3      0x2fe ./Core/Src/BNO085/ceva_bno085.o
 .debug_macro   0x0001b9b1      0x693 ./Core/Src/BNO085/ceva_bno085.o
 .debug_macro   0x0001c044       0xa6 ./Core/Src/BNO085/ceva_bno085.o
 .debug_macro   0x0001c0ea      0x306 ./Core/Src/BNO085/ceva_bno085.o
 .debug_macro   0x0001c3f0       0x52 ./Core/Src/BNO085/ceva_bno085.o
 .debug_macro   0x0001c442       0x22 ./Core/Src/BNO085/ceva_bno085.o
 .debug_macro   0x0001c464      0x100 ./Core/Src/BNO085/ceva_bno085.o
 .debug_macro   0x0001c564       0x1c ./Core/Src/BNO085/ceva_bno085.o
 .debug_macro   0x0001c580       0x10 ./Core/Src/BNO085/ceva_bno085.o
 .debug_macro   0x0001c590       0x1c ./Core/Src/BNO085/ceva_bno085.o
 .debug_macro   0x0001c5ac       0x16 ./Core/Src/BNO085/ceva_bno085.o
 .debug_macro   0x0001c5c2      0x146 ./Core/Src/BNO085/ceva_bno085.o
 .debug_macro   0x0001c708       0xac ./Core/Src/BNO085/ceva_bno085.o
 .debug_macro   0x0001c7b4       0xc7 ./Core/Src/BNO085/ceva_bno085.o
 .debug_macro   0x0001c87b       0x34 ./Core/Src/BNO085/ceva_bno085.o
 .debug_macro   0x0001c8af      0x39d ./Core/Src/BNO085/sh2.o
 .debug_macro   0x0001cc4c       0x52 ./Core/Src/BNO085/sh2.o
 .debug_macro   0x0001cc9e       0x10 ./Core/Src/BNO085/sh2.o
 .debug_macro   0x0001ccae       0x10 ./Core/Src/BNO085/sh2.o
 .debug_macro   0x0001ccbe       0xab ./Core/Src/BNO085/sh2_SensorValue.o
 .debug_macro   0x0001cd69       0xc1 ./Core/Src/BNO085/sh2_SensorValue.o
 .debug_macro   0x0001ce2a       0x73 ./Core/Src/BNO085/sh2_util.o
 .debug_macro   0x0001ce9d      0x1b8 ./Core/Src/BNO085/shtp.o
 .debug_macro   0x0001d055       0x4c ./Core/Src/BNO085/shtp.o
 .debug_macro   0x0001d0a1      0x30c ./Core/Src/main.o
 .debug_macro   0x0001d3ad       0x5c ./Core/Src/main.o
 .debug_macro   0x0001d409       0x16 ./Core/Src/main.o
 .debug_macro   0x0001d41f       0x16 ./Core/Src/main.o
 .debug_macro   0x0001d435      0x2e1 ./Core/Src/stm32g4xx_hal_msp.o
 .debug_macro   0x0001d716      0x2eb ./Core/Src/stm32g4xx_it.o
 .debug_macro   0x0001da01      0x1d9 ./Core/Src/system_stm32g4xx.o
 .debug_macro   0x0001dbda      0x206 ./Drivers/BSP/STM32G4xx_Nucleo/stm32g4xx_nucleo.o
 .debug_macro   0x0001dde0       0x1c ./Drivers/BSP/STM32G4xx_Nucleo/stm32g4xx_nucleo.o
 .debug_macro   0x0001ddfc      0x227 ./Drivers/STM32G4xx_HAL_Driver/Src/stm32g4xx_hal.o
 .debug_macro   0x0001e023      0x1d9 ./Drivers/STM32G4xx_HAL_Driver/Src/stm32g4xx_hal_cortex.o
 .debug_macro   0x0001e1fc      0x1e5 ./Drivers/STM32G4xx_HAL_Driver/Src/stm32g4xx_hal_exti.o
 .debug_macro   0x0001e3e1      0x2eb ./Drivers/STM32G4xx_HAL_Driver/Src/stm32g4xx_hal_fdcan.o
 .debug_macro   0x0001e6cc      0x1e0 ./Drivers/STM32G4xx_HAL_Driver/Src/stm32g4xx_hal_gpio.o
 .debug_macro   0x0001e8ac      0x203 ./Drivers/STM32G4xx_HAL_Driver/Src/stm32g4xx_hal_pwr_ex.o
 .debug_macro   0x0001eaaf      0x21b ./Drivers/STM32G4xx_HAL_Driver/Src/stm32g4xx_hal_rcc.o
 .debug_macro   0x0001ecca      0x203 ./Drivers/STM32G4xx_HAL_Driver/Src/stm32g4xx_hal_rcc_ex.o
 .debug_macro   0x0001eecd      0x1e1 ./Drivers/STM32G4xx_HAL_Driver/Src/stm32g4xx_hal_spi.o
 .debug_macro   0x0001f0ae      0x204 ./Drivers/STM32G4xx_HAL_Driver/Src/stm32g4xx_hal_uart.o

.debug_line     0x00000000    0x145f7
 .debug_line    0x00000000     0x1041 ./Core/Src/BNO085/ceva_bno085.o
 .debug_line    0x00001041     0x19dc ./Core/Src/BNO085/sh2.o
 .debug_line    0x00002a1d      0xe67 ./Core/Src/BNO085/sh2_SensorValue.o
 .debug_line    0x00003884      0x5ae ./Core/Src/BNO085/sh2_util.o
 .debug_line    0x00003e32      0xcda ./Core/Src/BNO085/shtp.o
 .debug_line    0x00004b0c      0xaed ./Core/Src/main.o
 .debug_line    0x000055f9      0x99d ./Core/Src/stm32g4xx_hal_msp.o
 .debug_line    0x00005f96      0x999 ./Core/Src/stm32g4xx_it.o
 .debug_line    0x0000692f      0x790 ./Core/Src/system_stm32g4xx.o
 .debug_line    0x000070bf       0x7b ./Core/Startup/startup_stm32g431rbtx.o
 .debug_line    0x0000713a      0xabe ./Drivers/BSP/STM32G4xx_Nucleo/stm32g4xx_nucleo.o
 .debug_line    0x00007bf8      0xb5f ./Drivers/STM32G4xx_HAL_Driver/Src/stm32g4xx_hal.o
 .debug_line    0x00008757      0xcc1 ./Drivers/STM32G4xx_HAL_Driver/Src/stm32g4xx_hal_cortex.o
 .debug_line    0x00009418      0xa9c ./Drivers/STM32G4xx_HAL_Driver/Src/stm32g4xx_hal_exti.o
 .debug_line    0x00009eb4     0x18b6 ./Drivers/STM32G4xx_HAL_Driver/Src/stm32g4xx_hal_fdcan.o
 .debug_line    0x0000b76a      0xb48 ./Drivers/STM32G4xx_HAL_Driver/Src/stm32g4xx_hal_gpio.o
 .debug_line    0x0000c2b2      0xcbb ./Drivers/STM32G4xx_HAL_Driver/Src/stm32g4xx_hal_pwr_ex.o
 .debug_line    0x0000cf6d      0xfdf ./Drivers/STM32G4xx_HAL_Driver/Src/stm32g4xx_hal_rcc.o
 .debug_line    0x0000df4c     0x110c ./Drivers/STM32G4xx_HAL_Driver/Src/stm32g4xx_hal_rcc_ex.o
 .debug_line    0x0000f058     0x200a ./Drivers/STM32G4xx_HAL_Driver/Src/stm32g4xx_hal_spi.o
 .debug_line    0x00011062     0x3595 ./Drivers/STM32G4xx_HAL_Driver/Src/stm32g4xx_hal_uart.o

.debug_str      0x00000000    0xc353a
 .debug_str     0x00000000    0xc353a ./Core/Src/BNO085/ceva_bno085.o
                              0xbc622 (size before relaxing)
 .debug_str     0x000c353a     0x9fee ./Core/Src/BNO085/sh2.o
 .debug_str     0x000c353a     0x5cb6 ./Core/Src/BNO085/sh2_SensorValue.o
 .debug_str     0x000c353a     0x3e9d ./Core/Src/BNO085/sh2_util.o
 .debug_str     0x000c353a     0x7bfb ./Core/Src/BNO085/shtp.o
 .debug_str     0x000c353a    0xbad3c ./Core/Src/main.o
 .debug_str     0x000c353a    0xb9f1b ./Core/Src/stm32g4xx_hal_msp.o
 .debug_str     0x000c353a    0xb939c ./Core/Src/stm32g4xx_it.o
 .debug_str     0x000c353a    0xb5353 ./Core/Src/system_stm32g4xx.o
 .debug_str     0x000c353a       0x6c ./Core/Startup/startup_stm32g431rbtx.o
 .debug_str     0x000c353a    0xb6a62 ./Drivers/BSP/STM32G4xx_Nucleo/stm32g4xx_nucleo.o
 .debug_str     0x000c353a    0xb5e92 ./Drivers/STM32G4xx_HAL_Driver/Src/stm32g4xx_hal.o
 .debug_str     0x000c353a    0xb5b4e ./Drivers/STM32G4xx_HAL_Driver/Src/stm32g4xx_hal_cortex.o
 .debug_str     0x000c353a    0xb53ed ./Drivers/STM32G4xx_HAL_Driver/Src/stm32g4xx_hal_exti.o
 .debug_str     0x000c353a    0xb68fa ./Drivers/STM32G4xx_HAL_Driver/Src/stm32g4xx_hal_fdcan.o
 .debug_str     0x000c353a    0xb54de ./Drivers/STM32G4xx_HAL_Driver/Src/stm32g4xx_hal_gpio.o
 .debug_str     0x000c353a    0xb5841 ./Drivers/STM32G4xx_HAL_Driver/Src/stm32g4xx_hal_pwr_ex.o
 .debug_str     0x000c353a    0xb5a4c ./Drivers/STM32G4xx_HAL_Driver/Src/stm32g4xx_hal_rcc.o
 .debug_str     0x000c353a    0xb5a4d ./Drivers/STM32G4xx_HAL_Driver/Src/stm32g4xx_hal_rcc_ex.o
 .debug_str     0x000c353a    0xb5c85 ./Drivers/STM32G4xx_HAL_Driver/Src/stm32g4xx_hal_spi.o
 .debug_str     0x000c353a    0xb630e ./Drivers/STM32G4xx_HAL_Driver/Src/stm32g4xx_hal_uart.o

.comment        0x00000000       0x43
 .comment       0x00000000       0x43 ./Core/Src/BNO085/ceva_bno085.o
                                 0x44 (size before relaxing)
 .comment       0x00000043       0x44 ./Core/Src/BNO085/sh2.o
 .comment       0x00000043       0x44 ./Core/Src/BNO085/sh2_SensorValue.o
 .comment       0x00000043       0x44 ./Core/Src/BNO085/sh2_util.o
 .comment       0x00000043       0x44 ./Core/Src/BNO085/shtp.o
 .comment       0x00000043       0x44 ./Core/Src/main.o
 .comment       0x00000043       0x44 ./Core/Src/stm32g4xx_hal_msp.o
 .comment       0x00000043       0x44 ./Core/Src/stm32g4xx_it.o
 .comment       0x00000043       0x44 ./Core/Src/system_stm32g4xx.o
 .comment       0x00000043       0x44 ./Drivers/BSP/STM32G4xx_Nucleo/stm32g4xx_nucleo.o
 .comment       0x00000043       0x44 ./Drivers/STM32G4xx_HAL_Driver/Src/stm32g4xx_hal.o
 .comment       0x00000043       0x44 ./Drivers/STM32G4xx_HAL_Driver/Src/stm32g4xx_hal_cortex.o
 .comment       0x00000043       0x44 ./Drivers/STM32G4xx_HAL_Driver/Src/stm32g4xx_hal_exti.o
 .comment       0x00000043       0x44 ./Drivers/STM32G4xx_HAL_Driver/Src/stm32g4xx_hal_fdcan.o
 .comment       0x00000043       0x44 ./Drivers/STM32G4xx_HAL_Driver/Src/stm32g4xx_hal_gpio.o
 .comment       0x00000043       0x44 ./Drivers/STM32G4xx_HAL_Driver/Src/stm32g4xx_hal_pwr_ex.o
 .comment       0x00000043       0x44 ./Drivers/STM32G4xx_HAL_Driver/Src/stm32g4xx_hal_rcc.o
 .comment       0x00000043       0x44 ./Drivers/STM32G4xx_HAL_Driver/Src/stm32g4xx_hal_rcc_ex.o
 .comment       0x00000043       0x44 ./Drivers/STM32G4xx_HAL_Driver/Src/stm32g4xx_hal_spi.o
 .comment       0x00000043       0x44 ./Drivers/STM32G4xx_HAL_Driver/Src/stm32g4xx_hal_uart.o

.debug_frame    0x00000000     0x54b8
 .debug_frame   0x00000000      0x3b4 ./Core/Src/BNO085/ceva_bno085.o
 .debug_frame   0x000003b4      0xc2c ./Core/Src/BNO085/sh2.o
 .debug_frame   0x00000fe0      0x590 ./Core/Src/BNO085/sh2_SensorValue.o
 .debug_frame   0x00001570      0x1c0 ./Core/Src/BNO085/sh2_util.o
 .debug_frame   0x00001730      0x35c ./Core/Src/BNO085/shtp.o
 .debug_frame   0x00001a8c      0x130 ./Core/Src/main.o
 .debug_frame   0x00001bbc       0xc4 ./Core/Src/stm32g4xx_hal_msp.o
 .debug_frame   0x00001c80       0xf8 ./Core/Src/stm32g4xx_it.o
 .debug_frame   0x00001d78       0x50 ./Core/Src/system_stm32g4xx.o
 .debug_frame   0x00001dc8      0x308 ./Drivers/BSP/STM32G4xx_Nucleo/stm32g4xx_nucleo.o
 .debug_frame   0x000020d0      0x480 ./Drivers/STM32G4xx_HAL_Driver/Src/stm32g4xx_hal.o
 .debug_frame   0x00002550      0x49c ./Drivers/STM32G4xx_HAL_Driver/Src/stm32g4xx_hal_cortex.o
 .debug_frame   0x000029ec      0x154 ./Drivers/STM32G4xx_HAL_Driver/Src/stm32g4xx_hal_exti.o
 .debug_frame   0x00002b40      0x8d0 ./Drivers/STM32G4xx_HAL_Driver/Src/stm32g4xx_hal_fdcan.o
 .debug_frame   0x00003410      0x130 ./Drivers/STM32G4xx_HAL_Driver/Src/stm32g4xx_hal_gpio.o
 .debug_frame   0x00003540      0x46c ./Drivers/STM32G4xx_HAL_Driver/Src/stm32g4xx_hal_pwr_ex.o
 .debug_frame   0x000039ac      0x218 ./Drivers/STM32G4xx_HAL_Driver/Src/stm32g4xx_hal_rcc.o
 .debug_frame   0x00003bc4      0x27c ./Drivers/STM32G4xx_HAL_Driver/Src/stm32g4xx_hal_rcc_ex.o
 .debug_frame   0x00003e40      0x820 ./Drivers/STM32G4xx_HAL_Driver/Src/stm32g4xx_hal_spi.o
 .debug_frame   0x00004660      0xa18 ./Drivers/STM32G4xx_HAL_Driver/Src/stm32g4xx_hal_uart.o
 .debug_frame   0x00005078      0x144 /Applications/STM32CubeIDE.app/Contents/Eclipse/plugins/com.st.stm32cube.ide.mcu.externaltools.gnu-tools-for-stm32.14.3.rel1.macosaarch64_1.0.0.202602081740/tools/bin/../lib/gcc/arm-none-eabi/14.3.1/../../../../arm-none-eabi/lib/thumb/v7e-m+fp/hard/libc_nano.a(libc_a-findfp.o)
 .debug_frame   0x000051bc       0x20 /Applications/STM32CubeIDE.app/Contents/Eclipse/plugins/com.st.stm32cube.ide.mcu.externaltools.gnu-tools-for-stm32.14.3.rel1.macosaarch64_1.0.0.202602081740/tools/bin/../lib/gcc/arm-none-eabi/14.3.1/../../../../arm-none-eabi/lib/thumb/v7e-m+fp/hard/libc_nano.a(libc_a-memset.o)
 .debug_frame   0x000051dc       0x20 /Applications/STM32CubeIDE.app/Contents/Eclipse/plugins/com.st.stm32cube.ide.mcu.externaltools.gnu-tools-for-stm32.14.3.rel1.macosaarch64_1.0.0.202602081740/tools/bin/../lib/gcc/arm-none-eabi/14.3.1/../../../../arm-none-eabi/lib/thumb/v7e-m+fp/hard/libc_nano.a(libc_a-errno.o)
 .debug_frame   0x000051fc       0x2c /Applications/STM32CubeIDE.app/Contents/Eclipse/plugins/com.st.stm32cube.ide.mcu.externaltools.gnu-tools-for-stm32.14.3.rel1.macosaarch64_1.0.0.202602081740/tools/bin/../lib/gcc/arm-none-eabi/14.3.1/../../../../arm-none-eabi/lib/thumb/v7e-m+fp/hard/libc_nano.a(libc_a-init.o)
 .debug_frame   0x00005228       0x20 /Applications/STM32CubeIDE.app/Contents/Eclipse/plugins/com.st.stm32cube.ide.mcu.externaltools.gnu-tools-for-stm32.14.3.rel1.macosaarch64_1.0.0.202602081740/tools/bin/../lib/gcc/arm-none-eabi/14.3.1/../../../../arm-none-eabi/lib/thumb/v7e-m+fp/hard/libc_nano.a(libc_a-strcmp.o)
 .debug_frame   0x00005248       0x20 /Applications/STM32CubeIDE.app/Contents/Eclipse/plugins/com.st.stm32cube.ide.mcu.externaltools.gnu-tools-for-stm32.14.3.rel1.macosaarch64_1.0.0.202602081740/tools/bin/../lib/gcc/arm-none-eabi/14.3.1/../../../../arm-none-eabi/lib/thumb/v7e-m+fp/hard/libc_nano.a(libc_a-strcpy.o)
 .debug_frame   0x00005268       0x28 /Applications/STM32CubeIDE.app/Contents/Eclipse/plugins/com.st.stm32cube.ide.mcu.externaltools.gnu-tools-for-stm32.14.3.rel1.macosaarch64_1.0.0.202602081740/tools/bin/../lib/gcc/arm-none-eabi/14.3.1/../../../../arm-none-eabi/lib/thumb/v7e-m+fp/hard/libc_nano.a(libc_a-memcpy-stub.o)
 .debug_frame   0x00005290       0x20 /Applications/STM32CubeIDE.app/Contents/Eclipse/plugins/com.st.stm32cube.ide.mcu.externaltools.gnu-tools-for-stm32.14.3.rel1.macosaarch64_1.0.0.202602081740/tools/bin/../lib/gcc/arm-none-eabi/14.3.1/../../../../arm-none-eabi/lib/thumb/v7e-m+fp/hard/libc_nano.a(libc_a-strlen.o)
 .debug_frame   0x000052b0       0x48 /Applications/STM32CubeIDE.app/Contents/Eclipse/plugins/com.st.stm32cube.ide.mcu.externaltools.gnu-tools-for-stm32.14.3.rel1.macosaarch64_1.0.0.202602081740/tools/bin/../lib/gcc/arm-none-eabi/14.3.1/../../../../arm-none-eabi/lib/thumb/v7e-m+fp/hard/libm.a(libm_a-wf_asin.o)
 .debug_frame   0x000052f8       0x20 /Applications/STM32CubeIDE.app/Contents/Eclipse/plugins/com.st.stm32cube.ide.mcu.externaltools.gnu-tools-for-stm32.14.3.rel1.macosaarch64_1.0.0.202602081740/tools/bin/../lib/gcc/arm-none-eabi/14.3.1/../../../../arm-none-eabi/lib/thumb/v7e-m+fp/hard/libm.a(libm_a-wf_atan2.o)
 .debug_frame   0x00005318       0x20 /Applications/STM32CubeIDE.app/Contents/Eclipse/plugins/com.st.stm32cube.ide.mcu.externaltools.gnu-tools-for-stm32.14.3.rel1.macosaarch64_1.0.0.202602081740/tools/bin/../lib/gcc/arm-none-eabi/14.3.1/../../../../arm-none-eabi/lib/thumb/v7e-m+fp/hard/libm.a(libm_a-sf_fabs.o)
 .debug_frame   0x00005338       0x20 /Applications/STM32CubeIDE.app/Contents/Eclipse/plugins/com.st.stm32cube.ide.mcu.externaltools.gnu-tools-for-stm32.14.3.rel1.macosaarch64_1.0.0.202602081740/tools/bin/../lib/gcc/arm-none-eabi/14.3.1/../../../../arm-none-eabi/lib/thumb/v7e-m+fp/hard/libm.a(libm_a-sf_nan.o)
 .debug_frame   0x00005358       0x70 /Applications/STM32CubeIDE.app/Contents/Eclipse/plugins/com.st.stm32cube.ide.mcu.externaltools.gnu-tools-for-stm32.14.3.rel1.macosaarch64_1.0.0.202602081740/tools/bin/../lib/gcc/arm-none-eabi/14.3.1/../../../../arm-none-eabi/lib/thumb/v7e-m+fp/hard/libm.a(libm_a-ef_asin.o)
 .debug_frame   0x000053c8       0x44 /Applications/STM32CubeIDE.app/Contents/Eclipse/plugins/com.st.stm32cube.ide.mcu.externaltools.gnu-tools-for-stm32.14.3.rel1.macosaarch64_1.0.0.202602081740/tools/bin/../lib/gcc/arm-none-eabi/14.3.1/../../../../arm-none-eabi/lib/thumb/v7e-m+fp/hard/libm.a(libm_a-ef_atan2.o)
 .debug_frame   0x0000540c       0x20 /Applications/STM32CubeIDE.app/Contents/Eclipse/plugins/com.st.stm32cube.ide.mcu.externaltools.gnu-tools-for-stm32.14.3.rel1.macosaarch64_1.0.0.202602081740/tools/bin/../lib/gcc/arm-none-eabi/14.3.1/../../../../arm-none-eabi/lib/thumb/v7e-m+fp/hard/libm.a(libm_a-ef_sqrt.o)
 .debug_frame   0x0000542c       0x2c /Applications/STM32CubeIDE.app/Contents/Eclipse/plugins/com.st.stm32cube.ide.mcu.externaltools.gnu-tools-for-stm32.14.3.rel1.macosaarch64_1.0.0.202602081740/tools/bin/../lib/gcc/arm-none-eabi/14.3.1/../../../../arm-none-eabi/lib/thumb/v7e-m+fp/hard/libm.a(libm_a-sf_atan.o)
 .debug_frame   0x00005458       0x2c /Applications/STM32CubeIDE.app/Contents/Eclipse/plugins/com.st.stm32cube.ide.mcu.externaltools.gnu-tools-for-stm32.14.3.rel1.macosaarch64_1.0.0.202602081740/tools/bin/../lib/gcc/arm-none-eabi/14.3.1/thumb/v7e-m+fp/hard/libgcc.a(_aeabi_uldivmod.o)
 .debug_frame   0x00005484       0x34 /Applications/STM32CubeIDE.app/Contents/Eclipse/plugins/com.st.stm32cube.ide.mcu.externaltools.gnu-tools-for-stm32.14.3.rel1.macosaarch64_1.0.0.202602081740/tools/bin/../lib/gcc/arm-none-eabi/14.3.1/thumb/v7e-m+fp/hard/libgcc.a(_udivmoddi4.o)

.debug_line_str
                0x00000000       0x50
 .debug_line_str
                0x00000000       0x50 ./Core/Startup/startup_stm32g431rbtx.o