Archive member included to satisfy reference by file (symbol)

/Applications/STM32CubeIDE.app/Contents/Eclipse/plugins/com.st.stm32cube.ide.mcu.externaltools.gnu-tools-for-stm32.14.3.rel1.macosaarch64_1.0.0.202602081740/tools/bin/../lib/gcc/arm-none-eabi/14.3.1/../../../../arm-none-eabi/lib/thumb/v7e-m+fp/hard/libc_nano.a(libc_a-exit.o)
                              /Applications/STM32CubeIDE.app/Contents/Eclipse/plugins/com.st.stm32cube.ide.mcu.externaltools.gnu-tools-for-stm32.14.3.rel1.macosaarch64_1.0.0.202602081740/tools/bin/../lib/gcc/arm-none-eabi/14.3.1/../../../../arm-none-eabi/lib/thumb/v7e-m+fp/hard/crt0.o (exit)
/Applications/STM32CubeIDE.app/Contents/Eclipse/plugins/com.st.stm32cube.ide.mcu.externaltools.gnu-tools-for-stm32.14.3.rel1.macosaarch64_1.0.0.202602081740/tools/bin/../lib/gcc/arm-none-eabi/14.3.1/../../../../arm-none-eabi/lib/thumb/v7e-m+fp/hard/libc_nano.a(libc_a-findfp.o)
                              /Applications/STM32CubeIDE.app/Contents/Eclipse/plugins/com.st.stm32cube.ide.mcu.externaltools.gnu-tools-for-stm32.14.3.rel1.macosaarch64_1.0.0.202602081740/tools/bin/../lib/gcc/arm-none-eabi/14.3.1/../../../../arm-none-eabi/lib/thumb/v7e-m+fp/hard/libc_nano.a(libc_a-exit.o) (__stdio_exit_handler)
/Applications/STM32CubeIDE.app/Contents/Eclipse/plugins/com.st.stm32cube.ide.mcu.externaltools.gnu-tools-for-stm32.14.3.rel1.macosaarch64_1.0.0.202602081740/tools/bin/../lib/gcc/arm-none-eabi/14.3.1/../../../../arm-none-eabi/lib/thumb/v7e-m+fp/hard/libc_nano.a(libc_a-fwalk.o)
                              /Applications/STM32CubeIDE.app/Contents/Eclipse/plugins/com.st.stm32cube.ide.mcu.externaltools.gnu-tools-for-stm32.14.3.rel1.macosaarch64_1.0.0.202602081740/tools/bin/../lib/gcc/arm-none-eabi/14.3.1/../../../../arm-none-eabi/lib/thumb/v7e-m+fp/hard/libc_nano.a(libc_a-findfp.o) (_fwalk_sglue)
/Applications/STM32CubeIDE.app/Contents/Eclipse/plugins/com.st.stm32cube.ide.mcu.externaltools.gnu-tools-for-stm32.14.3.rel1.macosaarch64_1.0.0.202602081740/tools/bin/../lib/gcc/arm-none-eabi/14.3.1/../../../../arm-none-eabi/lib/thumb/v7e-m+fp/hard/libc_nano.a(libc_a-memset.o)
                              /Applications/STM32CubeIDE.app/Contents/Eclipse/plugins/com.st.stm32cube.ide.mcu.externaltools.gnu-tools-for-stm32.14.3.rel1.macosaarch64_1.0.0.202602081740/tools/bin/../lib/gcc/arm-none-eabi/14.3.1/../../../../arm-none-eabi/lib/thumb/v7e-m+fp/hard/crt0.o (memset)
/Applications/STM32CubeIDE.app/Contents/Eclipse/plugins/com.st.stm32cube.ide.mcu.externaltools.gnu-tools-for-stm32.14.3.rel1.macosaarch64_1.0.0.202602081740/tools/bin/../lib/gcc/arm-none-eabi/14.3.1/../../../../arm-none-eabi/lib/thumb/v7e-m+fp/hard/libc_nano.a(libc_a-errno.o)
                              ./Core/Src/syscalls.o (__errno)
/Applications/STM32CubeIDE.app/Contents/Eclipse/plugins/com.st.stm32cube.ide.mcu.externaltools.gnu-tools-for-stm32.14.3.rel1.macosaarch64_1.0.0.202602081740/tools/bin/../lib/gcc/arm-none-eabi/14.3.1/../../../../arm-none-eabi/lib/thumb/v7e-m+fp/hard/libc_nano.a(libc_a-init.o)
                              /Applications/STM32CubeIDE.app/Contents/Eclipse/plugins/com.st.stm32cube.ide.mcu.externaltools.gnu-tools-for-stm32.14.3.rel1.macosaarch64_1.0.0.202602081740/tools/bin/../lib/gcc/arm-none-eabi/14.3.1/../../../../arm-none-eabi/lib/thumb/v7e-m+fp/hard/crt0.o (__libc_init_array)
/Applications/STM32CubeIDE.app/Contents/Eclipse/plugins/com.st.stm32cube.ide.mcu.externaltools.gnu-tools-for-stm32.14.3.rel1.macosaarch64_1.0.0.202602081740/tools/bin/../lib/gcc/arm-none-eabi/14.3.1/../../../../arm-none-eabi/lib/thumb/v7e-m+fp/hard/libc_nano.a(libc_a-lock.o)
                              /Applications/STM32CubeIDE.app/Contents/Eclipse/plugins/com.st.stm32cube.ide.mcu.externaltools.gnu-tools-for-stm32.14.3.rel1.macosaarch64_1.0.0.202602081740/tools/bin/../lib/gcc/arm-none-eabi/14.3.1/../../../../arm-none-eabi/lib/thumb/v7e-m+fp/hard/libc_nano.a(libc_a-findfp.o) (__retarget_lock_init_recursive)
/Applications/STM32CubeIDE.app/Contents/Eclipse/plugins/com.st.stm32cube.ide.mcu.externaltools.gnu-tools-for-stm32.14.3.rel1.macosaarch64_1.0.0.202602081740/tools/bin/../lib/gcc/arm-none-eabi/14.3.1/../../../../arm-none-eabi/lib/thumb/v7e-m+fp/hard/libc_nano.a(libc_a-impure.o)
                              /Applications/STM32CubeIDE.app/Contents/Eclipse/plugins/com.st.stm32cube.ide.mcu.externaltools.gnu-tools-for-stm32.14.3.rel1.macosaarch64_1.0.0.202602081740/tools/bin/../lib/gcc/arm-none-eabi/14.3.1/../../../../arm-none-eabi/lib/thumb/v7e-m+fp/hard/libc_nano.a(libc_a-errno.o) (_impure_ptr)
/Applications/STM32CubeIDE.app/Contents/Eclipse/plugins/com.st.stm32cube.ide.mcu.externaltools.gnu-tools-for-stm32.14.3.rel1.macosaarch64_1.0.0.202602081740/tools/bin/../lib/gcc/arm-none-eabi/14.3.1/../../../../arm-none-eabi/lib/thumb/v7e-m+fp/hard/libc_nano.a(libc_a-strcmp.o)
                              ./Core/Src/BNO085/shtp.o (strcmp)
[...]
Memory Configuration

Name             Origin             Length             Attributes
RAM              0x20000000         0x00008000         xrw
FLASH            0x08000000         0x00020000         xr
*default*        0x00000000         0xffffffff

Linker script and memory map

LOAD /Applications/STM32CubeIDE.app/Contents/Eclipse/plugins/com.st.stm32cube.ide.mcu.externaltools.gnu-tools-for-stm32.14.3.rel1.macosaarch64_1.0.0.202602081740/tools/bin/../lib/gcc/arm-none-eabi/14.3.1/thumb/v7e-m+fp/hard/crti.o
LOAD /Applications/STM32CubeIDE.app/Contents/Eclipse/plugins/com.st.stm32cube.ide.mcu.externaltools.gnu-tools-for-stm32.14.3.rel1.macosaarch64_1.0.0.202602081740/tools/bin/../lib/gcc/arm-none-eabi/14.3.1/thumb/v7e-m+fp/hard/crtbegin.o
LOAD /Applications/STM32CubeIDE.app/Contents/Eclipse/plugins/com.st.stm32cube.ide.mcu.externaltools.gnu-tools-for-stm32.14.3.rel1.macosaarch64_1.0.0.202602081740/tools/bin/../lib/gcc/arm-none-eabi/14.3.1/../../../../arm-none-eabi/lib/thumb/v7e-m+fp/hard/crt0.o
LOAD ./Core/Src/BNO085/ceva_bno085.o
LOAD ./Core/Src/BNO085/sh2.o
LOAD ./Core/Src/BNO085/sh2_SensorValue.o
LOAD ./Core/Src/BNO085/sh2_util.o
LOAD ./Core/Src/BNO085/shtp.o
LOAD ./Core/Src/main.o
LOAD ./Core/Src/stm32g4xx_hal_msp.o
LOAD ./Core/Src/stm32g4xx_it.o
LOAD ./Core/Src/syscalls.o
LOAD ./Core/Src/sysmem.o
LOAD ./Core/Src/system_stm32g4xx.o
LOAD ./Core/Startup/startup_stm32g431rbtx.o
LOAD ./Drivers/BSP/STM32G4xx_Nucleo/stm32g4xx_nucleo.o
LOAD ./Drivers/STM32G4xx_HAL_Driver/Src/stm32g4xx_hal.o
LOAD ./Drivers/STM32G4xx_HAL_Driver/Src/stm32g4xx_hal_cortex.o
LOAD ./Drivers/STM32G4xx_HAL_Driver/Src/stm32g4xx_hal_dma.o
LOAD ./Drivers/STM32G4xx_HAL_Driver/Src/stm32g4xx_hal_dma_ex.o
LOAD ./Drivers/STM32G4xx_HAL_Driver/Src/stm32g4xx_hal_exti.o
LOAD ./Drivers/STM32G4xx_HAL_Driver/Src/stm32g4xx_hal_fdcan.o
LOAD ./Drivers/STM32G4xx_HAL_Driver/Src/stm32g4xx_hal_flash.o
LOAD ./Drivers/STM32G4xx_HAL_Driver/Src/stm32g4xx_hal_flash_ex.o
LOAD ./Drivers/STM32G4xx_HAL_Driver/Src/stm32g4xx_hal_flash_ramfunc.o
LOAD ./Drivers/STM32G4xx_HAL_Driver/Src/stm32g4xx_hal_gpio.o
LOAD ./Drivers/STM32G4xx_HAL_Driver/Src/stm32g4xx_hal_pwr.o
LOAD ./Drivers/STM32G4xx_HAL_Driver/Src/stm32g4xx_hal_pwr_ex.o
LOAD ./Drivers/STM32G4xx_HAL_Driver/Src/stm32g4xx_hal_rcc.o
LOAD ./Drivers/STM32G4xx_HAL_Driver/Src/stm32g4xx_hal_rcc_ex.o
LOAD ./Drivers/STM32G4xx_HAL_Driver/Src/stm32g4xx_hal_spi.o
LOAD ./Drivers/STM32G4xx_HAL_Driver/Src/stm32g4xx_hal_spi_ex.o
LOAD ./Drivers/STM32G4xx_HAL_Driver/Src/stm32g4xx_hal_uart.o
LOAD ./Drivers/STM32G4xx_HAL_Driver/Src/stm32g4xx_hal_uart_ex.o
LOAD ./Drivers/STM32G4xx_HAL_Driver/Src/stm32g4xx_hal_usart.o
LOAD ./Drivers/STM32G4xx_HAL_Driver/Src/stm32g4xx_hal_usart_ex.o
START GROUP
LOAD /Applications/STM32CubeIDE.app/Contents/Eclipse/plugins/com.st.stm32cube.ide.mcu.externaltools.gnu-tools-for-stm32.14.3.rel1.macosaarch64_1.0.0.202602081740/tools/bin/../lib/gcc/arm-none-eabi/14.3.1/../../../../arm-none-eabi/lib/thumb/v7e-m+fp/hard/libc_nano.a
LOAD /Applications/STM32CubeIDE.app/Contents/Eclipse/plugins/com.st.stm32cube.ide.mcu.externaltools.gnu-tools-for-stm32.14.3.rel1.macosaarch64_1.0.0.202602081740/tools/bin/../lib/gcc/arm-none-eabi/14.3.1/../../../../arm-none-eabi/lib/thumb/v7e-m+fp/hard/libm.a
END GROUP
START GROUP
LOAD /Applications/STM32CubeIDE.app/Contents/Eclipse/plugins/com.st.stm32cube.ide.mcu.externaltools.gnu-tools-for-stm32.14.3.rel1.macosaarch64_1.0.0.202602081740/tools/bin/../lib/gcc/arm-none-eabi/14.3.1/thumb/v7e-m+fp/hard/libgcc.a
LOAD /Applications/STM32CubeIDE.app/Contents/Eclipse/plugins/com.st.stm32cube.ide.mcu.externaltools.gnu-tools-for-stm32.14.3.rel1.macosaarch64_1.0.0.202602081740/tools/bin/../lib/gcc/arm-none-eabi/14.3.1/../../../../arm-none-eabi/lib/thumb/v7e-m+fp/hard/libc_nano.a
END GROUP
START GROUP
LOAD /Applications/STM32CubeIDE.app/Contents/Eclipse/plugins/com.st.stm32cube.ide.mcu.externaltools.gnu-tools-for-stm32.14.3.rel1.macosaarch64_1.0.0.202602081740/tools/bin/../lib/gcc/arm-none-eabi/14.3.1/thumb/v7e-m+fp/hard/libgcc.a
LOAD /Applications/STM32CubeIDE.app/Contents/Eclipse/plugins/com.st.stm32cube.ide.mcu.externaltools.gnu-tools-for-stm32.14.3.rel1.macosaarch64_1.0.0.202602081740/tools/bin/../lib/gcc/arm-none-eabi/14.3.1/../../../../arm-none-eabi/lib/thumb/v7e-m+fp/hard/libc_nano.a
LOAD /Applications/STM32CubeIDE.app/Contents/Eclipse/plugins/com.st.stm32cube.ide.mcu.externaltools.gnu-tools-for-stm32.14.3.rel1.macosaarch64_1.0.0.202602081740/tools/bin/../lib/gcc/arm-none-eabi/14.3.1/../../../../arm-none-eabi/lib/thumb/v7e-m+fp/hard/libnosys.a
END GROUP
START GROUP
LOAD /Applications/STM32CubeIDE.app/Contents/Eclipse/plugins/com.st.stm32cube.ide.mcu.externaltools.gnu-tools-for-stm32.14.3.rel1.macosaarch64_1.0.0.202602081740/tools/bin/../lib/gcc/arm-none-eabi/14.3.1/thumb/v7e-m+fp/hard/libgcc.a
LOAD /Applications/STM32CubeIDE.app/Contents/Eclipse/plugins/com.st.stm32cube.ide.mcu.externaltools.gnu-tools-for-stm32.14.3.rel1.macosaarch64_1.0.0.202602081740/tools/bin/../lib/gcc/arm-none-eabi/14.3.1/../../../../arm-none-eabi/lib/thumb/v7e-m+fp/hard/libc_nano.a
LOAD /Applications/STM32CubeIDE.app/Contents/Eclipse/plugins/com.st.stm32cube.ide.mcu.externaltools.gnu-tools-for-stm32.14.3.rel1.macosaarch64_1.0.0.202602081740/tools/bin/../lib/gcc/arm-none-eabi/14.3.1/../../../../arm-none-eabi/lib/thumb/v7e-m+fp/hard/libnosys.a
END GROUP
LOAD /Applications/STM32CubeIDE.app/Contents/Eclipse/plugins/com.st.stm32cube.ide.mcu.externaltools.gnu-tools-for-stm32.14.3.rel1.macosaarch64_1.0.0.202602081740/tools/bin/../lib/gcc/arm-none-eabi/14.3.1/thumb/v7e-m+fp/hard/crtend.o
LOAD /Applications/STM32CubeIDE.app/Contents/Eclipse/plugins/com.st.stm32cube.ide.mcu.externaltools.gnu-tools-for-stm32.14.3.rel1.macosaarch64_1.0.0.202602081740/tools/bin/../lib/gcc/arm-none-eabi/14.3.1/thumb/v7e-m+fp/hard/crtn.o
                0x20008000                        _estack = (ORIGIN (RAM) + LENGTH (RAM))
                0x00000800                        _Min_Heap_Size = 0x800
                0x00001000                        _Min_Stack_Size = 0x1000

.isr_vector     0x08000000      0x1d8
                0x08000000                        . = ALIGN (0x4)
 *(.isr_vector)
 .isr_vector    0x08000000      0x1d8 ./Core/Startup/startup_stm32g431rbtx.o
                0x08000000                g_pfnVectors
                0x080001d8                        . = ALIGN (0x4)

.text           0x080001d8     0x6de4
                0x080001d8                        . = ALIGN (0x4)
 *(.text)
 .text          0x080001d8       0x40 /Applications/STM32CubeIDE.app/Contents/Eclipse/plugins/com.st.stm32cube.ide.mcu.externaltools.gnu-tools-for-stm32.14.3.rel1.macosaarch64_1.0.0.202602081740/tools/bin/../lib/gcc/arm-none-eabi/14.3.1/thumb/v7e-m+fp/hard/crtbegin.o
 .text          0x08000218       0x14 /Applications/STM32CubeIDE.app/Contents/Eclipse/plugins/com.st.stm32cube.ide.mcu.externaltools.gnu-tools-for-stm32.14.3.rel1.macosaarch64_1.0.0.202602081740/tools/bin/../lib/gcc/arm-none-eabi/14.3.1/../../../../arm-none-eabi/lib/thumb/v7e-m+fp/hard/libc_nano.a(libc_a-strcmp.o)
                0x08000218                strcmp
 .text          0x0800022c       0x10 /Applications/STM32CubeIDE.app/Contents/Eclipse/plugins/com.st.stm32cube.ide.mcu.externaltools.gnu-tools-for-stm32.14.3.rel1.macosaarch64_1.0.0.202602081740/tools/bin/../lib/gcc/arm-none-eabi/14.3.1/../../../../arm-none-eabi/lib/thumb/v7e-m+fp/hard/libc_nano.a(libc_a-strlen.o)
                0x0800022c                strlen
 .text          0x0800023c       0x30 /Applications/STM32CubeIDE.app/Contents/Eclipse/plugins/com.st.stm32cube.ide.mcu.externaltools.gnu-tools-for-stm32.14.3.rel1.macosaarch64_1.0.0.202602081740/tools/bin/../lib/gcc/arm-none-eabi/14.3.1/thumb/v7e-m+fp/hard/libgcc.a(_aeabi_uldivmod.o)
                0x0800023c                __aeabi_uldivmod
 .text          0x0800026c      0x2f8 /Applications/STM32CubeIDE.app/Contents/Eclipse/plugins/com.st.stm32cube.ide.mcu.externaltools.gnu-tools-for-stm32.14.3.rel1.macosaarch64_1.0.0.202602081740/tools/bin/../lib/gcc/arm-none-eabi/14.3.1/thumb/v7e-m+fp/hard/libgcc.a(_udivmoddi4.o)
                0x0800026c                __udivmoddi4
 .text          0x08000564        0x4 /Applications/STM32CubeIDE.app/Contents/Eclipse/plugins/com.st.stm32cube.ide.mcu.externaltools.gnu-tools-for-stm32.14.3.rel1.macosaarch64_1.0.0.202602081740/tools/bin/../lib/gcc/arm-none-eabi/14.3.1/thumb/v7e-m+fp/hard/libgcc.a(_dvmd_tls.o)
                0x08000564                __aeabi_ldiv0
                0x08000564                __aeabi_idiv0
 *(.text*)
 .text.csn      0x08000568       0x24 ./Core/Src/BNO085/ceva_bno085.o
 .text.rstn     0x0800058c       0x24 ./Core/Src/BNO085/ceva_bno085.o
 .text.time_us  0x080005b0       0x16 ./Core/Src/BNO085/ceva_bno085.o
 *fill*         0x080005c6        0x2 
 .text.int_asserted
                0x080005c8       0x24 ./Core/Src/BNO085/ceva_bno085.o
 .text.update_io_debug
                0x080005ec       0x44 ./Core/Src/BNO085/ceva_bno085.o
 .text.wait_for_int
                0x08000630       0x54 ./Core/Src/BNO085/ceva_bno085.o
 .text.hardware_reset
                0x08000684       0x44 ./Core/Src/BNO085/ceva_bno085.o
 .text.update_packet_debug
                0x080006c8      0x128 ./Core/Src/BNO085/ceva_bno085.o
 .text.spi_read_bytes
                0x080007f0       0x58 ./Core/Src/BNO085/ceva_bno085.o
 .text.spi_write_bytes
                0x08000848       0x58 ./Core/Src/BNO085/ceva_bno085.o
 .text.hal_open
                0x080008a0       0x22 ./Core/Src/BNO085/ceva_bno085.o
 *fill*         0x080008c2        0x2 
 .text.hal_close
                0x080008c4       0x34 ./Core/Src/BNO085/ceva_bno085.o
 .text.hal_read
                0x080008f8       0xf0 ./Core/Src/BNO085/ceva_bno085.o
 .text.hal_write
                0x080009e8       0x78 ./Core/Src/BNO085/ceva_bno085.o
 .text.hal_get_time_us
                0x08000a60       0x16 ./Core/Src/BNO085/ceva_bno085.o
 *fill*         0x08000a76        0x2 
 .text.event_callback
                0x08000a78       0x48 ./Core/Src/BNO085/ceva_bno085.o
 .text.sensor_callback
                0x08000ac0       0x78 ./Core/Src/BNO085/ceva_bno085.o
 .text.enable_arvr
                0x08000b38       0x2e ./Core/Src/BNO085/ceva_bno085.o
 *fill*         0x08000b66        0x2 
 .text.run_command
                0x08000b68      0x110 ./Core/Src/BNO085/ceva_bno085.o
 .text.CEVA_BNO085_Init
                0x08000c78       0x84 ./Core/Src/BNO085/ceva_bno085.o
                0x08000c78                CEVA_BNO085_Init
 .text.CEVA_BNO085_Service
                0x08000cfc       0x58 ./Core/Src/BNO085/ceva_bno085.o
                0x08000cfc                CEVA_BNO085_Service
 .text.opStart  0x08000d54       0x54 ./Core/Src/BNO085/sh2.o
 .text.opRx     0x08000da8       0x3c ./Core/Src/BNO085/sh2.o
 .text.sensorhubAdvertHdlr
                0x08000de4       0xe0 ./Core/Src/BNO085/sh2.o
 .text.sensorhubControlHdlr
                0x08000ec4      0x198 ./Core/Src/BNO085/sh2.o
 .text.opCompleted
                0x0800105c       0x28 ./Core/Src/BNO085/sh2.o
 .text.opProcess
                0x08001084       0xa4 ./Core/Src/BNO085/sh2.o
 .text.getReportLen
                0x08001128       0x4c ./Core/Src/BNO085/sh2.o
 .text.touSTimestamp
                0x08001174       0x88 ./Core/Src/BNO085/sh2.o
 .text.sensorhubInputHdlr
                0x080011fc      0x14a ./Core/Src/BNO085/sh2.o
 .text.sensorhubInputNormalHdlr
                0x08001346       0x28 ./Core/Src/BNO085/sh2.o
 .text.sensorhubInputWakeHdlr
                0x0800136e       0x28 ./Core/Src/BNO085/sh2.o
 .text.sensorhubInputGyroRvHdlr
                0x08001396       0x9c ./Core/Src/BNO085/sh2.o
 .text.executableAdvertHdlr
                0x08001432       0x1e ./Core/Src/BNO085/sh2.o
 .text.executableDeviceHdlr
                0x08001450       0x78 ./Core/Src/BNO085/sh2.o
 .text.sendCtrl
                0x080014c8       0x28 ./Core/Src/BNO085/sh2.o
 .text.getProdIdStart
                0x080014f0       0x48 ./Core/Src/BNO085/sh2.o
 .text.getProdIdRx
                0x08001538       0xf0 ./Core/Src/BNO085/sh2.o
 .text.setSensorConfigStart
                0x08001628       0xc8 ./Core/Src/BNO085/sh2.o
 .text.shtpEventCallback
                0x080016f0       0x48 ./Core/Src/BNO085/sh2.o
 .text.sh2_open
                0x08001738      0x190 ./Core/Src/BNO085/sh2.o
                0x08001738                sh2_open
 .text.sh2_close
                0x080018c8       0x2c ./Core/Src/BNO085/sh2.o
                0x080018c8                sh2_close
 .text.sh2_service
                0x080018f4       0x20 ./Core/Src/BNO085/sh2.o
                0x080018f4                sh2_service
 .text.sh2_setSensorCallback
                0x08001914       0x30 ./Core/Src/BNO085/sh2.o
                0x08001914                sh2_setSensorCallback
 .text.sh2_getProdIds
                0x08001944       0x3c ./Core/Src/BNO085/sh2.o
                0x08001944                sh2_getProdIds
 .text.sh2_setSensorConfig
                0x08001980       0x48 ./Core/Src/BNO085/sh2.o
                0x08001980                sh2_setSensorConfig
 .text.sh2_decodeSensorEvent
                0x080019c8      0x2e8 ./Core/Src/BNO085/sh2_SensorValue.o
                0x080019c8                sh2_decodeSensorEvent
 .text.decodeRawAccelerometer
                0x08001cb0       0x5c ./Core/Src/BNO085/sh2_SensorValue.o
 .text.decodeAccelerometer
                0x08001d0c       0x80 ./Core/Src/BNO085/sh2_SensorValue.o
 .text.decodeLinearAcceleration
                0x08001d8c       0x80 ./Core/Src/BNO085/sh2_SensorValue.o
 .text.decodeGravity
                0x08001e0c       0x80 ./Core/Src/BNO085/sh2_SensorValue.o
 .text.decodeRawGyroscope
                0x08001e8c       0x6e ./Core/Src/BNO085/sh2_SensorValue.o
 *fill*         0x08001efa        0x2 
 .text.decodeGyroscopeCalibrated
                0x08001efc       0x80 ./Core/Src/BNO085/sh2_SensorValue.o
 .text.decodeGyroscopeUncal
                0x08001f7c       0xe4 ./Core/Src/BNO085/sh2_SensorValue.o
 .text.decodeRawMagnetometer
                0x08002060       0x5c ./Core/Src/BNO085/sh2_SensorValue.o
 .text.decodeMagneticFieldCalibrated
                0x080020bc       0x80 ./Core/Src/BNO085/sh2_SensorValue.o
 .text.decodeMagneticFieldUncal
                0x0800213c       0xe4 ./Core/Src/BNO085/sh2_SensorValue.o
 .text.decodeRotationVector
                0x08002220       0xc8 ./Core/Src/BNO085/sh2_SensorValue.o
 .text.decodeGameRotationVector
                0x080022e8       0xa0 ./Core/Src/BNO085/sh2_SensorValue.o
 .text.decodeGeomagneticRotationVector
                0x08002388       0xc8 ./Core/Src/BNO085/sh2_SensorValue.o
 .text.decodePressure
                0x08002450       0x38 ./Core/Src/BNO085/sh2_SensorValue.o
 .text.decodeAmbientLight
                0x08002488       0x38 ./Core/Src/BNO085/sh2_SensorValue.o
 .text.decodeHumidity
                0x080024c0       0x3c ./Core/Src/BNO085/sh2_SensorValue.o
 .text.decodeProximity
                0x080024fc       0x3c ./Core/Src/BNO085/sh2_SensorValue.o
 .text.decodeTemperature
                0x08002538       0x3c ./Core/Src/BNO085/sh2_SensorValue.o
 .text.decodeReserved
                0x08002574       0x3c ./Core/Src/BNO085/sh2_SensorValue.o
 .text.decodeTapDetector
                0x080025b0       0x20 ./Core/Src/BNO085/sh2_SensorValue.o
 .text.decodeStepDetector
                0x080025d0       0x24 ./Core/Src/BNO085/sh2_SensorValue.o
 .text.decodeStepCounter
                0x080025f4       0x36 ./Core/Src/BNO085/sh2_SensorValue.o
 .text.decodeSignificantMotion
                0x0800262a       0x26 ./Core/Src/BNO085/sh2_SensorValue.o
 .text.decodeStabilityClassifier
                0x08002650       0x20 ./Core/Src/BNO085/sh2_SensorValue.o
 .text.decodeShakeDetector
                0x08002670       0x26 ./Core/Src/BNO085/sh2_SensorValue.o
 .text.decodeFlipDetector
                0x08002696       0x26 ./Core/Src/BNO085/sh2_SensorValue.o
 .text.decodePickupDetector
                0x080026bc       0x26 ./Core/Src/BNO085/sh2_SensorValue.o
 .text.decodeStabilityDetector
                0x080026e2       0x26 ./Core/Src/BNO085/sh2_SensorValue.o
 .text.decodePersonalActivityClassifier
                0x08002708       0x66 ./Core/Src/BNO085/sh2_SensorValue.o
 .text.decodeSleepDetector
                0x0800276e       0x20 ./Core/Src/BNO085/sh2_SensorValue.o
 .text.decodeTiltDetector
                0x0800278e       0x26 ./Core/Src/BNO085/sh2_SensorValue.o
 .text.decodePocketDetector
                0x080027b4       0x26 ./Core/Src/BNO085/sh2_SensorValue.o
 .text.decodeCircleDetector
                0x080027da       0x26 ./Core/Src/BNO085/sh2_SensorValue.o
 .text.decodeHeartRateMonitor
                0x08002800       0x26 ./Core/Src/BNO085/sh2_SensorValue.o
 *fill*         0x08002826        0x2 
 .text.decodeArvrStabilizedRV
                0x08002828       0xc8 ./Core/Src/BNO085/sh2_SensorValue.o
 .text.decodeArvrStabilizedGRV
                0x080028f0       0xa0 ./Core/Src/BNO085/sh2_SensorValue.o
 .text.decodeGyroIntegratedRV
                0x08002990      0x10c ./Core/Src/BNO085/sh2_SensorValue.o
 .text.decodeIZroRequest
                0x08002a9c       0x28 ./Core/Src/BNO085/sh2_SensorValue.o
 .text.readu8   0x08002ac4       0x1c ./Core/Src/BNO085/sh2_util.o
                0x08002ac4                readu8
 .text.readu16  0x08002ae0       0x2e ./Core/Src/BNO085/sh2_util.o
                0x08002ae0                readu16
 .text.readu32  0x08002b0e       0x3c ./Core/Src/BNO085/sh2_util.o
                0x08002b0e                readu32
 .text.read16   0x08002b4a       0x2e ./Core/Src/BNO085/sh2_util.o
                0x08002b4a                read16
 .text.read32   0x08002b78       0x3c ./Core/Src/BNO085/sh2_util.o
                0x08002b78                read32
 .text.shtp_init
                0x08002bb4       0x24 ./Core/Src/BNO085/shtp.o
 .text.getInstance
                0x08002bd8       0x50 ./Core/Src/BNO085/shtp.o
 .text.addAdvertListener
                0x08002c28       0x68 ./Core/Src/BNO085/shtp.o
 .text.updateCallbacks
                0x08002c90      0x12e ./Core/Src/BNO085/shtp.o
 .text.addChanListener
                0x08002dbe       0x7c ./Core/Src/BNO085/shtp.o
 .text.min_u16  0x08002e3a       0x2a ./Core/Src/BNO085/shtp.o
 .text.txProcess
                0x08002e64      0x126 ./Core/Src/BNO085/shtp.o
 .text.shtpAdvertHdlr
                0x08002f8a       0x44 ./Core/Src/BNO085/shtp.o
 .text.addApp   0x08002fce       0x98 ./Core/Src/BNO085/shtp.o
 .text.setAppName
                0x08003066       0x6c ./Core/Src/BNO085/shtp.o
 .text.addChannel
                0x080030d2       0x6e ./Core/Src/BNO085/shtp.o
 .text.callAdvertHandler
                0x08003140       0x94 ./Core/Src/BNO085/shtp.o
 .text.processAdvertisement
                0x080031d4      0x26c ./Core/Src/BNO085/shtp.o
 .text.shtpCmdListener
                0x08003440       0x46 ./Core/Src/BNO085/shtp.o
 .text.rxAssemble
                0x08003486      0x22c ./Core/Src/BNO085/shtp.o
 *fill*         0x080036b2        0x2 
 .text.shtp_open
                0x080036b4       0xc0 ./Core/Src/BNO085/shtp.o
                0x080036b4                shtp_open
 .text.shtp_close
                0x08003774       0x2e ./Core/Src/BNO085/shtp.o
                0x08003774                shtp_close
 .text.shtp_setEventCallback
                0x080037a2       0x28 ./Core/Src/BNO085/shtp.o
                0x080037a2                shtp_setEventCallback
 .text.shtp_listenChan
                0x080037ca       0x42 ./Core/Src/BNO085/shtp.o
                0x080037ca                shtp_listenChan
 .text.shtp_listenAdvert
                0x0800380c       0x3c ./Core/Src/BNO085/shtp.o
                0x0800380c                shtp_listenAdvert
 .text.shtp_chanNo
                0x08003848       0xcc ./Core/Src/BNO085/shtp.o
                0x08003848                shtp_chanNo
 .text.shtp_send
                0x08003914       0x5e ./Core/Src/BNO085/shtp.o
                0x08003914                shtp_send
 *fill*         0x08003972        0x2 
 .text.shtp_service
                0x08003974       0x80 ./Core/Src/BNO085/shtp.o
                0x08003974                shtp_service
 .text.main     0x080039f4       0x68 ./Core/Src/main.o
                0x080039f4                main
 .text.SystemClock_Config
                0x08003a5c       0x96 ./Core/Src/main.o
                0x08003a5c                SystemClock_Config
 *fill*         0x08003af2        0x2 
 .text.MX_FDCAN1_Init
                0x08003af4       0x8c ./Core/Src/main.o
 .text.MX_SPI2_Init
                0x08003b80       0x7c ./Core/Src/main.o
 .text.MX_GPIO_Init
                0x08003bfc       0xe8 ./Core/Src/main.o
 .text.Error_Handler
                0x08003ce4        0xc ./Core/Src/main.o
                0x08003ce4                Error_Handler
 .text.HAL_MspInit
                0x08003cf0       0x48 ./Core/Src/stm32g4xx_hal_msp.o
                0x08003cf0                HAL_MspInit
 .text.HAL_FDCAN_MspInit
                0x08003d38       0xb4 ./Core/Src/stm32g4xx_hal_msp.o
                0x08003d38                HAL_FDCAN_MspInit
 .text.HAL_SPI_MspInit
                0x08003dec       0x88 ./Core/Src/stm32g4xx_hal_msp.o
                0x08003dec                HAL_SPI_MspInit
 .text.NMI_Handler
                0x08003e74        0x8 ./Core/Src/stm32g4xx_it.o
                0x08003e74                NMI_Handler
 .text.HardFault_Handler
                0x08003e7c        0x8 ./Core/Src/stm32g4xx_it.o
                0x08003e7c                HardFault_Handler
 .text.MemManage_Handler
                0x08003e84        0x8 ./Core/Src/stm32g4xx_it.o
                0x08003e84                MemManage_Handler
 .text.BusFault_Handler
                0x08003e8c        0x8 ./Core/Src/stm32g4xx_it.o
                0x08003e8c                BusFault_Handler
 .text.UsageFault_Handler
                0x08003e94        0x8 ./Core/Src/stm32g4xx_it.o
                0x08003e94                UsageFault_Handler
 .text.SVC_Handler
                0x08003e9c        0xe ./Core/Src/stm32g4xx_it.o
                0x08003e9c                SVC_Handler
 .text.DebugMon_Handler
                0x08003eaa        0xe ./Core/Src/stm32g4xx_it.o
                0x08003eaa                DebugMon_Handler
 .text.PendSV_Handler
                0x08003eb8        0xe ./Core/Src/stm32g4xx_it.o
                0x08003eb8                PendSV_Handler
 .text.SysTick_Handler
                0x08003ec6        0xc ./Core/Src/stm32g4xx_it.o
                0x08003ec6                SysTick_Handler
 *fill*         0x08003ed2        0x2 
 .text.SystemInit
                0x08003ed4       0x24 ./Core/Src/system_stm32g4xx.o
                0x08003ed4                SystemInit
 .text.Reset_Handler
                0x08003ef8       0x50 ./Core/Startup/startup_stm32g431rbtx.o
                0x08003ef8                Reset_Handler
 .text.Default_Handler
                0x08003f48        0x2 ./Core/Startup/startup_stm32g431rbtx.o
                0x08003f48                TIM1_BRK_TIM15_IRQHandler
                0x08003f48                EXTI2_IRQHandler
                0x08003f48                TIM8_TRG_COM_IRQHandler
                0x08003f48                TIM8_CC_IRQHandler
                0x08003f48                TIM1_CC_IRQHandler
                0x08003f48                USB_HP_IRQHandler
                0x08003f48                CORDIC_IRQHandler
                0x08003f48                EXTI3_IRQHandler
                0x08003f48                I2C3_ER_IRQHandler
                0x08003f48                EXTI0_IRQHandler
                0x08003f48                I2C2_EV_IRQHandler
                0x08003f48                FPU_IRQHandler
                0x08003f48                FDCAN1_IT1_IRQHandler
                0x08003f48                TIM1_UP_TIM16_IRQHandler
                0x08003f48                ADC1_2_IRQHandler
                0x08003f48                SPI1_IRQHandler
                0x08003f48                TIM6_DAC_IRQHandler
                0x08003f48                TIM8_UP_IRQHandler
                0x08003f48                DMA2_Channel2_IRQHandler
                0x08003f48                DMA1_Channel4_IRQHandler
                0x08003f48                USART3_IRQHandler
                0x08003f48                TIM4_IRQHandler
                0x08003f48                DMA2_Channel1_IRQHandler
                0x08003f48                I2C1_EV_IRQHandler
                0x08003f48                DMA1_Channel6_IRQHandler
                0x08003f48                UART4_IRQHandler
                0x08003f48                DMA2_Channel4_IRQHandler
                0x08003f48                TIM3_IRQHandler
                0x08003f48                RCC_IRQHandler
                0x08003f48                DMA1_Channel1_IRQHandler
                0x08003f48                Default_Handler
                0x08003f48                RTC_TAMP_LSECSS_IRQHandler
                0x08003f48                FMAC_IRQHandler
                0x08003f48                EXTI15_10_IRQHandler
                0x08003f48                TIM7_IRQHandler
                0x08003f48                UCPD1_IRQHandler
                0x08003f48                I2C3_EV_IRQHandler
                0x08003f48                EXTI9_5_IRQHandler
                0x08003f48                RTC_WKUP_IRQHandler
                0x08003f48                PVD_PVM_IRQHandler
                0x08003f48                SPI2_IRQHandler
                0x08003f48                DMA2_Channel5_IRQHandler
                0x08003f48                CRS_IRQHandler
                0x08003f48                DMA1_Channel5_IRQHandler
                0x08003f48                USB_LP_IRQHandler
                0x08003f48                EXTI4_IRQHandler
                0x08003f48                RNG_IRQHandler
                0x08003f48                TIM1_TRG_COM_TIM17_IRQHandler
                0x08003f48                DMA1_Channel3_IRQHandler
                0x08003f48                WWDG_IRQHandler
                0x08003f48                LPUART1_IRQHandler
                0x08003f48                DMA2_Channel6_IRQHandler
                0x08003f48                FDCAN1_IT0_IRQHandler
                0x08003f48                TIM2_IRQHandler
                0x08003f48                COMP1_2_3_IRQHandler
                0x08003f48                EXTI1_IRQHandler
                0x08003f48                USART2_IRQHandler
                0x08003f48                I2C2_ER_IRQHandler
                0x08003f48                DMA1_Channel2_IRQHandler
                0x08003f48                TIM8_BRK_IRQHandler
                0x08003f48                FLASH_IRQHandler
                0x08003f48                USART1_IRQHandler
                0x08003f48                SPI3_IRQHandler
                0x08003f48                I2C1_ER_IRQHandler
                0x08003f48                LPTIM1_IRQHandler
                0x08003f48                DMAMUX_OVR_IRQHandler
                0x08003f48                USBWakeUp_IRQHandler
                0x08003f48                SAI1_IRQHandler
                0x08003f48                DMA2_Channel3_IRQHandler
                0x08003f48                COMP4_IRQHandler
                0x08003f48                RTC_Alarm_IRQHandler
 *fill*         0x08003f4a        0x2 
 .text.BSP_LED_Init
                0x08003f4c       0x6c ./Drivers/BSP/STM32G4xx_Nucleo/stm32g4xx_nucleo.o
                0x08003f4c                BSP_LED_Init
 .text.BSP_PB_Init
                0x08003fb8       0xdc ./Drivers/BSP/STM32G4xx_Nucleo/stm32g4xx_nucleo.o
                0x08003fb8                BSP_PB_Init
 .text.BSP_PB_Callback
                0x08004094       0x16 ./Drivers/BSP/STM32G4xx_Nucleo/stm32g4xx_nucleo.o
                0x08004094                BSP_PB_Callback
 *fill*         0x080040aa        0x2 
 .text.BSP_COM_Init
                0x080040ac       0x60 ./Drivers/BSP/STM32G4xx_Nucleo/stm32g4xx_nucleo.o
                0x080040ac                BSP_COM_Init
 .text.MX_LPUART1_Init
                0x0800410c       0x64 ./Drivers/BSP/STM32G4xx_Nucleo/stm32g4xx_nucleo.o
                0x0800410c                MX_LPUART1_Init
 .text.BUTTON_USER_EXTI_Callback
                0x08004170        0xe ./Drivers/BSP/STM32G4xx_Nucleo/stm32g4xx_nucleo.o
 *fill*         0x0800417e        0x2 
 .text.COM1_MspInit
                0x08004180       0x98 ./Drivers/BSP/STM32G4xx_Nucleo/stm32g4xx_nucleo.o
 .text.HAL_Init
                0x08004218       0x30 ./Drivers/STM32G4xx_HAL_Driver/Src/stm32g4xx_hal.o
                0x08004218                HAL_Init
 .text.HAL_InitTick
                0x08004248       0x74 ./Drivers/STM32G4xx_HAL_Driver/Src/stm32g4xx_hal.o
                0x08004248                HAL_InitTick
 .text.HAL_IncTick
                0x080042bc       0x24 ./Drivers/STM32G4xx_HAL_Driver/Src/stm32g4xx_hal.o
                0x080042bc                HAL_IncTick
 .text.HAL_GetTick
                0x080042e0       0x18 ./Drivers/STM32G4xx_HAL_Driver/Src/stm32g4xx_hal.o
                0x080042e0                HAL_GetTick
 .text.HAL_Delay
                0x080042f8       0x44 ./Drivers/STM32G4xx_HAL_Driver/Src/stm32g4xx_hal.o
                0x080042f8                HAL_Delay
 .text.__NVIC_SetPriorityGrouping
                0x0800433c       0x48 ./Drivers/STM32G4xx_HAL_Driver/Src/stm32g4xx_hal_cortex.o
 .text.__NVIC_GetPriorityGrouping
                0x08004384       0x1c ./Drivers/STM32G4xx_HAL_Driver/Src/stm32g4xx_hal_cortex.o
 .text.__NVIC_EnableIRQ
                0x080043a0       0x3c ./Drivers/STM32G4xx_HAL_Driver/Src/stm32g4xx_hal_cortex.o
 .text.__NVIC_SetPriority
                0x080043dc       0x54 ./Drivers/STM32G4xx_HAL_Driver/Src/stm32g4xx_hal_cortex.o
 .text.NVIC_EncodePriority
                0x08004430       0x66 ./Drivers/STM32G4xx_HAL_Driver/Src/stm32g4xx_hal_cortex.o
 *fill*         0x08004496        0x2 
 .text.SysTick_Config
                0x08004498       0x44 ./Drivers/STM32G4xx_HAL_Driver/Src/stm32g4xx_hal_cortex.o
 .text.HAL_NVIC_SetPriorityGrouping
                0x080044dc       0x16 ./Drivers/STM32G4xx_HAL_Driver/Src/stm32g4xx_hal_cortex.o
                0x080044dc                HAL_NVIC_SetPriorityGrouping
 .text.HAL_NVIC_SetPriority
                0x080044f2       0x34 ./Drivers/STM32G4xx_HAL_Driver/Src/stm32g4xx_hal_cortex.o
                0x080044f2                HAL_NVIC_SetPriority
 .text.HAL_NVIC_EnableIRQ
                0x08004526       0x1c ./Drivers/STM32G4xx_HAL_Driver/Src/stm32g4xx_hal_cortex.o
                0x08004526                HAL_NVIC_EnableIRQ
 .text.HAL_SYSTICK_Config
                0x08004542       0x18 ./Drivers/STM32G4xx_HAL_Driver/Src/stm32g4xx_hal_cortex.o
                0x08004542                HAL_SYSTICK_Config
 .text.HAL_EXTI_RegisterCallback
                0x0800455a       0x3a ./Drivers/STM32G4xx_HAL_Driver/Src/stm32g4xx_hal_exti.o
                0x0800455a                HAL_EXTI_RegisterCallback
 .text.HAL_EXTI_GetHandle
                0x08004594       0x28 ./Drivers/STM32G4xx_HAL_Driver/Src/stm32g4xx_hal_exti.o
                0x08004594                HAL_EXTI_GetHandle
 .text.HAL_FDCAN_Init
                0x080045bc      0x2b4 ./Drivers/STM32G4xx_HAL_Driver/Src/stm32g4xx_hal_fdcan.o
                0x080045bc                HAL_FDCAN_Init
 .text.FDCAN_CalcultateRamBlockAddresses
                0x08004870       0xac ./Drivers/STM32G4xx_HAL_Driver/Src/stm32g4xx_hal_fdcan.o
 .text.HAL_GPIO_Init
                0x0800491c      0x318 ./Drivers/STM32G4xx_HAL_Driver/Src/stm32g4xx_hal_gpio.o
                0x0800491c                HAL_GPIO_Init
 .text.HAL_GPIO_ReadPin
                0x08004c34       0x30 ./Drivers/STM32G4xx_HAL_Driver/Src/stm32g4xx_hal_gpio.o
                0x08004c34                HAL_GPIO_ReadPin
 .text.HAL_GPIO_WritePin
                0x08004c64       0x30 ./Drivers/STM32G4xx_HAL_Driver/Src/stm32g4xx_hal_gpio.o
                0x08004c64                HAL_GPIO_WritePin
 .text.HAL_PWREx_ControlVoltageScaling
                0x08004c94      0x148 ./Drivers/STM32G4xx_HAL_Driver/Src/stm32g4xx_hal_pwr_ex.o
                0x08004c94                HAL_PWREx_ControlVoltageScaling
 .text.HAL_PWREx_DisableUCPDDeadBattery
                0x08004ddc       0x20 ./Drivers/STM32G4xx_HAL_Driver/Src/stm32g4xx_hal_pwr_ex.o
                0x08004ddc                HAL_PWREx_DisableUCPDDeadBattery
 .text.HAL_RCC_OscConfig
                0x08004dfc      0x624 ./Drivers/STM32G4xx_HAL_Driver/Src/stm32g4xx_hal_rcc.o
                0x08004dfc                HAL_RCC_OscConfig
 .text.HAL_RCC_ClockConfig
                0x08005420      0x278 ./Drivers/STM32G4xx_HAL_Driver/Src/stm32g4xx_hal_rcc.o
                0x08005420                HAL_RCC_ClockConfig
 .text.HAL_RCC_GetSysClockFreq
                0x08005698       0xc4 ./Drivers/STM32G4xx_HAL_Driver/Src/stm32g4xx_hal_rcc.o
                0x08005698                HAL_RCC_GetSysClockFreq
 .text.HAL_RCC_GetHCLKFreq
                0x0800575c       0x18 ./Drivers/STM32G4xx_HAL_Driver/Src/stm32g4xx_hal_rcc.o
                0x0800575c                HAL_RCC_GetHCLKFreq
 .text.HAL_RCC_GetPCLK1Freq
                0x08005774       0x2c ./Drivers/STM32G4xx_HAL_Driver/Src/stm32g4xx_hal_rcc.o
                0x08005774                HAL_RCC_GetPCLK1Freq
 .text.HAL_RCC_GetPCLK2Freq
                0x080057a0       0x2c ./Drivers/STM32G4xx_HAL_Driver/Src/stm32g4xx_hal_rcc.o
                0x080057a0                HAL_RCC_GetPCLK2Freq
 .text.RCC_GetSysClockFreqFromPLLSource
                0x080057cc       0x8c ./Drivers/STM32G4xx_HAL_Driver/Src/stm32g4xx_hal_rcc.o
 .text.HAL_RCCEx_PeriphCLKConfig
                0x08005858      0x3e0 ./Drivers/STM32G4xx_HAL_Driver/Src/stm32g4xx_hal_rcc_ex.o
                0x08005858                HAL_RCCEx_PeriphCLKConfig
 .text.HAL_SPI_Init
                0x08005c38      0x156 ./Drivers/STM32G4xx_HAL_Driver/Src/stm32g4xx_hal_spi.o
                0x08005c38                HAL_SPI_Init
 .text.HAL_SPI_TransmitReceive
                0x08005d8e      0x43e ./Drivers/STM32G4xx_HAL_Driver/Src/stm32g4xx_hal_spi.o
                0x08005d8e                HAL_SPI_TransmitReceive
 .text.SPI_WaitFlagStateUntilTimeout
                0x080061cc      0x110 ./Drivers/STM32G4xx_HAL_Driver/Src/stm32g4xx_hal_spi.o
 .text.SPI_WaitFifoStateUntilTimeout
                0x080062dc      0x12c ./Drivers/STM32G4xx_HAL_Driver/Src/stm32g4xx_hal_spi.o
 .text.SPI_EndRxTxTransaction
                0x08006408       0x8c ./Drivers/STM32G4xx_HAL_Driver/Src/stm32g4xx_hal_spi.o
 .text.HAL_UART_Init
                0x08006494       0xa0 ./Drivers/STM32G4xx_HAL_Driver/Src/stm32g4xx_hal_uart.o
                0x08006494                HAL_UART_Init
 .text.HAL_UART_MspInit
                0x08006534       0x14 ./Drivers/STM32G4xx_HAL_Driver/Src/stm32g4xx_hal_uart.o
                0x08006534                HAL_UART_MspInit
 .text.UART_SetConfig
                0x08006548      0x598 ./Drivers/STM32G4xx_HAL_Driver/Src/stm32g4xx_hal_uart.o
                0x08006548                UART_SetConfig
 .text.UART_AdvFeatureConfig
                0x08006ae0      0x144 ./Drivers/STM32G4xx_HAL_Driver/Src/stm32g4xx_hal_uart.o
                0x08006ae0                UART_AdvFeatureConfig
 .text.UART_CheckIdleState
                0x08006c24      0x154 ./Drivers/STM32G4xx_HAL_Driver/Src/stm32g4xx_hal_uart.o
                0x08006c24                UART_CheckIdleState
 .text.UART_WaitOnFlagUntilTimeout
                0x08006d78       0xda ./Drivers/STM32G4xx_HAL_Driver/Src/stm32g4xx_hal_uart.o
                0x08006d78                UART_WaitOnFlagUntilTimeout
 .text.UART_EndRxTransfer
                0x08006e52       0xcc ./Drivers/STM32G4xx_HAL_Driver/Src/stm32g4xx_hal_uart.o
 .text.memset   0x08006f1e       0x10 /Applications/STM32CubeIDE.app/Contents/Eclipse/plugins/com.st.stm32cube.ide.mcu.externaltools.gnu-tools-for-stm32.14.3.rel1.macosaarch64_1.0.0.202602081740/tools/bin/../lib/gcc/arm-none-eabi/14.3.1/../../../../arm-none-eabi/lib/thumb/v7e-m+fp/hard/libc_nano.a(libc_a-memset.o)
                0x08006f1e                memset
 *fill*         0x08006f2e        0x2 
 .text.__libc_init_array
                0x08006f30       0x48 /Applications/STM32CubeIDE.app/Contents/Eclipse/plugins/com.st.stm32cube.ide.mcu.externaltools.gnu-tools-for-stm32.14.3.rel1.macosaarch64_1.0.0.202602081740/tools/bin/../lib/gcc/arm-none-eabi/14.3.1/../../../../arm-none-eabi/lib/thumb/v7e-m+fp/hard/libc_nano.a(libc_a-init.o)
                0x08006f30                __libc_init_array
 .text.strcpy   0x08006f78       0x10 /Applications/STM32CubeIDE.app/Contents/Eclipse/plugins/com.st.stm32cube.ide.mcu.externaltools.gnu-tools-for-stm32.14.3.rel1.macosaarch64_1.0.0.202602081740/tools/bin/../lib/gcc/arm-none-eabi/14.3.1/../../../../arm-none-eabi/lib/thumb/v7e-m+fp/hard/libc_nano.a(libc_a-strcpy.o)
                0x08006f78                strcpy
 .text.memcpy   0x08006f88       0x1c /Applications/STM32CubeIDE.app/Contents/Eclipse/plugins/com.st.stm32cube.ide.mcu.externaltools.gnu-tools-for-stm32.14.3.rel1.macosaarch64_1.0.0.202602081740/tools/bin/../lib/gcc/arm-none-eabi/14.3.1/../../../../arm-none-eabi/lib/thumb/v7e-m+fp/hard/libc_nano.a(libc_a-memcpy-stub.o)
                0x08006f88                memcpy
 *(.glue_7)
 .glue_7        0x08006fa4        0x0 linker stubs
 *(.glue_7t)
 .glue_7t       0x08006fa4        0x0 linker stubs
 *(.eh_frame)
 .eh_frame      0x08006fa4        0x0 /Applications/STM32CubeIDE.app/Contents/Eclipse/plugins/com.st.stm32cube.ide.mcu.externaltools.gnu-tools-for-stm32.14.3.rel1.macosaarch64_1.0.0.202602081740/tools/bin/../lib/gcc/arm-none-eabi/14.3.1/thumb/v7e-m+fp/hard/crtbegin.o
 *(.init)
 .init          0x08006fa4        0x4 /Applications/STM32CubeIDE.app/Contents/Eclipse/plugins/com.st.stm32cube.ide.mcu.externaltools.gnu-tools-for-stm32.14.3.rel1.macosaarch64_1.0.0.202602081740/tools/bin/../lib/gcc/arm-none-eabi/14.3.1/thumb/v7e-m+fp/hard/crti.o
                0x08006fa4                _init
 .init          0x08006fa8        0x8 /Applications/STM32CubeIDE.app/Contents/Eclipse/plugins/com.st.stm32cube.ide.mcu.externaltools.gnu-tools-for-stm32.14.3.rel1.macosaarch64_1.0.0.202602081740/tools/bin/../lib/gcc/arm-none-eabi/14.3.1/thumb/v7e-m+fp/hard/crtn.o
 *(.fini)
 .fini          0x08006fb0        0x4 /Applications/STM32CubeIDE.app/Contents/Eclipse/plugins/com.st.stm32cube.ide.mcu.externaltools.gnu-tools-for-stm32.14.3.rel1.macosaarch64_1.0.0.202602081740/tools/bin/../lib/gcc/arm-none-eabi/14.3.1/thumb/v7e-m+fp/hard/crti.o
                0x08006fb0                _fini
 .fini          0x08006fb4        0x8 /Applications/STM32CubeIDE.app/Contents/Eclipse/plugins/com.st.stm32cube.ide.mcu.externaltools.gnu-tools-for-stm32.14.3.rel1.macosaarch64_1.0.0.202602081740/tools/bin/../lib/gcc/arm-none-eabi/14.3.1/thumb/v7e-m+fp/hard/crtn.o
                0x08006fbc                        . = ALIGN (0x4)
                0x08006fbc                        _etext = .

.vfp11_veneer   0x08006fbc        0x0
 .vfp11_veneer  0x08006fbc        0x0 linker stubs

.v4_bx          0x08006fbc        0x0
 .v4_bx         0x08006fbc        0x0 linker stubs

.iplt           0x08006fbc        0x0
 .iplt          0x08006fbc        0x0 /Applications/STM32CubeIDE.app/Contents/Eclipse/plugins/com.st.stm32cube.ide.mcu.externaltools.gnu-tools-for-stm32.14.3.rel1.macosaarch64_1.0.0.202602081740/tools/bin/../lib/gcc/arm-none-eabi/14.3.1/thumb/v7e-m+fp/hard/crtbegin.o

.rodata         0x08006fbc       0xa4
                0x08006fbc                        . = ALIGN (0x4)
 *(.rodata)
 .rodata        0x08006fbc       0x4c ./Core/Src/BNO085/sh2.o
 .rodata        0x08007008        0x8 ./Core/Src/BNO085/shtp.o
 *(.rodata*)
 .rodata.getProdIdOp
                0x08007010        0xc ./Core/Src/BNO085/sh2.o
                0x08007010                getProdIdOp
 .rodata.setSensorConfigOp
                0x0800701c        0xc ./Core/Src/BNO085/sh2.o
                0x0800701c                setSensorConfigOp
 .rodata.advertise
                0x08007028        0x2 ./Core/Src/BNO085/shtp.o
 *fill*         0x0800702a        0x2 
 .rodata.AHBPrescTable
                0x0800702c       0x10 ./Core/Src/system_stm32g4xx.o
                0x0800702c                AHBPrescTable
 .rodata.APBPrescTable
                0x0800703c        0x8 ./Core/Src/system_stm32g4xx.o
                0x0800703c                APBPrescTable
 .rodata.BUTTON_EXTI_LINE.2
                0x08007044        0x4 ./Drivers/BSP/STM32G4xx_Nucleo/stm32g4xx_nucleo.o
 .rodata.UARTPrescTable
                0x08007048       0x18 ./Drivers/STM32G4xx_HAL_Driver/Src/stm32g4xx_hal_uart.o
                0x08007048                UARTPrescTable
                0x08007060                        . = ALIGN (0x4)

.ARM.extab      0x08007060        0x0
                0x08007060                        . = ALIGN (0x4)
 *(.ARM.extab* .gnu.linkonce.armextab.*)
                0x08007060                        . = ALIGN (0x4)

.ARM            0x08007060        0x8
                0x08007060                        . = ALIGN (0x4)
                0x08007060                        __exidx_start = .
 *(.ARM.exidx*)
 .ARM.exidx     0x08007060        0x8 /Applications/STM32CubeIDE.app/Contents/Eclipse/plugins/com.st.stm32cube.ide.mcu.externaltools.gnu-tools-for-stm32.14.3.rel1.macosaarch64_1.0.0.202602081740/tools/bin/../lib/gcc/arm-none-eabi/14.3.1/../../../../arm-none-eabi/lib/thumb/v7e-m+fp/hard/libc_nano.a(libc_a-strcmp.o)
 .ARM.exidx     0x08007068        0x0 /Applications/STM32CubeIDE.app/Contents/Eclipse/plugins/com.st.stm32cube.ide.mcu.externaltools.gnu-tools-for-stm32.14.3.rel1.macosaarch64_1.0.0.202602081740/tools/bin/../lib/gcc/arm-none-eabi/14.3.1/../../../../arm-none-eabi/lib/thumb/v7e-m+fp/hard/libc_nano.a(libc_a-strlen.o)
                                  0x8 (size before relaxing)
 .ARM.exidx     0x08007068        0x0 /Applications/STM32CubeIDE.app/Contents/Eclipse/plugins/com.st.stm32cube.ide.mcu.externaltools.gnu-tools-for-stm32.14.3.rel1.macosaarch64_1.0.0.202602081740/tools/bin/../lib/gcc/arm-none-eabi/14.3.1/thumb/v7e-m+fp/hard/libgcc.a(_udivmoddi4.o)
                                  0x8 (size before relaxing)
                0x08007068                        __exidx_end = .
                0x08007068                        . = ALIGN (0x4)

.preinit_array  0x08007068        0x0
                0x08007068                        . = ALIGN (0x4)
                0x08007068                        PROVIDE (__preinit_array_start = .)
 *(.preinit_array*)
                0x08007068                        PROVIDE (__preinit_array_end = .)
                0x08007068                        . = ALIGN (0x4)

.init_array     0x08007068        0x4
                0x08007068                        . = ALIGN (0x4)
                0x08007068                        PROVIDE (__init_array_start = .)
 *(SORT_BY_NAME(.init_array.*))
 *(.init_array*)
 .init_array    0x08007068        0x4 /Applications/STM32CubeIDE.app/Contents/Eclipse/plugins/com.st.stm32cube.ide.mcu.externaltools.gnu-tools-for-stm32.14.3.rel1.macosaarch64_1.0.0.202602081740/tools/bin/../lib/gcc/arm-none-eabi/14.3.1/thumb/v7e-m+fp/hard/crtbegin.o
                0x0800706c                        PROVIDE (__init_array_end = .)
                0x0800706c                        . = ALIGN (0x4)

.fini_array     0x0800706c        0x4
                0x0800706c                        . = ALIGN (0x4)
                [!provide]                        PROVIDE (__fini_array_start = .)
 *(SORT_BY_NAME(.fini_array.*))
 *(.fini_array*)
 .fini_array    0x0800706c        0x4 /Applications/STM32CubeIDE.app/Contents/Eclipse/plugins/com.st.stm32cube.ide.mcu.externaltools.gnu-tools-for-stm32.14.3.rel1.macosaarch64_1.0.0.202602081740/tools/bin/../lib/gcc/arm-none-eabi/14.3.1/thumb/v7e-m+fp/hard/crtbegin.o
                [!provide]                        PROVIDE (__fini_array_end = .)
                0x08007070                        . = ALIGN (0x4)
                0x08007070                        _sidata = LOADADDR (.data)

.rel.dyn        0x08007070        0x0
 .rel.iplt      0x08007070        0x0 /Applications/STM32CubeIDE.app/Contents/Eclipse/plugins/com.st.stm32cube.ide.mcu.externaltools.gnu-tools-for-stm32.14.3.rel1.macosaarch64_1.0.0.202602081740/tools/bin/../lib/gcc/arm-none-eabi/14.3.1/thumb/v7e-m+fp/hard/crtbegin.o

.data           0x20000000       0xc8 load address 0x08007070
                0x20000000                        . = ALIGN (0x4)
                0x20000000                        _sdata = .
 *(.data)
 *(.data*)
 .data.bno085_dbg
                0x20000000       0xa8 ./Core/Src/BNO085/ceva_bno085.o
                0x20000000                bno085_dbg
 .data.SystemCoreClock
                0x200000a8        0x4 ./Core/Src/system_stm32g4xx.o
                0x200000a8                SystemCoreClock
 .data.LED_PORT
                0x200000ac        0x4 ./Drivers/BSP/STM32G4xx_Nucleo/stm32g4xx_nucleo.o
 .data.BUTTON_PORT
                0x200000b0        0x4 ./Drivers/BSP/STM32G4xx_Nucleo/stm32g4xx_nucleo.o
 .data.COM_USART
                0x200000b4        0x4 ./Drivers/BSP/STM32G4xx_Nucleo/stm32g4xx_nucleo.o
 .data.ButtonCallback.1
                0x200000b8        0x4 ./Drivers/BSP/STM32G4xx_Nucleo/stm32g4xx_nucleo.o
 .data.BSP_BUTTON_PRIO.0
                0x200000bc        0x4 ./Drivers/BSP/STM32G4xx_Nucleo/stm32g4xx_nucleo.o
 .data.uwTickPrio
                0x200000c0        0x4 ./Drivers/STM32G4xx_HAL_Driver/Src/stm32g4xx_hal.o
                0x200000c0                uwTickPrio
 .data.uwTickFreq
                0x200000c4        0x4 ./Drivers/STM32G4xx_HAL_Driver/Src/stm32g4xx_hal.o
                0x200000c4                uwTickFreq
 *(.RamFunc)
 *(.RamFunc*)
                0x200000c8                        . = ALIGN (0x4)
                0x200000c8                        _edata = .

.igot.plt       0x200000c8        0x0 load address 0x08007138
 .igot.plt      0x200000c8        0x0 /Applications/STM32CubeIDE.app/Contents/Eclipse/plugins/com.st.stm32cube.ide.mcu.externaltools.gnu-tools-for-stm32.14.3.rel1.macosaarch64_1.0.0.202602081740/tools/bin/../lib/gcc/arm-none-eabi/14.3.1/thumb/v7e-m+fp/hard/crtbegin.o
                0x200000c8                        . = ALIGN (0x4)

.bss            0x200000c8      0xedc load address 0x08007138
                0x200000c8                        _sbss = .
                0x200000c8                        __bss_start__ = _sbss
 *(.bss)
 .bss           0x200000c8       0x1c /Applications/STM32CubeIDE.app/Contents/Eclipse/plugins/com.st.stm32cube.ide.mcu.externaltools.gnu-tools-for-stm32.14.3.rel1.macosaarch64_1.0.0.202602081740/tools/bin/../lib/gcc/arm-none-eabi/14.3.1/thumb/v7e-m+fp/hard/crtbegin.o
 *(.bss*)
 .bss.sh2_hal   0x200000e4       0x14 ./Core/Src/BNO085/ceva_bno085.o
 .bss.product_ids
                0x200000f8       0x54 ./Core/Src/BNO085/ceva_bno085.o
 .bss.tx_zeros  0x2000014c      0x180 ./Core/Src/BNO085/ceva_bno085.o
 .bss.rx_discard
                0x200002cc      0x100 ./Core/Src/BNO085/ceva_bno085.o
 .bss.sh2_is_open
                0x200003cc        0x1 ./Core/Src/BNO085/ceva_bno085.o
 .bss.stream_enabled
                0x200003cd        0x1 ./Core/Src/BNO085/ceva_bno085.o
 *fill*         0x200003ce        0x2 
 .bss.bno085_cmd
                0x200003d0        0x4 ./Core/Src/BNO085/ceva_bno085.o
                0x200003d0                bno085_cmd
 .bss._sh2      0x200003d4      0x1fc ./Core/Src/BNO085/sh2.o
                0x200003d4                _sh2
 .bss.sh2AsyncEvent
                0x200005d0       0x1c ./Core/Src/BNO085/sh2.o
 .bss.lastHostInt.1
                0x200005ec        0x4 ./Core/Src/BNO085/sh2.o
 .bss.rollovers.0
                0x200005f0        0x4 ./Core/Src/BNO085/sh2.o
 .bss.instances
                0x200005f4      0x834 ./Core/Src/BNO085/shtp.o
 .bss.shtp_initialized
                0x20000e28        0x1 ./Core/Src/BNO085/shtp.o
 *fill*         0x20000e29        0x3 
 .bss.BspCOMInit
                0x20000e2c       0x10 ./Core/Src/main.o
                0x20000e2c                BspCOMInit
 .bss.hfdcan1   0x20000e3c       0x64 ./Core/Src/main.o
                0x20000e3c                hfdcan1
 .bss.hspi2     0x20000ea0       0x64 ./Core/Src/main.o
                0x20000ea0                hspi2
 .bss.hpb_exti  0x20000f04        0x8 ./Drivers/BSP/STM32G4xx_Nucleo/stm32g4xx_nucleo.o
                0x20000f04                hpb_exti
 .bss.hcom_uart
                0x20000f0c       0x94 ./Drivers/BSP/STM32G4xx_Nucleo/stm32g4xx_nucleo.o
                0x20000f0c                hcom_uart
 .bss.uwTick    0x20000fa0        0x4 ./Drivers/STM32G4xx_HAL_Driver/Src/stm32g4xx_hal.o
                0x20000fa0                uwTick
 *(COMMON)
                0x20000fa4                        . = ALIGN (0x4)
                0x20000fa4                        _ebss = .
                0x20000fa4                        __bss_end__ = _ebss

._user_heap_stack
                0x20000fa4     0x1804 load address 0x08007138
                0x20000fa8                        . = ALIGN (0x8)
 *fill*         0x20000fa4        0x4 
                [!provide]                        PROVIDE (end = .)
                0x20000fa8                        PROVIDE (_end = .)
                0x200017a8                        . = (. + _Min_Heap_Size)
 *fill*         0x20000fa8      0x800 
                0x200027a8                        . = (. + _Min_Stack_Size)
 *fill*         0x200017a8     0x1000 
                0x200027a8                        . = ALIGN (0x8)

/DISCARD/
 libc.a(*)
 libm.a(*)
 libgcc.a(*)

.ARM.attributes
                0x00000000       0x30
 *(.ARM.attributes)
 .ARM.attributes
                0x00000000       0x22 /Applications/STM32CubeIDE.app/Contents/Eclipse/plugins/com.st.stm32cube.ide.mcu.externaltools.gnu-tools-for-stm32.14.3.rel1.macosaarch64_1.0.0.202602081740/tools/bin/../lib/gcc/arm-none-eabi/14.3.1/thumb/v7e-m+fp/hard/crti.o
 .ARM.attributes
                0x00000022       0x34 /Applications/STM32CubeIDE.app/Contents/Eclipse/plugins/com.st.stm32cube.ide.mcu.externaltools.gnu-tools-for-stm32.14.3.rel1.macosaarch64_1.0.0.202602081740/tools/bin/../lib/gcc/arm-none-eabi/14.3.1/thumb/v7e-m+fp/hard/crtbegin.o
 .ARM.attributes
                0x00000056       0x34 ./Core/Src/BNO085/ceva_bno085.o
 .ARM.attributes
                0x0000008a       0x34 ./Core/Src/BNO085/sh2.o
 .ARM.attributes
                0x000000be       0x34 ./Core/Src/BNO085/sh2_SensorValue.o
 .ARM.attributes
                0x000000f2       0x34 ./Core/Src/BNO085/sh2_util.o
 .ARM.attributes
                0x00000126       0x34 ./Core/Src/BNO085/shtp.o
 .ARM.attributes
                0x0000015a       0x34 ./Core/Src/main.o
 .ARM.attributes
                0x0000018e       0x34 ./Core/Src/stm32g4xx_hal_msp.o
 .ARM.attributes
                0x000001c2       0x34 ./Core/Src/stm32g4xx_it.o
 .ARM.attributes
                0x000001f6       0x34 ./Core/Src/system_stm32g4xx.o
 .ARM.attributes
                0x0000022a       0x21 ./Core/Startup/startup_stm32g431rbtx.o
 .ARM.attributes
                0x0000024b       0x34 ./Drivers/BSP/STM32G4xx_Nucleo/stm32g4xx_nucleo.o
 .ARM.attributes
                0x0000027f       0x34 ./Drivers/STM32G4xx_HAL_Driver/Src/stm32g4xx_hal.o
 .ARM.attributes
                0x000002b3       0x34 ./Drivers/STM32G4xx_HAL_Driver/Src/stm32g4xx_hal_cortex.o
 .ARM.attributes
                0x000002e7       0x34 ./Drivers/STM32G4xx_HAL_Driver/Src/stm32g4xx_hal_exti.o
 .ARM.attributes
                0x0000031b       0x34 ./Drivers/STM32G4xx_HAL_Driver/Src/stm32g4xx_hal_fdcan.o
 .ARM.attributes
                0x0000034f       0x34 ./Drivers/STM32G4xx_HAL_Driver/Src/stm32g4xx_hal_gpio.o
 .ARM.attributes
                0x00000383       0x34 ./Drivers/STM32G4xx_HAL_Driver/Src/stm32g4xx_hal_pwr_ex.o
 .ARM.attributes
                0x000003b7       0x34 ./Drivers/STM32G4xx_HAL_Driver/Src/stm32g4xx_hal_rcc.o
 .ARM.attributes
                0x000003eb       0x34 ./Drivers/STM32G4xx_HAL_Driver/Src/stm32g4xx_hal_rcc_ex.o
 .ARM.attributes
                0x0000041f       0x34 ./Drivers/STM32G4xx_HAL_Driver/Src/stm32g4xx_hal_spi.o
 .ARM.attributes
                0x00000453       0x34 ./Drivers/STM32G4xx_HAL_Driver/Src/stm32g4xx_hal_uart.o
 .ARM.attributes
                0x00000487       0x34 /Applications/STM32CubeIDE.app/Contents/Eclipse/plugins/com.st.stm32cube.ide.mcu.externaltools.gnu-tools-for-stm32.14.3.rel1.macosaarch64_1.0.0.202602081740/tools/bin/../lib/gcc/arm-none-eabi/14.3.1/../../../../arm-none-eabi/lib/thumb/v7e-m+fp/hard/libc_nano.a(libc_a-memset.o)
 .ARM.attributes
                0x000004bb       0x34 /Applications/STM32CubeIDE.app/Contents/Eclipse/plugins/com.st.stm32cube.ide.mcu.externaltools.gnu-tools-for-stm32.14.3.rel1.macosaarch64_1.0.0.202602081740/tools/bin/../lib/gcc/arm-none-eabi/14.3.1/../../../../arm-none-eabi/lib/thumb/v7e-m+fp/hard/libc_nano.a(libc_a-init.o)
 .ARM.attributes
                0x000004ef       0x20 /Applications/STM32CubeIDE.app/Contents/Eclipse/plugins/com.st.stm32cube.ide.mcu.externaltools.gnu-tools-for-stm32.14.3.rel1.macosaarch64_1.0.0.202602081740/tools/bin/../lib/gcc/arm-none-eabi/14.3.1/../../../../arm-none-eabi/lib/thumb/v7e-m+fp/hard/libc_nano.a(libc_a-strcmp.o)
 .ARM.attributes
                0x0000050f       0x34 /Applications/STM32CubeIDE.app/Contents/Eclipse/plugins/com.st.stm32cube.ide.mcu.externaltools.gnu-tools-for-stm32.14.3.rel1.macosaarch64_1.0.0.202602081740/tools/bin/../lib/gcc/arm-none-eabi/14.3.1/../../../../arm-none-eabi/lib/thumb/v7e-m+fp/hard/libc_nano.a(libc_a-strcpy.o)
 .ARM.attributes
                0x00000543       0x34 /Applications/STM32CubeIDE.app/Contents/Eclipse/plugins/com.st.stm32cube.ide.mcu.externaltools.gnu-tools-for-stm32.14.3.rel1.macosaarch64_1.0.0.202602081740/tools/bin/../lib/gcc/arm-none-eabi/14.3.1/../../../../arm-none-eabi/lib/thumb/v7e-m+fp/hard/libc_nano.a(libc_a-memcpy-stub.o)
 .ARM.attributes
                0x00000577       0x17 /Applications/STM32CubeIDE.app/Contents/Eclipse/plugins/com.st.stm32cube.ide.mcu.externaltools.gnu-tools-for-stm32.14.3.rel1.macosaarch64_1.0.0.202602081740/tools/bin/../lib/gcc/arm-none-eabi/14.3.1/../../../../arm-none-eabi/lib/thumb/v7e-m+fp/hard/libc_nano.a(libc_a-strlen.o)
 .ARM.attributes
                0x0000058e       0x22 /Applications/STM32CubeIDE.app/Contents/Eclipse/plugins/com.st.stm32cube.ide.mcu.externaltools.gnu-tools-for-stm32.14.3.rel1.macosaarch64_1.0.0.202602081740/tools/bin/../lib/gcc/arm-none-eabi/14.3.1/thumb/v7e-m+fp/hard/libgcc.a(_aeabi_uldivmod.o)
 .ARM.attributes
                0x000005b0       0x34 /Applications/STM32CubeIDE.app/Contents/Eclipse/plugins/com.st.stm32cube.ide.mcu.externaltools.gnu-tools-for-stm32.14.3.rel1.macosaarch64_1.0.0.202602081740/tools/bin/../lib/gcc/arm-none-eabi/14.3.1/thumb/v7e-m+fp/hard/libgcc.a(_udivmoddi4.o)
 .ARM.attributes
                0x000005e4       0x22 /Applications/STM32CubeIDE.app/Contents/Eclipse/plugins/com.st.stm32cube.ide.mcu.externaltools.gnu-tools-for-stm32.14.3.rel1.macosaarch64_1.0.0.202602081740/tools/bin/../lib/gcc/arm-none-eabi/14.3.1/thumb/v7e-m+fp/hard/libgcc.a(_dvmd_tls.o)
 .ARM.attributes
                0x00000606       0x22 /Applications/STM32CubeIDE.app/Contents/Eclipse/plugins/com.st.stm32cube.ide.mcu.externaltools.gnu-tools-for-stm32.14.3.rel1.macosaarch64_1.0.0.202602081740/tools/bin/../lib/gcc/arm-none-eabi/14.3.1/thumb/v7e-m+fp/hard/crtn.o
OUTPUT(bottom-can.elf elf32-littlearm)
LOAD linker stubs
LOAD /Applications/STM32CubeIDE.app/Contents/Eclipse/plugins/com.st.stm32cube.ide.mcu.externaltools.gnu-tools-for-stm32.14.3.rel1.macosaarch64_1.0.0.202602081740/tools/bin/../lib/gcc/arm-none-eabi/14.3.1/../../../../arm-none-eabi/lib/thumb/v7e-m+fp/hard/libc.a
LOAD /Applications/STM32CubeIDE.app/Contents/Eclipse/plugins/com.st.stm32cube.ide.mcu.externaltools.gnu-tools-for-stm32.14.3.rel1.macosaarch64_1.0.0.202602081740/tools/bin/../lib/gcc/arm-none-eabi/14.3.1/../../../../arm-none-eabi/lib/thumb/v7e-m+fp/hard/libm.a
LOAD /Applications/STM32CubeIDE.app/Contents/Eclipse/plugins/com.st.stm32cube.ide.mcu.externaltools.gnu-tools-for-stm32.14.3.rel1.macosaarch64_1.0.0.202602081740/tools/bin/../lib/gcc/arm-none-eabi/14.3.1/thumb/v7e-m+fp/hard/libgcc.a

.debug_info     0x00000000    0x17ca6
 .debug_info    0x00000000     0x1f96 ./Core/Src/BNO085/ceva_bno085.o
 .debug_info    0x00001f96     0x313b ./Core/Src/BNO085/sh2.o
 .debug_info    0x000050d1     0x1521 ./Core/Src/BNO085/sh2_SensorValue.o
 .debug_info    0x000065f2      0x35f ./Core/Src/BNO085/sh2_util.o
 .debug_info    0x00006951     0x1083 ./Core/Src/BNO085/shtp.o
 .debug_info    0x000079d4     0x1555 ./Core/Src/main.o
 .debug_info    0x00008f29     0x11a0 ./Core/Src/stm32g4xx_hal_msp.o
 .debug_info    0x0000a0c9      0x11a ./Core/Src/stm32g4xx_it.o
 .debug_info    0x0000a1e3      0x58e ./Core/Src/system_stm32g4xx.o
 .debug_info    0x0000a771       0x30 ./Core/Startup/startup_stm32g431rbtx.o
 .debug_info    0x0000a7a1     0x16a8 ./Drivers/BSP/STM32G4xx_Nucleo/stm32g4xx_nucleo.o
 .debug_info    0x0000be49      0xadb ./Drivers/STM32G4xx_HAL_Driver/Src/stm32g4xx_hal.o
 .debug_info    0x0000c924      0xd3f ./Drivers/STM32G4xx_HAL_Driver/Src/stm32g4xx_hal_cortex.o
 .debug_info    0x0000d663      0x65f ./Drivers/STM32G4xx_HAL_Driver/Src/stm32g4xx_hal_exti.o
 .debug_info    0x0000dcc2     0x189b ./Drivers/STM32G4xx_HAL_Driver/Src/stm32g4xx_hal_fdcan.o
 .debug_info    0x0000f55d      0x772 ./Drivers/STM32G4xx_HAL_Driver/Src/stm32g4xx_hal_gpio.o
 .debug_info    0x0000fccf      0x944 ./Drivers/STM32G4xx_HAL_Driver/Src/stm32g4xx_hal_pwr_ex.o
 .debug_info    0x00010613      0xb9b ./Drivers/STM32G4xx_HAL_Driver/Src/stm32g4xx_hal_rcc.o
 .debug_info    0x000111ae      0xc2d ./Drivers/STM32G4xx_HAL_Driver/Src/stm32g4xx_hal_rcc_ex.o
 .debug_info    0x00011ddb     0x1677 ./Drivers/STM32G4xx_HAL_Driver/Src/stm32g4xx_hal_spi.o
 .debug_info    0x00013452     0x4854 ./Drivers/STM32G4xx_HAL_Driver/Src/stm32g4xx_hal_uart.o

.debug_abbrev   0x00000000     0x2e4a
 .debug_abbrev  0x00000000      0x407 ./Core/Src/BNO085/ceva_bno085.o
 .debug_abbrev  0x00000407      0x36d ./Core/Src/BNO085/sh2.o
 .debug_abbrev  0x00000774      0x220 ./Core/Src/BNO085/sh2_SensorValue.o
 .debug_abbrev  0x00000994       0xd8 ./Core/Src/BNO085/sh2_util.o
 .debug_abbrev  0x00000a6c      0x2df ./Core/Src/BNO085/shtp.o
 .debug_abbrev  0x00000d4b      0x2c2 ./Core/Src/main.o
 .debug_abbrev  0x0000100d      0x1e3 ./Core/Src/stm32g4xx_hal_msp.o
 .debug_abbrev  0x000011f0       0x73 ./Core/Src/stm32g4xx_it.o
 .debug_abbrev  0x00001263      0x11a ./Core/Src/system_stm32g4xx.o
 .debug_abbrev  0x0000137d       0x24 ./Core/Startup/startup_stm32g431rbtx.o
 .debug_abbrev  0x000013a1      0x2fb ./Drivers/BSP/STM32G4xx_Nucleo/stm32g4xx_nucleo.o
 .debug_abbrev  0x0000169c      0x271 ./Drivers/STM32G4xx_HAL_Driver/Src/stm32g4xx_hal.o
 .debug_abbrev  0x0000190d      0x31c ./Drivers/STM32G4xx_HAL_Driver/Src/stm32g4xx_hal_cortex.o
 .debug_abbrev  0x00001c29      0x1b1 ./Drivers/STM32G4xx_HAL_Driver/Src/stm32g4xx_hal_exti.o
 .debug_abbrev  0x00001dda      0x1e7 ./Drivers/STM32G4xx_HAL_Driver/Src/stm32g4xx_hal_fdcan.o
 .debug_abbrev  0x00001fc1      0x1d2 ./Drivers/STM32G4xx_HAL_Driver/Src/stm32g4xx_hal_gpio.o
 .debug_abbrev  0x00002193      0x22c ./Drivers/STM32G4xx_HAL_Driver/Src/stm32g4xx_hal_pwr_ex.o
 .debug_abbrev  0x000023bf      0x2c9 ./Drivers/STM32G4xx_HAL_Driver/Src/stm32g4xx_hal_rcc.o
 .debug_abbrev  0x00002688      0x261 ./Drivers/STM32G4xx_HAL_Driver/Src/stm32g4xx_hal_rcc_ex.o
 .debug_abbrev  0x000028e9      0x25d ./Drivers/STM32G4xx_HAL_Driver/Src/stm32g4xx_hal_spi.o
 .debug_abbrev  0x00002b46      0x304 ./Drivers/STM32G4xx_HAL_Driver/Src/stm32g4xx_hal_uart.o

.debug_aranges  0x00000000     0x1420
 .debug_aranges
                0x00000000       0xd8 ./Core/Src/BNO085/ceva_bno085.o
 .debug_aranges
                0x000000d8      0x2c0 ./Core/Src/BNO085/sh2.o
 .debug_aranges
                0x00000398      0x150 ./Core/Src/BNO085/sh2_SensorValue.o
 .debug_aranges
                0x000004e8       0x78 ./Core/Src/BNO085/sh2_util.o
 .debug_aranges
                0x00000560       0xd0 ./Core/Src/BNO085/shtp.o
 .debug_aranges
                0x00000630       0x60 ./Core/Src/main.o
 .debug_aranges
                0x00000690       0x40 ./Core/Src/stm32g4xx_hal_msp.o
 .debug_aranges
                0x000006d0       0x60 ./Core/Src/stm32g4xx_it.o
 .debug_aranges
                0x00000730       0x28 ./Core/Src/system_stm32g4xx.o
 .debug_aranges
                0x00000758       0x28 ./Core/Startup/startup_stm32g431rbtx.o
 .debug_aranges
                0x00000780       0xc8 ./Drivers/BSP/STM32G4xx_Nucleo/stm32g4xx_nucleo.o
 .debug_aranges
                0x00000848      0x148 ./Drivers/STM32G4xx_HAL_Driver/Src/stm32g4xx_hal.o
 .debug_aranges
                0x00000990      0x128 ./Drivers/STM32G4xx_HAL_Driver/Src/stm32g4xx_hal_cortex.o
 .debug_aranges
                0x00000ab8       0x60 ./Drivers/STM32G4xx_HAL_Driver/Src/stm32g4xx_hal_exti.o
 .debug_aranges
                0x00000b18      0x208 ./Drivers/STM32G4xx_HAL_Driver/Src/stm32g4xx_hal_fdcan.o
 .debug_aranges
                0x00000d20       0x58 ./Drivers/STM32G4xx_HAL_Driver/Src/stm32g4xx_hal_gpio.o
 .debug_aranges
                0x00000d78      0x140 ./Drivers/STM32G4xx_HAL_Driver/Src/stm32g4xx_hal_pwr_ex.o
 .debug_aranges
                0x00000eb8       0x98 ./Drivers/STM32G4xx_HAL_Driver/Src/stm32g4xx_hal_rcc.o
 .debug_aranges
                0x00000f50       0xb0 ./Drivers/STM32G4xx_HAL_Driver/Src/stm32g4xx_hal_rcc_ex.o
 .debug_aranges
                0x00001000      0x1d8 ./Drivers/STM32G4xx_HAL_Driver/Src/stm32g4xx_hal_spi.o
 .debug_aranges
                0x000011d8      0x248 ./Drivers/STM32G4xx_HAL_Driver/Src/stm32g4xx_hal_uart.o

.debug_rnglists
                0x00000000      0xf7a
 .debug_rnglists
                0x00000000       0xa1 ./Core/Src/BNO085/ceva_bno085.o
 .debug_rnglists
                0x000000a1      0x21e ./Core/Src/BNO085/sh2.o
 .debug_rnglists
                0x000002bf      0x105 ./Core/Src/BNO085/sh2_SensorValue.o
 .debug_rnglists
                0x000003c4       0x55 ./Core/Src/BNO085/sh2_util.o
 .debug_rnglists
                0x00000419       0xad ./Core/Src/BNO085/shtp.o
 .debug_rnglists
                0x000004c6       0x46 ./Core/Src/main.o
 .debug_rnglists
                0x0000050c       0x2d ./Core/Src/stm32g4xx_hal_msp.o
 .debug_rnglists
                0x00000539       0x43 ./Core/Src/stm32g4xx_it.o
 .debug_rnglists
                0x0000057c       0x1a ./Core/Src/system_stm32g4xx.o
 .debug_rnglists
                0x00000596       0x19 ./Core/Startup/startup_stm32g431rbtx.o
 .debug_rnglists
                0x000005af       0x93 ./Drivers/BSP/STM32G4xx_Nucleo/stm32g4xx_nucleo.o
 .debug_rnglists
                0x00000642       0xf1 ./Drivers/STM32G4xx_HAL_Driver/Src/stm32g4xx_hal.o
 .debug_rnglists
                0x00000733       0xda ./Drivers/STM32G4xx_HAL_Driver/Src/stm32g4xx_hal_cortex.o
 .debug_rnglists
                0x0000080d       0x46 ./Drivers/STM32G4xx_HAL_Driver/Src/stm32g4xx_hal_exti.o
 .debug_rnglists
                0x00000853      0x18d ./Drivers/STM32G4xx_HAL_Driver/Src/stm32g4xx_hal_fdcan.o
 .debug_rnglists
                0x000009e0       0x3f ./Drivers/STM32G4xx_HAL_Driver/Src/stm32g4xx_hal_gpio.o
 .debug_rnglists
                0x00000a1f       0xf1 ./Drivers/STM32G4xx_HAL_Driver/Src/stm32g4xx_hal_pwr_ex.o
 .debug_rnglists
                0x00000b10       0x74 ./Drivers/STM32G4xx_HAL_Driver/Src/stm32g4xx_hal_rcc.o
 .debug_rnglists
                0x00000b84       0x87 ./Drivers/STM32G4xx_HAL_Driver/Src/stm32g4xx_hal_rcc_ex.o
 .debug_rnglists
                0x00000c0b      0x178 ./Drivers/STM32G4xx_HAL_Driver/Src/stm32g4xx_hal_spi.o
 .debug_rnglists
                0x00000d83      0x1f7 ./Drivers/STM32G4xx_HAL_Driver/Src/stm32g4xx_hal_uart.o

.debug_macro    0x00000000    0x1f0ee
 .debug_macro   0x00000000      0x38e ./Core/Src/BNO085/ceva_bno085.o
 .debug_macro   0x0000038e      0xade ./Core/Src/BNO085/ceva_bno085.o
 .debug_macro   0x00000e6c       0x22 ./Core/Src/BNO085/ceva_bno085.o
 .debug_macro   0x00000e8e       0x8e ./Core/Src/BNO085/ceva_bno085.o
 .debug_macro   0x00000f1c       0x51 ./Core/Src/BNO085/ceva_bno085.o
 .debug_macro   0x00000f6d      0x103 ./Core/Src/BNO085/ceva_bno085.o
 .debug_macro   0x00001070       0x6a ./Core/Src/BNO085/ceva_bno085.o
 .debug_macro   0x000010da      0x1df ./Core/Src/BNO085/ceva_bno085.o
 .debug_macro   0x000012b9       0x22 ./Core/Src/BNO085/ceva_bno085.o
 .debug_macro   0x000012db       0x28 ./Core/Src/BNO085/ceva_bno085.o
 .debug_macro   0x00001303      0x22b ./Core/Src/BNO085/ceva_bno085.o
 .debug_macro   0x0000152e       0x61 ./Core/Src/BNO085/ceva_bno085.o
 .debug_macro   0x0000158f       0x2a ./Core/Src/BNO085/ceva_bno085.o
 .debug_macro   0x000015b9       0x43 ./Core/Src/BNO085/ceva_bno085.o
 .debug_macro   0x000015fc       0x34 ./Core/Src/BNO085/ceva_bno085.o
 .debug_macro   0x00001630      0x190 ./Core/Src/BNO085/ceva_bno085.o
 .debug_macro   0x000017c0      0x364 ./Core/Src/BNO085/ceva_bno085.o
 .debug_macro   0x00001b24       0x16 ./Core/Src/BNO085/ceva_bno085.o
 .debug_macro   0x00001b3a       0x4a ./Core/Src/BNO085/ceva_bno085.o
 .debug_macro   0x00001b84       0x34 ./Core/Src/BNO085/ceva_bno085.o
 .debug_macro   0x00001bb8       0x10 ./Core/Src/BNO085/ceva_bno085.o
 .debug_macro   0x00001bc8       0x58 ./Core/Src/BNO085/ceva_bno085.o
 .debug_macro   0x00001c20       0x8e ./Core/Src/BNO085/ceva_bno085.o
 .debug_macro   0x00001cae       0x1c ./Core/Src/BNO085/ceva_bno085.o
 .debug_macro   0x00001cca      0x17e ./Core/Src/BNO085/ceva_bno085.o
 .debug_macro   0x00001e48       0x10 ./Core/Src/BNO085/ceva_bno085.o
 .debug_macro   0x00001e58       0x3c ./Core/Src/BNO085/ceva_bno085.o
 .debug_macro   0x00001e94       0x20 ./Core/Src/BNO085/ceva_bno085.o
 .debug_macro   0x00001eb4      0x161 ./Core/Src/BNO085/ceva_bno085.o
 .debug_macro   0x00002015       0x2e ./Core/Src/BNO085/ceva_bno085.o
 .debug_macro   0x00002043       0x28 ./Core/Src/BNO085/ceva_bno085.o
 .debug_macro   0x0000206b       0x1c ./Core/Src/BNO085/ceva_bno085.o
 .debug_macro   0x00002087       0x22 ./Core/Src/BNO085/ceva_bno085.o
 .debug_macro   0x000020a9       0xfb ./Core/Src/BNO085/ceva_bno085.o
 .debug_macro   0x000021a4     0x1011 ./Core/Src/BNO085/ceva_bno085.o
 .debug_macro   0x000031b5      0x11f ./Core/Src/BNO085/ceva_bno085.o
 .debug_macro   0x000032d4    0x1138f ./Core/Src/BNO085/ceva_bno085.o
 .debug_macro   0x00014663       0x6d ./Core/Src/BNO085/ceva_bno085.o
 .debug_macro   0x000146d0     0x3558 ./Core/Src/BNO085/ceva_bno085.o
 .debug_macro   0x00017c28       0x56 ./Core/Src/BNO085/ceva_bno085.o
 .debug_macro   0x00017c7e     0x141d ./Core/Src/BNO085/ceva_bno085.o
 .debug_macro   0x0001909b      0x535 ./Core/Src/BNO085/ceva_bno085.o
 .debug_macro   0x000195d0      0x1b6 ./Core/Src/BNO085/ceva_bno085.o
 .debug_macro   0x00019786      0x288 ./Core/Src/BNO085/ceva_bno085.o
 .debug_macro   0x00019a0e      0x41d ./Core/Src/BNO085/ceva_bno085.o
 .debug_macro   0x00019e2b      0x18b ./Core/Src/BNO085/ceva_bno085.o
 .debug_macro   0x00019fb6       0x43 ./Core/Src/BNO085/ceva_bno085.o
 .debug_macro   0x00019ff9      0x23d ./Core/Src/BNO085/ceva_bno085.o
 .debug_macro   0x0001a236      0x211 ./Core/Src/BNO085/ceva_bno085.o
 .debug_macro   0x0001a447      0x6bd ./Core/Src/BNO085/ceva_bno085.o
 .debug_macro   0x0001ab04      0x401 ./Core/Src/BNO085/ceva_bno085.o
 .debug_macro   0x0001af05      0x107 ./Core/Src/BNO085/ceva_bno085.o
 .debug_macro   0x0001b00c      0x122 ./Core/Src/BNO085/ceva_bno085.o
 .debug_macro   0x0001b12e      0x3d1 ./Core/Src/BNO085/ceva_bno085.o
 .debug_macro   0x0001b4ff      0x2fe ./Core/Src/BNO085/ceva_bno085.o
 .debug_macro   0x0001b7fd      0x693 ./Core/Src/BNO085/ceva_bno085.o
 .debug_macro   0x0001be90       0xa6 ./Core/Src/BNO085/ceva_bno085.o
 .debug_macro   0x0001bf36      0x306 ./Core/Src/BNO085/ceva_bno085.o
 .debug_macro   0x0001c23c       0x52 ./Core/Src/BNO085/ceva_bno085.o
 .debug_macro   0x0001c28e       0x22 ./Core/Src/BNO085/ceva_bno085.o
 .debug_macro   0x0001c2b0      0x100 ./Core/Src/BNO085/ceva_bno085.o
 .debug_macro   0x0001c3b0       0x1c ./Core/Src/BNO085/ceva_bno085.o
 .debug_macro   0x0001c3cc       0x10 ./Core/Src/BNO085/ceva_bno085.o
 .debug_macro   0x0001c3dc       0x1c ./Core/Src/BNO085/ceva_bno085.o
 .debug_macro   0x0001c3f8       0x16 ./Core/Src/BNO085/ceva_bno085.o
 .debug_macro   0x0001c40e      0x146 ./Core/Src/BNO085/ceva_bno085.o
 .debug_macro   0x0001c554       0xac ./Core/Src/BNO085/ceva_bno085.o
 .debug_macro   0x0001c600       0xc7 ./Core/Src/BNO085/ceva_bno085.o
 .debug_macro   0x0001c6c7       0x34 ./Core/Src/BNO085/ceva_bno085.o
 .debug_macro   0x0001c6fb      0x39d ./Core/Src/BNO085/sh2.o
 .debug_macro   0x0001ca98       0x52 ./Core/Src/BNO085/sh2.o
 .debug_macro   0x0001caea       0x10 ./Core/Src/BNO085/sh2.o
 .debug_macro   0x0001cafa       0xab ./Core/Src/BNO085/sh2_SensorValue.o
 .debug_macro   0x0001cba5       0xc1 ./Core/Src/BNO085/sh2_SensorValue.o
 .debug_macro   0x0001cc66       0x73 ./Core/Src/BNO085/sh2_util.o
 .debug_macro   0x0001ccd9      0x1b8 ./Core/Src/BNO085/shtp.o
 .debug_macro   0x0001ce91       0x4c ./Core/Src/BNO085/shtp.o
 .debug_macro   0x0001cedd      0x30c ./Core/Src/main.o
 .debug_macro   0x0001d1e9       0x5c ./Core/Src/main.o
 .debug_macro   0x0001d245       0x16 ./Core/Src/main.o
 .debug_macro   0x0001d25b       0x16 ./Core/Src/main.o
 .debug_macro   0x0001d271      0x2e1 ./Core/Src/stm32g4xx_hal_msp.o
 .debug_macro   0x0001d552      0x2eb ./Core/Src/stm32g4xx_it.o
 .debug_macro   0x0001d83d      0x1d9 ./Core/Src/system_stm32g4xx.o
 .debug_macro   0x0001da16      0x206 ./Drivers/BSP/STM32G4xx_Nucleo/stm32g4xx_nucleo.o
 .debug_macro   0x0001dc1c       0x1c ./Drivers/BSP/STM32G4xx_Nucleo/stm32g4xx_nucleo.o
 .debug_macro   0x0001dc38      0x227 ./Drivers/STM32G4xx_HAL_Driver/Src/stm32g4xx_hal.o
 .debug_macro   0x0001de5f      0x1d9 ./Drivers/STM32G4xx_HAL_Driver/Src/stm32g4xx_hal_cortex.o
 .debug_macro   0x0001e038      0x1e5 ./Drivers/STM32G4xx_HAL_Driver/Src/stm32g4xx_hal_exti.o
 .debug_macro   0x0001e21d      0x2eb ./Drivers/STM32G4xx_HAL_Driver/Src/stm32g4xx_hal_fdcan.o
 .debug_macro   0x0001e508      0x1e0 ./Drivers/STM32G4xx_HAL_Driver/Src/stm32g4xx_hal_gpio.o
 .debug_macro   0x0001e6e8      0x203 ./Drivers/STM32G4xx_HAL_Driver/Src/stm32g4xx_hal_pwr_ex.o
 .debug_macro   0x0001e8eb      0x21b ./Drivers/STM32G4xx_HAL_Driver/Src/stm32g4xx_hal_rcc.o
 .debug_macro   0x0001eb06      0x203 ./Drivers/STM32G4xx_HAL_Driver/Src/stm32g4xx_hal_rcc_ex.o
 .debug_macro   0x0001ed09      0x1e1 ./Drivers/STM32G4xx_HAL_Driver/Src/stm32g4xx_hal_spi.o
 .debug_macro   0x0001eeea      0x204 ./Drivers/STM32G4xx_HAL_Driver/Src/stm32g4xx_hal_uart.o

.debug_line     0x00000000    0x144f5
 .debug_line    0x00000000      0xf3f ./Core/Src/BNO085/ceva_bno085.o
 .debug_line    0x00000f3f     0x19dc ./Core/Src/BNO085/sh2.o
 .debug_line    0x0000291b      0xe67 ./Core/Src/BNO085/sh2_SensorValue.o
 .debug_line    0x00003782      0x5ae ./Core/Src/BNO085/sh2_util.o
 .debug_line    0x00003d30      0xcda ./Core/Src/BNO085/shtp.o
 .debug_line    0x00004a0a      0xaed ./Core/Src/main.o
 .debug_line    0x000054f7      0x99d ./Core/Src/stm32g4xx_hal_msp.o
 .debug_line    0x00005e94      0x999 ./Core/Src/stm32g4xx_it.o
 .debug_line    0x0000682d      0x790 ./Core/Src/system_stm32g4xx.o
 .debug_line    0x00006fbd       0x7b ./Core/Startup/startup_stm32g431rbtx.o
 .debug_line    0x00007038      0xabe ./Drivers/BSP/STM32G4xx_Nucleo/stm32g4xx_nucleo.o
 .debug_line    0x00007af6      0xb5f ./Drivers/STM32G4xx_HAL_Driver/Src/stm32g4xx_hal.o
 .debug_line    0x00008655      0xcc1 ./Drivers/STM32G4xx_HAL_Driver/Src/stm32g4xx_hal_cortex.o
 .debug_line    0x00009316      0xa9c ./Drivers/STM32G4xx_HAL_Driver/Src/stm32g4xx_hal_exti.o
 .debug_line    0x00009db2     0x18b6 ./Drivers/STM32G4xx_HAL_Driver/Src/stm32g4xx_hal_fdcan.o
 .debug_line    0x0000b668      0xb48 ./Drivers/STM32G4xx_HAL_Driver/Src/stm32g4xx_hal_gpio.o
 .debug_line    0x0000c1b0      0xcbb ./Drivers/STM32G4xx_HAL_Driver/Src/stm32g4xx_hal_pwr_ex.o
 .debug_line    0x0000ce6b      0xfdf ./Drivers/STM32G4xx_HAL_Driver/Src/stm32g4xx_hal_rcc.o
 .debug_line    0x0000de4a     0x110c ./Drivers/STM32G4xx_HAL_Driver/Src/stm32g4xx_hal_rcc_ex.o
 .debug_line    0x0000ef56     0x200a ./Drivers/STM32G4xx_HAL_Driver/Src/stm32g4xx_hal_spi.o
 .debug_line    0x00010f60     0x3595 ./Drivers/STM32G4xx_HAL_Driver/Src/stm32g4xx_hal_uart.o

.debug_str      0x00000000    0xc2c55
 .debug_str     0x00000000    0xc2c55 ./Core/Src/BNO085/ceva_bno085.o
                              0xbbd29 (size before relaxing)
 .debug_str     0x000c2c55     0x9fee ./Core/Src/BNO085/sh2.o
 .debug_str     0x000c2c55     0x5cb6 ./Core/Src/BNO085/sh2_SensorValue.o
 .debug_str     0x000c2c55     0x3e9d ./Core/Src/BNO085/sh2_util.o
 .debug_str     0x000c2c55     0x7bfb ./Core/Src/BNO085/shtp.o
 .debug_str     0x000c2c55    0xbad3c ./Core/Src/main.o
 .debug_str     0x000c2c55    0xb9f1b ./Core/Src/stm32g4xx_hal_msp.o
 .debug_str     0x000c2c55    0xb939c ./Core/Src/stm32g4xx_it.o
 .debug_str     0x000c2c55    0xb5353 ./Core/Src/system_stm32g4xx.o
 .debug_str     0x000c2c55       0x6c ./Core/Startup/startup_stm32g431rbtx.o
 .debug_str     0x000c2c55    0xb6a62 ./Drivers/BSP/STM32G4xx_Nucleo/stm32g4xx_nucleo.o
 .debug_str     0x000c2c55    0xb5e92 ./Drivers/STM32G4xx_HAL_Driver/Src/stm32g4xx_hal.o
 .debug_str     0x000c2c55    0xb5b4e ./Drivers/STM32G4xx_HAL_Driver/Src/stm32g4xx_hal_cortex.o
 .debug_str     0x000c2c55    0xb53ed ./Drivers/STM32G4xx_HAL_Driver/Src/stm32g4xx_hal_exti.o
 .debug_str     0x000c2c55    0xb68fa ./Drivers/STM32G4xx_HAL_Driver/Src/stm32g4xx_hal_fdcan.o
 .debug_str     0x000c2c55    0xb54de ./Drivers/STM32G4xx_HAL_Driver/Src/stm32g4xx_hal_gpio.o
 .debug_str     0x000c2c55    0xb5841 ./Drivers/STM32G4xx_HAL_Driver/Src/stm32g4xx_hal_pwr_ex.o
 .debug_str     0x000c2c55    0xb5a4c ./Drivers/STM32G4xx_HAL_Driver/Src/stm32g4xx_hal_rcc.o
 .debug_str     0x000c2c55    0xb5a4d ./Drivers/STM32G4xx_HAL_Driver/Src/stm32g4xx_hal_rcc_ex.o
 .debug_str     0x000c2c55    0xb5c85 ./Drivers/STM32G4xx_HAL_Driver/Src/stm32g4xx_hal_spi.o
 .debug_str     0x000c2c55    0xb630e ./Drivers/STM32G4xx_HAL_Driver/Src/stm32g4xx_hal_uart.o

.comment        0x00000000       0x43
 .comment       0x00000000       0x43 ./Core/Src/BNO085/ceva_bno085.o
                                 0x44 (size before relaxing)
 .comment       0x00000043       0x44 ./Core/Src/BNO085/sh2.o
 .comment       0x00000043       0x44 ./Core/Src/BNO085/sh2_SensorValue.o
 .comment       0x00000043       0x44 ./Core/Src/BNO085/sh2_util.o
 .comment       0x00000043       0x44 ./Core/Src/BNO085/shtp.o
 .comment       0x00000043       0x44 ./Core/Src/main.o
 .comment       0x00000043       0x44 ./Core/Src/stm32g4xx_hal_msp.o
 .comment       0x00000043       0x44 ./Core/Src/stm32g4xx_it.o
 .comment       0x00000043       0x44 ./Core/Src/system_stm32g4xx.o
 .comment       0x00000043       0x44 ./Drivers/BSP/STM32G4xx_Nucleo/stm32g4xx_nucleo.o
 .comment       0x00000043       0x44 ./Drivers/STM32G4xx_HAL_Driver/Src/stm32g4xx_hal.o
 .comment       0x00000043       0x44 ./Drivers/STM32G4xx_HAL_Driver/Src/stm32g4xx_hal_cortex.o
 .comment       0x00000043       0x44 ./Drivers/STM32G4xx_HAL_Driver/Src/stm32g4xx_hal_exti.o
 .comment       0x00000043       0x44 ./Drivers/STM32G4xx_HAL_Driver/Src/stm32g4xx_hal_fdcan.o
 .comment       0x00000043       0x44 ./Drivers/STM32G4xx_HAL_Driver/Src/stm32g4xx_hal_gpio.o
 .comment       0x00000043       0x44 ./Drivers/STM32G4xx_HAL_Driver/Src/stm32g4xx_hal_pwr_ex.o
 .comment       0x00000043       0x44 ./Drivers/STM32G4xx_HAL_Driver/Src/stm32g4xx_hal_rcc.o
 .comment       0x00000043       0x44 ./Drivers/STM32G4xx_HAL_Driver/Src/stm32g4xx_hal_rcc_ex.o
 .comment       0x00000043       0x44 ./Drivers/STM32G4xx_HAL_Driver/Src/stm32g4xx_hal_spi.o
 .comment       0x00000043       0x44 ./Drivers/STM32G4xx_HAL_Driver/Src/stm32g4xx_hal_uart.o

.debug_frame    0x00000000     0x5140
 .debug_frame   0x00000000      0x348 ./Core/Src/BNO085/ceva_bno085.o
 .debug_frame   0x00000348      0xc2c ./Core/Src/BNO085/sh2.o
 .debug_frame   0x00000f74      0x590 ./Core/Src/BNO085/sh2_SensorValue.o
 .debug_frame   0x00001504      0x1c0 ./Core/Src/BNO085/sh2_util.o
 .debug_frame   0x000016c4      0x35c ./Core/Src/BNO085/shtp.o
 .debug_frame   0x00001a20      0x130 ./Core/Src/main.o
 .debug_frame   0x00001b50       0xc4 ./Core/Src/stm32g4xx_hal_msp.o
 .debug_frame   0x00001c14       0xf8 ./Core/Src/stm32g4xx_it.o
 .debug_frame   0x00001d0c       0x50 ./Core/Src/system_stm32g4xx.o
 .debug_frame   0x00001d5c      0x308 ./Drivers/BSP/STM32G4xx_Nucleo/stm32g4xx_nucleo.o
 .debug_frame   0x00002064      0x480 ./Drivers/STM32G4xx_HAL_Driver/Src/stm32g4xx_hal.o
 .debug_frame   0x000024e4      0x49c ./Drivers/STM32G4xx_HAL_Driver/Src/stm32g4xx_hal_cortex.o
 .debug_frame   0x00002980      0x154 ./Drivers/STM32G4xx_HAL_Driver/Src/stm32g4xx_hal_exti.o
 .debug_frame   0x00002ad4      0x8d0 ./Drivers/STM32G4xx_HAL_Driver/Src/stm32g4xx_hal_fdcan.o
 .debug_frame   0x000033a4      0x130 ./Drivers/STM32G4xx_HAL_Driver/Src/stm32g4xx_hal_gpio.o
 .debug_frame   0x000034d4      0x46c ./Drivers/STM32G4xx_HAL_Driver/Src/stm32g4xx_hal_pwr_ex.o
 .debug_frame   0x00003940      0x218 ./Drivers/STM32G4xx_HAL_Driver/Src/stm32g4xx_hal_rcc.o
 .debug_frame   0x00003b58      0x27c ./Drivers/STM32G4xx_HAL_Driver/Src/stm32g4xx_hal_rcc_ex.o
 .debug_frame   0x00003dd4      0x820 ./Drivers/STM32G4xx_HAL_Driver/Src/stm32g4xx_hal_spi.o
 .debug_frame   0x000045f4      0xa18 ./Drivers/STM32G4xx_HAL_Driver/Src/stm32g4xx_hal_uart.o
 .debug_frame   0x0000500c       0x20 /Applications/STM32CubeIDE.app/Contents/Eclipse/plugins/com.st.stm32cube.ide.mcu.externaltools.gnu-tools-for-stm32.14.3.rel1.macosaarch64_1.0.0.202602081740/tools/bin/../lib/gcc/arm-none-eabi/14.3.1/../../../../arm-none-eabi/lib/thumb/v7e-m+fp/hard/libc_nano.a(libc_a-memset.o)
 .debug_frame   0x0000502c       0x2c /Applications/STM32CubeIDE.app/Contents/Eclipse/plugins/com.st.stm32cube.ide.mcu.externaltools.gnu-tools-for-stm32.14.3.rel1.macosaarch64_1.0.0.202602081740/tools/bin/../lib/gcc/arm-none-eabi/14.3.1/../../../../arm-none-eabi/lib/thumb/v7e-m+fp/hard/libc_nano.a(libc_a-init.o)
 .debug_frame   0x00005058       0x20 /Applications/STM32CubeIDE.app/Contents/Eclipse/plugins/com.st.stm32cube.ide.mcu.externaltools.gnu-tools-for-stm32.14.3.rel1.macosaarch64_1.0.0.202602081740/tools/bin/../lib/gcc/arm-none-eabi/14.3.1/../../../../arm-none-eabi/lib/thumb/v7e-m+fp/hard/libc_nano.a(libc_a-strcmp.o)
 .debug_frame   0x00005078       0x20 /Applications/STM32CubeIDE.app/Contents/Eclipse/plugins/com.st.stm32cube.ide.mcu.externaltools.gnu-tools-for-stm32.14.3.rel1.macosaarch64_1.0.0.202602081740/tools/bin/../lib/gcc/arm-none-eabi/14.3.1/../../../../arm-none-eabi/lib/thumb/v7e-m+fp/hard/libc_nano.a(libc_a-strcpy.o)
 .debug_frame   0x00005098       0x28 /Applications/STM32CubeIDE.app/Contents/Eclipse/plugins/com.st.stm32cube.ide.mcu.externaltools.gnu-tools-for-stm32.14.3.rel1.macosaarch64_1.0.0.202602081740/tools/bin/../lib/gcc/arm-none-eabi/14.3.1/../../../../arm-none-eabi/lib/thumb/v7e-m+fp/hard/libc_nano.a(libc_a-memcpy-stub.o)
 .debug_frame   0x000050c0       0x20 /Applications/STM32CubeIDE.app/Contents/Eclipse/plugins/com.st.stm32cube.ide.mcu.externaltools.gnu-tools-for-stm32.14.3.rel1.macosaarch64_1.0.0.202602081740/tools/bin/../lib/gcc/arm-none-eabi/14.3.1/../../../../arm-none-eabi/lib/thumb/v7e-m+fp/hard/libc_nano.a(libc_a-strlen.o)
 .debug_frame   0x000050e0       0x2c /Applications/STM32CubeIDE.app/Contents/Eclipse/plugins/com.st.stm32cube.ide.mcu.externaltools.gnu-tools-for-stm32.14.3.rel1.macosaarch64_1.0.0.202602081740/tools/bin/../lib/gcc/arm-none-eabi/14.3.1/thumb/v7e-m+fp/hard/libgcc.a(_aeabi_uldivmod.o)
 .debug_frame   0x0000510c       0x34 /Applications/STM32CubeIDE.app/Contents/Eclipse/plugins/com.st.stm32cube.ide.mcu.externaltools.gnu-tools-for-stm32.14.3.rel1.macosaarch64_1.0.0.202602081740/tools/bin/../lib/gcc/arm-none-eabi/14.3.1/thumb/v7e-m+fp/hard/libgcc.a(_udivmoddi4.o)

.debug_line_str
                0x00000000       0x50
 .debug_line_str
                0x00000000       0x50 ./Core/Startup/startup_stm32g431rbtx.o
