../Core/Src/BNO085/ceva_bno085.c:52:13:csn	16	static
../Core/Src/BNO085/ceva_bno085.c:58:13:rstn	16	static
../Core/Src/BNO085/ceva_bno085.c:64:17:time_us	8	static
../Core/Src/BNO085/ceva_bno085.c:69:13:int_asserted	8	static
../Core/Src/BNO085/ceva_bno085.c:74:13:update_io_debug	8	static
../Core/Src/BNO085/ceva_bno085.c:81:13:wait_for_int	16	static
../Core/Src/BNO085/ceva_bno085.c:97:13:tick_due	16	static
../Core/Src/BNO085/ceva_bno085.c:102:13:auto_schedule	16	static
../Core/Src/BNO085/ceva_bno085.c:108:13:hardware_reset	8	static
../Core/Src/BNO085/ceva_bno085.c:122:13:update_packet_debug	24	static
../Core/Src/BNO085/ceva_bno085.c:158:13:spi_read_bytes	32	static
../Core/Src/BNO085/ceva_bno085.c:175:13:spi_write_bytes	32	static
../Core/Src/BNO085/ceva_bno085.c:192:12:hal_open	16	static
../Core/Src/BNO085/ceva_bno085.c:199:13:hal_close	16	static
../Core/Src/BNO085/ceva_bno085.c:210:12:hal_read	32	static
../Core/Src/BNO085/ceva_bno085.c:256:12:hal_write	24	static
../Core/Src/BNO085/ceva_bno085.c:278:17:hal_get_time_us	16	static
../Core/Src/BNO085/ceva_bno085.c:285:14:clamp_float	24	static
../Core/Src/BNO085/ceva_bno085.c:297:13:update_euler_from_quat	48	static
../Core/Src/BNO085/ceva_bno085.c:311:13:event_callback	16	static
../Core/Src/BNO085/ceva_bno085.c:326:13:sensor_callback	64	static
../Core/Src/BNO085/ceva_bno085.c:359:16:enable_report	40	static
../Core/Src/BNO085/ceva_bno085.c:368:16:enable_reports	16	static
../Core/Src/BNO085/ceva_bno085.c:380:13:run_command	24	static
../Core/Src/BNO085/ceva_bno085.c:438:13:run_auto_startup	8	static
../Core/Src/BNO085/ceva_bno085.c:505:6:CEVA_BNO085_Init	8	static
../Core/Src/BNO085/ceva_bno085.c:528:6:CEVA_BNO085_Service	16	static
../Core/Src/BNO085/ceva_bno085.c:548:6:CEVA_BNO085_EXTI_Callback	16	static
../Core/Src/BNO085/ceva_bno085.c:553:6:CEVA_BNO085_SPI_TxRxCpltCallback	16	static
../Core/Src/BNO085/ceva_bno085.c:558:6:CEVA_BNO085_SPI_ErrorCallback	16	static
