../Core/Src/main.c:79:5:main	8	static
../Core/Src/main.c:147:6:SystemClock_Config	88	static
../Core/Src/main.c:194:13:MX_FDCAN1_Init	8	static
../Core/Src/main.c:237:13:MX_SPI2_Init	8	static
../Core/Src/main.c:277:13:MX_GPIO_Init	48	static
../Core/Src/main.c:318:16:clamp_i16	16	static
../Core/Src/main.c:330:16:scale_i16	24	static
../Core/Src/main.c:343:13:put_i16_be	32	static
../Core/Src/main.c:351:16:read_limit_bits	16	static
../Core/Src/main.c:363:26:bottom_can_send	56	static
../Core/Src/main.c:384:13:Bottom_CAN_Init	8	static
../Core/Src/main.c:393:13:Bottom_CAN_Service	32	static
../Core/Src/main.c:428:6:HAL_GPIO_EXTI_Callback	16	static
../Core/Src/main.c:433:6:HAL_SPI_TxRxCpltCallback	16	static
../Core/Src/main.c:438:6:HAL_SPI_ErrorCallback	16	static
../Core/Src/main.c:449:6:Error_Handler	4	static,ignoring_inline_asm
